Component: ARM Compiler 5.06 update 6 (build 750) Tool: armlink [4d35ed]

==============================================================================

Section Cross References

    startup_stm32f10x_hd.o(RESET) refers to startup_stm32f10x_hd.o(STACK) for __initial_sp
    startup_stm32f10x_hd.o(RESET) refers to startup_stm32f10x_hd.o(.text) for Reset_Handler
    startup_stm32f10x_hd.o(RESET) refers to stm32f10x_it.o(i.NMI_Handler) for NMI_Handler
    startup_stm32f10x_hd.o(RESET) refers to context_rvds.o(.text) for HardFault_Handler
    startup_stm32f10x_hd.o(RESET) refers to stm32f10x_it.o(i.MemManage_Handler) for MemManage_Handler
    startup_stm32f10x_hd.o(RESET) refers to stm32f10x_it.o(i.BusFault_Handler) for BusFault_Handler
    startup_stm32f10x_hd.o(RESET) refers to stm32f10x_it.o(i.UsageFault_Handler) for UsageFault_Handler
    startup_stm32f10x_hd.o(RESET) refers to stm32f10x_it.o(i.SVC_Handler) for SVC_Handler
    startup_stm32f10x_hd.o(RESET) refers to stm32f10x_it.o(i.DebugMon_Handler) for DebugMon_Handler
    startup_stm32f10x_hd.o(RESET) refers to board.o(i.SysTick_Handler) for SysTick_Handler
    startup_stm32f10x_hd.o(.text) refers to system_stm32f10x.o(i.SystemInit) for SystemInit
    startup_stm32f10x_hd.o(.text) refers to entry.o(.ARM.Collect$$$$00000000) for __main
    system_stm32f10x.o(i.SystemCoreClockUpdate) refers to system_stm32f10x.o(.data) for .data
    system_stm32f10x.o(i.SystemInit) refers to system_stm32f10x.o(i.SetSysClockTo72) for SetSysClockTo72
    stm32f10x_adc.o(i.ADC_DeInit) refers to stm32f10x_rcc.o(i.RCC_APB2PeriphResetCmd) for RCC_APB2PeriphResetCmd
    stm32f10x_bkp.o(i.BKP_DeInit) refers to stm32f10x_rcc.o(i.RCC_BackupResetCmd) for RCC_BackupResetCmd
    stm32f10x_can.o(i.CAN_DeInit) refers to stm32f10x_rcc.o(i.RCC_APB1PeriphResetCmd) for RCC_APB1PeriphResetCmd
    stm32f10x_can.o(i.CAN_GetITStatus) refers to stm32f10x_can.o(i.CheckITStatus) for CheckITStatus
    stm32f10x_cec.o(i.CEC_DeInit) refers to stm32f10x_rcc.o(i.RCC_APB1PeriphResetCmd) for RCC_APB1PeriphResetCmd
    stm32f10x_dac.o(i.DAC_DeInit) refers to stm32f10x_rcc.o(i.RCC_APB1PeriphResetCmd) for RCC_APB1PeriphResetCmd
    stm32f10x_flash.o(i.FLASH_EnableWriteProtection) refers to stm32f10x_flash.o(i.FLASH_WaitForLastOperation) for FLASH_WaitForLastOperation
    stm32f10x_flash.o(i.FLASH_EraseAllBank1Pages) refers to stm32f10x_flash.o(i.FLASH_WaitForLastBank1Operation) for FLASH_WaitForLastBank1Operation
    stm32f10x_flash.o(i.FLASH_EraseAllPages) refers to stm32f10x_flash.o(i.FLASH_WaitForLastOperation) for FLASH_WaitForLastOperation
    stm32f10x_flash.o(i.FLASH_EraseOptionBytes) refers to stm32f10x_flash.o(i.FLASH_GetReadOutProtectionStatus) for FLASH_GetReadOutProtectionStatus
    stm32f10x_flash.o(i.FLASH_EraseOptionBytes) refers to stm32f10x_flash.o(i.FLASH_WaitForLastOperation) for FLASH_WaitForLastOperation
    stm32f10x_flash.o(i.FLASH_ErasePage) refers to stm32f10x_flash.o(i.FLASH_WaitForLastOperation) for FLASH_WaitForLastOperation
    stm32f10x_flash.o(i.FLASH_ProgramHalfWord) refers to stm32f10x_flash.o(i.FLASH_WaitForLastOperation) for FLASH_WaitForLastOperation
    stm32f10x_flash.o(i.FLASH_ProgramOptionByteData) refers to stm32f10x_flash.o(i.FLASH_WaitForLastOperation) for FLASH_WaitForLastOperation
    stm32f10x_flash.o(i.FLASH_ProgramWord) refers to stm32f10x_flash.o(i.FLASH_WaitForLastOperation) for FLASH_WaitForLastOperation
    stm32f10x_flash.o(i.FLASH_ReadOutProtection) refers to stm32f10x_flash.o(i.FLASH_WaitForLastOperation) for FLASH_WaitForLastOperation
    stm32f10x_flash.o(i.FLASH_UserOptionByteConfig) refers to stm32f10x_flash.o(i.FLASH_WaitForLastOperation) for FLASH_WaitForLastOperation
    stm32f10x_flash.o(i.FLASH_WaitForLastBank1Operation) refers to stm32f10x_flash.o(i.FLASH_GetBank1Status) for FLASH_GetBank1Status
    stm32f10x_flash.o(i.FLASH_WaitForLastOperation) refers to stm32f10x_flash.o(i.FLASH_GetBank1Status) for FLASH_GetBank1Status
    stm32f10x_gpio.o(i.GPIO_AFIODeInit) refers to stm32f10x_rcc.o(i.RCC_APB2PeriphResetCmd) for RCC_APB2PeriphResetCmd
    stm32f10x_gpio.o(i.GPIO_DeInit) refers to stm32f10x_rcc.o(i.RCC_APB2PeriphResetCmd) for RCC_APB2PeriphResetCmd
    stm32f10x_i2c.o(i.I2C_DeInit) refers to stm32f10x_rcc.o(i.RCC_APB1PeriphResetCmd) for RCC_APB1PeriphResetCmd
    stm32f10x_i2c.o(i.I2C_Init) refers to stm32f10x_rcc.o(i.RCC_GetClocksFreq) for RCC_GetClocksFreq
    stm32f10x_pwr.o(i.PWR_DeInit) refers to stm32f10x_rcc.o(i.RCC_APB1PeriphResetCmd) for RCC_APB1PeriphResetCmd
    stm32f10x_rcc.o(i.RCC_GetClocksFreq) refers to stm32f10x_rcc.o(.data) for .data
    stm32f10x_rcc.o(i.RCC_WaitForHSEStartUp) refers to stm32f10x_rcc.o(i.RCC_GetFlagStatus) for RCC_GetFlagStatus
    stm32f10x_rtc.o(i.RTC_SetAlarm) refers to stm32f10x_rtc.o(i.RTC_EnterConfigMode) for RTC_EnterConfigMode
    stm32f10x_rtc.o(i.RTC_SetAlarm) refers to stm32f10x_rtc.o(i.RTC_ExitConfigMode) for RTC_ExitConfigMode
[...]
    i.USART_GetFlagStatus                    0x08000666   Section        0  stm32f10x_usart.o(i.USART_GetFlagStatus)
    i.USART_Init                             0x08000674   Section        0  stm32f10x_usart.o(i.USART_Init)
    i.USART_ReceiveData                      0x08000720   Section        0  stm32f10x_usart.o(i.USART_ReceiveData)
    i.USART_SendData                         0x08000728   Section        0  stm32f10x_usart.o(i.USART_SendData)
    i.UsageFault_Handler                     0x08000730   Section        0  stm32f10x_it.o(i.UsageFault_Handler)
    i.__rt_ffs                               0x08000734   Section        0  kservice.o(i.__rt_ffs)
    i.__scatterload_copy                     0x08000778   Section       14  handlers.o(i.__scatterload_copy)
    i.__scatterload_null                     0x08000786   Section        2  handlers.o(i.__scatterload_null)
    i.__scatterload_zeroinit                 0x08000788   Section       14  handlers.o(i.__scatterload_zeroinit)
    i._msh_exec_cmd                          0x08000798   Section        0  msh.o(i._msh_exec_cmd)
    _msh_exec_cmd                            0x08000799   Thumb Code   142  msh.o(i._msh_exec_cmd)
    i._rt_thread_init                        0x08000838   Section        0  thread.o(i._rt_thread_init)
    _rt_thread_init                          0x08000839   Thumb Code   118  thread.o(i._rt_thread_init)
    i._rt_timer_init                         0x080008bc   Section        0  timer.o(i._rt_timer_init)
    _rt_timer_init                           0x080008bd   Thumb Code    38  timer.o(i._rt_timer_init)
    i._rt_timer_remove                       0x080008e2   Section        0  timer.o(i._rt_timer_remove)
    _rt_timer_remove                         0x080008e3   Thumb Code    24  timer.o(i._rt_timer_remove)
    i._thread_cleanup_execute                0x080008fa   Section        0  thread.o(i._thread_cleanup_execute)
    _thread_cleanup_execute                  0x080008fb   Thumb Code    28  thread.o(i._thread_cleanup_execute)
    i.bus_fault_track                        0x08000918   Section        0  cpuport.o(i.bus_fault_track)
    bus_fault_track                          0x08000919   Thumb Code   110  cpuport.o(i.bus_fault_track)
    i.cmd_free                               0x08000a00   Section        0  msh.o(i.cmd_free)
    i.cmd_ps                                 0x08000a0a   Section        0  msh.o(i.cmd_ps)
    i.finsh_get_prompt                       0x08000a14   Section        0  shell.o(i.finsh_get_prompt)
    i.finsh_set_prompt_mode                  0x08000a74   Section        0  shell.o(i.finsh_set_prompt_mode)
    i.finsh_system_function_init             0x08000a88   Section        0  shell.o(i.finsh_system_function_init)
    i.finsh_system_init                      0x08000a94   Section        0  shell.o(i.finsh_system_init)
    i.finsh_thread_entry                     0x08000b28   Section        0  shell.o(i.finsh_thread_entry)
    i.hard_fault_track                       0x08000db4   Section        0  cpuport.o(i.hard_fault_track)
    hard_fault_track                         0x08000db5   Thumb Code    76  cpuport.o(i.hard_fault_track)
    i.hello                                  0x08000e2c   Section        0  cmd.o(i.hello)
    i.list                                   0x08000e4c   Section        0  cmd.o(i.list)
    i.list_event                             0x08000eb0   Section        0  cmd.o(i.list_event)
    i.list_find_init                         0x08000fe0   Section        0  cmd.o(i.list_find_init)
    list_find_init                           0x08000fe1   Thumb Code    36  cmd.o(i.list_find_init)
    i.list_get_next                          0x08001004   Section        0  cmd.o(i.list_get_next)
    list_get_next                            0x08001005   Thumb Code   106  cmd.o(i.list_get_next)
    i.list_mailbox                           0x08001070   Section        0  cmd.o(i.list_mailbox)
    i.list_mem                               0x080011b0   Section        0  mem.o(i.list_mem)
    i.list_msgqueue                          0x0800121c   Section        0  cmd.o(i.list_msgqueue)
    i.list_mutex                             0x08001348   Section        0  cmd.o(i.list_mutex)
    i.list_sem                               0x08001440   Section        0  cmd.o(i.list_sem)
    i.list_thread                            0x08001560   Section        0  cmd.o(i.list_thread)
    i.list_timer                             0x08001718   Section        0  cmd.o(i.list_timer)
    i.main                                   0x08001858   Section        0  main.o(i.main)
    i.main_thread_entry                      0x08001894   Section        0  components.o(i.main_thread_entry)
    i.mem_manage_fault_track                 0x080018a4   Section        0  cpuport.o(i.mem_manage_fault_track)
    mem_manage_fault_track                   0x080018a5   Thumb Code    98  cpuport.o(i.mem_manage_fault_track)
    i.msh_auto_complete                      0x0800197c   Section        0  msh.o(i.msh_auto_complete)
    i.msh_exec                               0x08001a28   Section        0  msh.o(i.msh_exec)
    i.msh_help                               0x08001a8c   Section        0  msh.o(i.msh_help)
    i.msh_is_used                            0x08001b04   Section        0  msh.o(i.msh_is_used)
    i.msh_split                              0x08001b08   Section        0  msh.o(i.msh_split)
    msh_split                                0x08001b09   Thumb Code   170  msh.o(i.msh_split)
    i.object_split                           0x08001bd8   Section        0  cmd.o(i.object_split)
    object_split                             0x08001bd9   Thumb Code    18  cmd.o(i.object_split)
    i.plug_holes                             0x08001bf0   Section        0  mem.o(i.plug_holes)
    plug_holes                               0x08001bf1   Thumb Code    82  mem.o(i.plug_holes)
    i.print_number                           0x08001c48   Section        0  kservice.o(i.print_number)
    print_number                             0x08001c49   Thumb Code   294  kservice.o(i.print_number)
    i.rt_application_init                    0x08001d74   Section        0  components.o(i.rt_application_init)
    i.rt_calloc                              0x08001da0   Section        0  mem.o(i.rt_calloc)
    i.rt_components_board_init               0x08001dbc   Section        0  components.o(i.rt_components_board_init)
    i.rt_components_init                     0x08001dd8   Section        0  components.o(i.rt_components_init)
    i.rt_enter_critical                      0x08001df4   Section        0  scheduler.o(i.rt_enter_critical)
    i.rt_exit_critical                       0x08001e10   Section        0  scheduler.o(i.rt_exit_critical)
    i.rt_free                                0x08001e48   Section        0  mem.o(i.rt_free)
    i.rt_heap_begin_get                      0x08001f10   Section        0  board.o(i.rt_heap_begin_get)
    i.rt_heap_end_get                        0x08001f18   Section        0  board.o(i.rt_heap_end_get)
    i.rt_hw_board_init                       0x08001f20   Section        0  board.o(i.rt_hw_board_init)
    i.rt_hw_console_getchar                  0x08001f78   Section        0  finsh_port.o(i.rt_hw_console_getchar)
    i.rt_hw_console_output                   0x08001fbc   Section        0  board.o(i.rt_hw_console_output)
    i.rt_hw_hard_fault_exception             0x08002008   Section        0  cpuport.o(i.rt_hw_hard_fault_exception)
    i.rt_hw_stack_init                       0x08002204   Section        0  cpuport.o(i.rt_hw_stack_init)
    i.rt_interrupt_enter                     0x08002240   Section        0  irq.o(i.rt_interrupt_enter)
    i.rt_interrupt_leave                     0x08002264   Section        0  irq.o(i.rt_interrupt_leave)
    i.rt_ipc_list_resume                     0x08002288   Section        0  ipc.o(i.rt_ipc_list_resume)
    rt_ipc_list_resume                       0x08002289   Thumb Code    14  ipc.o(i.rt_ipc_list_resume)
    i.rt_ipc_list_suspend                    0x08002296   Section        0  ipc.o(i.rt_ipc_list_suspend)
    rt_ipc_list_suspend                      0x08002297   Thumb Code    80  ipc.o(i.rt_ipc_list_suspend)
    i.rt_kprintf                             0x080022e8   Section        0  kservice.o(i.rt_kprintf)
    i.rt_list_insert_after                   0x08002308   Section        0  object.o(i.rt_list_insert_after)
    rt_list_insert_after                     0x08002309   Thumb Code    14  object.o(i.rt_list_insert_after)
    i.rt_list_insert_after                   0x08002316   Section        0  thread.o(i.rt_list_insert_after)
    rt_list_insert_after                     0x08002317   Thumb Code    14  thread.o(i.rt_list_insert_after)
    i.rt_list_insert_after                   0x08002324   Section        0  timer.o(i.rt_list_insert_after)
    rt_list_insert_after                     0x08002325   Thumb Code    14  timer.o(i.rt_list_insert_after)
    i.rt_list_insert_before                  0x08002332   Section        0  ipc.o(i.rt_list_insert_before)
    rt_list_insert_before                    0x08002333   Thumb Code    14  ipc.o(i.rt_list_insert_before)
    i.rt_list_isempty                        0x08002340   Section        0  ipc.o(i.rt_list_isempty)
    rt_list_isempty                          0x08002341   Thumb Code    14  ipc.o(i.rt_list_isempty)
    i.rt_list_isempty                        0x0800234e   Section        0  timer.o(i.rt_list_isempty)
    rt_list_isempty                          0x0800234f   Thumb Code    14  timer.o(i.rt_list_isempty)
    i.rt_list_isempty                        0x0800235c   Section        0  cmd.o(i.rt_list_isempty)
    rt_list_isempty                          0x0800235d   Thumb Code    14  cmd.o(i.rt_list_isempty)
    i.rt_list_len                            0x0800236a   Section        0  cmd.o(i.rt_list_len)
    rt_list_len                              0x0800236b   Thumb Code    18  cmd.o(i.rt_list_len)
    i.rt_list_remove                         0x0800237c   Section        0  object.o(i.rt_list_remove)
    rt_list_remove                           0x0800237d   Thumb Code    18  object.o(i.rt_list_remove)
    i.rt_list_remove                         0x0800238e   Section        0  thread.o(i.rt_list_remove)
    rt_list_remove                           0x0800238f   Thumb Code    18  thread.o(i.rt_list_remove)
    i.rt_list_remove                         0x080023a0   Section        0  timer.o(i.rt_list_remove)
    rt_list_remove                           0x080023a1   Thumb Code    18  timer.o(i.rt_list_remove)
    i.rt_malloc                              0x080023b4   Section        0  mem.o(i.rt_malloc)
    i.rt_memmove                             0x080024b0   Section        0  kservice.o(i.rt_memmove)
    i.rt_memset                              0x080024de   Section        0  kservice.o(i.rt_memset)
    i.rt_object_allocate                     0x08002524   Section        0  object.o(i.rt_object_allocate)
    i.rt_object_delete                       0x08002580   Section        0  object.o(i.rt_object_delete)
    i.rt_object_detach                       0x080025b4   Section        0  object.o(i.rt_object_detach)
    i.rt_object_get_information              0x080025e4   Section        0  object.o(i.rt_object_get_information)
    i.rt_object_init                         0x08002608   Section        0  object.o(i.rt_object_init)
    i.rt_object_is_systemobject              0x08002668   Section        0  object.o(i.rt_object_is_systemobject)
    i.rt_schedule                            0x08002678   Section        0  scheduler.o(i.rt_schedule)
    i.rt_schedule_insert_thread              0x080026dc   Section        0  scheduler.o(i.rt_schedule_insert_thread)
    i.rt_schedule_remove_thread              0x0800272c   Section        0  scheduler.o(i.rt_schedule_remove_thread)
    i.rt_sem_init                            0x08002778   Section        0  ipc.o(i.rt_sem_init)
    i.rt_sem_release                         0x0800279c   Section        0  ipc.o(i.rt_sem_release)
    i.rt_sem_take                            0x080027fc   Section        0  ipc.o(i.rt_sem_take)
    i.rt_show_version                        0x0800288c   Section        0  kservice.o(i.rt_show_version)
    i.rt_strncpy                             0x0800293c   Section        0  kservice.o(i.rt_strncpy)
    i.rt_system_heap_init                    0x08002964   Section        0  mem.o(i.rt_system_heap_init)
    i.rt_system_scheduler_init               0x08002a14   Section        0  scheduler.o(i.rt_system_scheduler_init)
    i.rt_system_scheduler_start              0x08002a48   Section        0  scheduler.o(i.rt_system_scheduler_start)
    i.rt_system_timer_init                   0x08002a70   Section        0  timer.o(i.rt_system_timer_init)
    i.rt_system_timer_thread_init            0x08002a88   Section        0  timer.o(i.rt_system_timer_thread_init)
    i.rt_thread_create                       0x08002a8a   Section        0  thread.o(i.rt_thread_create)
    i.rt_thread_delay                        0x08002ad2   Section        0  thread.o(i.rt_thread_delay)
    i.rt_thread_exit                         0x08002ad8   Section        0  thread.o(i.rt_thread_exit)
    i.rt_thread_idle_entry                   0x08002b30   Section        0  idle.o(i.rt_thread_idle_entry)
    rt_thread_idle_entry                     0x08002b31   Thumb Code    24  idle.o(i.rt_thread_idle_entry)
    i.rt_thread_idle_excute                  0x08002b4c   Section        0  idle.o(i.rt_thread_idle_excute)
    i.rt_thread_idle_init                    0x08002b94   Section        0  idle.o(i.rt_thread_idle_init)
    i.rt_thread_init                         0x08002bcc   Section        0  thread.o(i.rt_thread_init)
    i.rt_thread_mdelay                       0x08002bfc   Section        0  thread.o(i.rt_thread_mdelay)
    i.rt_thread_resume                       0x08002c0c   Section        0  thread.o(i.rt_thread_resume)
    i.rt_thread_self                         0x08002c58   Section        0  thread.o(i.rt_thread_self)
    i.rt_thread_sleep                        0x08002c64   Section        0  thread.o(i.rt_thread_sleep)
    i.rt_thread_startup                      0x08002ca4   Section        0  thread.o(i.rt_thread_startup)
    i.rt_thread_suspend                      0x08002cd0   Section        0  thread.o(i.rt_thread_suspend)
    i.rt_thread_timeout                      0x08002d20   Section        0  thread.o(i.rt_thread_timeout)
    i.rt_thread_yield                        0x08002d40   Section        0  thread.o(i.rt_thread_yield)
    i.rt_tick_from_millisecond               0x08002da0   Section        0  clock.o(i.rt_tick_from_millisecond)
    i.rt_tick_get                            0x08002dd4   Section        0  clock.o(i.rt_tick_get)
    i.rt_tick_increase                       0x08002de0   Section        0  clock.o(i.rt_tick_increase)
    i.rt_timer_check                         0x08002e0c   Section        0  timer.o(i.rt_timer_check)
    i.rt_timer_control                       0x08002eb4   Section        0  timer.o(i.rt_timer_control)
    i.rt_timer_detach                        0x08002efc   Section        0  timer.o(i.rt_timer_detach)
    i.rt_timer_init                          0x08002f24   Section        0  timer.o(i.rt_timer_init)
    i.rt_timer_start                         0x08002f4c   Section        0  timer.o(i.rt_timer_start)
    i.rt_timer_stop                          0x08002fec   Section        0  timer.o(i.rt_timer_stop)
    i.rt_vsnprintf                           0x08003028   Section        0  kservice.o(i.rt_vsnprintf)
    i.rti_board_end                          0x08003288   Section        0  components.o(i.rti_board_end)
    rti_board_end                            0x08003289   Thumb Code     4  components.o(i.rti_board_end)
    i.rti_board_start                        0x0800328c   Section        0  components.o(i.rti_board_start)
    rti_board_start                          0x0800328d   Thumb Code     4  components.o(i.rti_board_start)
    i.rti_end                                0x08003290   Section        0  components.o(i.rti_end)
    rti_end                                  0x08003291   Thumb Code     4  components.o(i.rti_end)
    i.rti_start                              0x08003294   Section        0  components.o(i.rti_start)
    rti_start                                0x08003295   Thumb Code     4  components.o(i.rti_start)
    i.rtthread_startup                       0x08003298   Section        0  components.o(i.rtthread_startup)
    i.show_wait_queue                        0x080032c4   Section        0  cmd.o(i.show_wait_queue)
    show_wait_queue                          0x080032c5   Thumb Code    38  cmd.o(i.show_wait_queue)
    i.single_uart_init                       0x080032f4   Section        0  bsp_uart.o(i.single_uart_init)
    i.skip_atoi                              0x08003378   Section        0  kservice.o(i.skip_atoi)
    skip_atoi                                0x08003379   Thumb Code    40  kservice.o(i.skip_atoi)
    i.test_thread_entry                      0x080033a0   Section        0  main.o(i.test_thread_entry)
    test_thread_entry                        0x080033a1   Thumb Code    22  main.o(i.test_thread_entry)
    i.usage_fault_track                      0x080033bc   Section        0  cpuport.o(i.usage_fault_track)
    usage_fault_track                        0x080033bd   Thumb Code   100  cpuport.o(i.usage_fault_track)
    i.version                                0x0800348c   Section        0  cmd.o(i.version)
    .constdata                               0x08003496   Section      290  kservice.o(.constdata)
    small_digits                             0x08003596   Data          17  kservice.o(.constdata)
    large_digits                             0x080035a7   Data          17  kservice.o(.constdata)
    .conststring                             0x080035b8   Section       68  cmd.o(.conststring)
    .rodata.name                             0x080035fc   Section        9  mem.o(.rodata.name)
    .rodata.name                             0x08003605   Section       30  mem.o(.rodata.name)
    .rodata.name                             0x08003623   Section        6  cmd.o(.rodata.name)
    .rodata.name                             0x08003629   Section       16  cmd.o(.rodata.name)
    .rodata.name                             0x08003639   Section        8  cmd.o(.rodata.name)
    .rodata.name                             0x08003641   Section       35  cmd.o(.rodata.name)
    .rodata.name                             0x08003664   Section       14  cmd.o(.rodata.name)
    .rodata.name                             0x08003672   Section       35  cmd.o(.rodata.name)
    .rodata.name                             0x08003695   Section       12  cmd.o(.rodata.name)
    .rodata.name                             0x080036a1   Section       12  cmd.o(.rodata.name)
    .rodata.name                             0x080036ad   Section       18  cmd.o(.rodata.name)
    .rodata.name                             0x080036bf   Section       12  cmd.o(.rodata.name)
    .rodata.name                             0x080036cb   Section        9  cmd.o(.rodata.name)
    .rodata.name                             0x080036d4   Section       25  cmd.o(.rodata.name)
    .rodata.name                             0x080036ed   Section       15  cmd.o(.rodata.name)
    .rodata.name                             0x080036fc   Section       25  cmd.o(.rodata.name)
    .rodata.name                             0x08003715   Section       11  cmd.o(.rodata.name)
    .rodata.name                             0x08003720   Section       21  cmd.o(.rodata.name)
    .rodata.name                             0x08003735   Section       17  cmd.o(.rodata.name)
    .rodata.name                             0x08003746   Section       21  cmd.o(.rodata.name)
    .rodata.name                             0x0800375b   Section       11  cmd.o(.rodata.name)
    .rodata.name                             0x08003766   Section       21  cmd.o(.rodata.name)
    .rodata.name                             0x0800377b   Section       17  cmd.o(.rodata.name)
    .rodata.name                             0x0800378c   Section       21  cmd.o(.rodata.name)
    .rodata.name                             0x080037a1   Section       13  cmd.o(.rodata.name)
    .rodata.name                             0x080037ae   Section       24  cmd.o(.rodata.name)
    .rodata.name                             0x080037c6   Section       19  cmd.o(.rodata.name)
    .rodata.name                             0x080037d9   Section       24  cmd.o(.rodata.name)
    .rodata.name                             0x080037f1   Section       14  cmd.o(.rodata.name)
    .rodata.name                             0x080037ff   Section       29  cmd.o(.rodata.name)
    .rodata.name                             0x0800381c   Section       20  cmd.o(.rodata.name)
    .rodata.name                             0x08003830   Section       29  cmd.o(.rodata.name)
    .rodata.name                             0x0800384d   Section       11  cmd.o(.rodata.name)
    .rodata.name                             0x08003858   Section       21  cmd.o(.rodata.name)
    .rodata.name                             0x0800386d   Section       17  cmd.o(.rodata.name)
    .rodata.name                             0x0800387e   Section       21  cmd.o(.rodata.name)
    .rodata.name                             0x08003893   Section        5  cmd.o(.rodata.name)
    .rodata.name                             0x08003898   Section       26  cmd.o(.rodata.name)
    .rodata.name                             0x080038b2   Section       11  msh.o(.rodata.name)
    .rodata.name                             0x080038bd   Section       22  msh.o(.rodata.name)
    .rodata.name                             0x080038d3   Section        9  msh.o(.rodata.name)
    .rodata.name                             0x080038dc   Section       28  msh.o(.rodata.name)
    .rodata.name                             0x080038f8   Section       11  msh.o(.rodata.name)
    .rodata.name                             0x08003903   Section       37  msh.o(.rodata.name)
    .rti_fn.0                                0x08003928   Section        4  components.o(.rti_fn.0)
    __tagsym$$used                           0x08003928   Number         0  components.o(.rti_fn.0)
    .rti_fn.0.end                            0x0800392c   Section        4  components.o(.rti_fn.0.end)
    __tagsym$$used                           0x0800392c   Number         0  components.o(.rti_fn.0.end)
    .rti_fn.1.end                            0x08003930   Section        4  components.o(.rti_fn.1.end)
    __tagsym$$used                           0x08003930   Number         0  components.o(.rti_fn.1.end)
    .rti_fn.6                                0x08003934   Section        4  shell.o(.rti_fn.6)
    __tagsym$$used                           0x08003934   Number         0  shell.o(.rti_fn.6)
    .rti_fn.6.end                            0x08003938   Section        4  components.o(.rti_fn.6.end)
    __tagsym$$used                           0x08003938   Number         0  components.o(.rti_fn.6.end)
    FSymTab                                  0x0800393c   Section       12  mem.o(FSymTab)
    __tagsym$$used                           0x0800393c   Number         0  mem.o(FSymTab)
    FSymTab                                  0x08003948   Section      216  cmd.o(FSymTab)
    __tagsym$$used                           0x08003948   Number         0  cmd.o(FSymTab)
    __tagsym$$used                           0x08003954   Number         0  cmd.o(FSymTab)
    __tagsym$$used                           0x08003960   Number         0  cmd.o(FSymTab)
    __tagsym$$used                           0x0800396c   Number         0  cmd.o(FSymTab)
    __tagsym$$used                           0x08003978   Number         0  cmd.o(FSymTab)
    __tagsym$$used                           0x08003984   Number         0  cmd.o(FSymTab)
    __tagsym$$used                           0x08003990   Number         0  cmd.o(FSymTab)
    __tagsym$$used                           0x0800399c   Number         0  cmd.o(FSymTab)
    __tagsym$$used                           0x080039a8   Number         0  cmd.o(FSymTab)
    __tagsym$$used                           0x080039b4   Number         0  cmd.o(FSymTab)
    __tagsym$$used                           0x080039c0   Number         0  cmd.o(FSymTab)
    __tagsym$$used                           0x080039cc   Number         0  cmd.o(FSymTab)
    __tagsym$$used                           0x080039d8   Number         0  cmd.o(FSymTab)
    __tagsym$$used                           0x080039e4   Number         0  cmd.o(FSymTab)
    __tagsym$$used                           0x080039f0   Number         0  cmd.o(FSymTab)
    __tagsym$$used                           0x080039fc   Number         0  cmd.o(FSymTab)
    __tagsym$$used                           0x08003a08   Number         0  cmd.o(FSymTab)
    __tagsym$$used                           0x08003a14   Number         0  cmd.o(FSymTab)
    FSymTab                                  0x08003a20   Section       36  msh.o(FSymTab)
    __tagsym$$used                           0x08003a20   Number         0  msh.o(FSymTab)
    __tagsym$$used                           0x08003a2c   Number         0  msh.o(FSymTab)
    __tagsym$$used                           0x08003a38   Number         0  msh.o(FSymTab)
    .data                                    0x20000000   Section       20  system_stm32f10x.o(.data)
    .data                                    0x20000014   Section       20  stm32f10x_rcc.o(.data)
    ADCPrescTable                            0x20000014   Data           4  stm32f10x_rcc.o(.data)
    APBAHBPrescTable                         0x20000018   Data          16  stm32f10x_rcc.o(.data)
    .data                                    0x20000028   Section        4  main.o(.data)
    test_thread                              0x20000028   Data           4  main.o(.data)
    .data                                    0x2000002c   Section        4  cpuport.o(.data)
    rt_exception_hook                        0x2000002c   Data           4  cpuport.o(.data)
    .data                                    0x20000030   Section        4  cpuport.o(.data)
    .data                                    0x20000034   Section        4  cpuport.o(.data)
    .data                                    0x20000038   Section        4  cpuport.o(.data)
    .data                                    0x2000003c   Section        4  clock.o(.data)
    rt_tick                                  0x2000003c   Data           4  clock.o(.data)
    .data                                    0x20000040   Section       12  irq.o(.data)
    rt_interrupt_enter_hook                  0x20000044   Data           4  irq.o(.data)
    rt_interrupt_leave_hook                  0x20000048   Data           4  irq.o(.data)
    .data                                    0x2000004c   Section       32  mem.o(.data)
    rt_malloc_hook                           0x2000004c   Data           4  mem.o(.data)
    rt_free_hook                             0x20000050   Data           4  mem.o(.data)
    heap_ptr                                 0x20000054   Data           4  mem.o(.data)
    heap_end                                 0x20000058   Data           4  mem.o(.data)
    lfree                                    0x2000005c   Data           4  mem.o(.data)
    mem_size_aligned                         0x20000060   Data           4  mem.o(.data)
    used_mem                                 0x20000064   Data           4  mem.o(.data)
    max_mem                                  0x20000068   Data           4  mem.o(.data)
    .data                                    0x2000006c   Section      132  object.o(.data)
    rt_object_attach_hook                    0x2000006c   Data           4  object.o(.data)
    rt_object_detach_hook                    0x20000070   Data           4  object.o(.data)
    rt_object_container                      0x20000080   Data         112  object.o(.data)
    .data                                    0x200000f0   Section       24  scheduler.o(.data)
    rt_scheduler_lock_nest                   0x200000f2   Data           2  scheduler.o(.data)
    rt_scheduler_hook                        0x200000fc   Data           4  scheduler.o(.data)
    .data                                    0x20000108   Section       12  thread.o(.data)
    rt_thread_suspend_hook                   0x20000108   Data           4  thread.o(.data)
    rt_thread_resume_hook                    0x2000010c   Data           4  thread.o(.data)
    rt_thread_inited_hook                    0x20000110   Data           4  thread.o(.data)
    .data                                    0x20000114   Section       20  timer.o(.data)
    random_nr                                0x20000114   Data           4  timer.o(.data)
    rt_timer_enter_hook                      0x20000118   Data           4  timer.o(.data)
    rt_timer_exit_hook                       0x2000011c   Data           4  timer.o(.data)
    rt_timer_list                            0x20000120   Data           8  timer.o(.data)
    .data                                    0x20000128   Section       24  shell.o(.data)
    finsh_prompt_custom                      0x20000138   Data           4  shell.o(.data)
    .bss                                     0x20000140   Section     8192  board.o(.bss)
    rt_heap                                  0x20000140   Data        8192  board.o(.bss)
    .bss                                     0x20002140   Section      400  idle.o(.bss)
    idle                                     0x20002140   Data         128  idle.o(.bss)
    rt_thread_stack                          0x200021c0   Data         256  idle.o(.bss)
    idle_hook_list                           0x200022c0   Data          16  idle.o(.bss)
    .bss                                     0x200022d0   Section      128  kservice.o(.bss)
    rt_log_buf                               0x200022d0   Data         128  kservice.o(.bss)
    .bss                                     0x20002350   Section       32  mem.o(.bss)
    heap_sem                                 0x20002350   Data          32  mem.o(.bss)
    .bss                                     0x20002370   Section      256  scheduler.o(.bss)
    .bss                                     0x20002470   Section      129  shell.o(.bss)
    finsh_prompt                             0x20002470   Data         129  shell.o(.bss)
    STACK                                    0x200024f8   Section     1024  startup_stm32f10x_hd.o(STACK)

    Global Symbols

    Symbol Name                              Value     Ov Type        Size  Object(Section)

    BuildAttributes$$THM_ISAv4$P$D$K$B$S$PE$A:L22UL41UL21$X:L11$S22US41US21$IEEE1$IW$USESV6$~STKCKD$USESV7$~SHL$OSPACE$EBA8$MICROLIB$REQ8$PRES8$EABIv2 0x00000000   Number         0  anon$$obj.o ABSOLUTE
    __ARM_use_no_argv                        0x00000000   Number         0  main.o ABSOLUTE
    __cpp_initialize__aeabi_                  - Undefined Weak Reference
    __cxa_finalize                            - Undefined Weak Reference
    _clock_init                               - Undefined Weak Reference
    _microlib_exit                            - Undefined Weak Reference
    __Vectors_Size                           0x00000130   Number         0  startup_stm32f10x_hd.o ABSOLUTE
    __Vectors                                0x08000000   Data           4  startup_stm32f10x_hd.o(RESET)
    __Vectors_End                            0x08000130   Data           0  startup_stm32f10x_hd.o(RESET)
    __main                                   0x08000131   Thumb Code     0  entry.o(.ARM.Collect$$$$00000000)
    _main_stk                                0x08000131   Thumb Code     0  entry2.o(.ARM.Collect$$$$00000001)
    _main_scatterload                        0x08000135   Thumb Code     0  entry5.o(.ARM.Collect$$$$00000004)
    __main_after_scatterload                 0x08000139   Thumb Code     0  entry5.o(.ARM.Collect$$$$00000004)
    _main_clock                              0x08000139   Thumb Code     0  entry7b.o(.ARM.Collect$$$$00000008)
    _main_cpp_init                           0x08000139   Thumb Code     0  entry8b.o(.ARM.Collect$$$$0000000A)
    _main_init                               0x08000139   Thumb Code     0  entry9a.o(.ARM.Collect$$$$0000000B)
    __rt_final_cpp                           0x08000141   Thumb Code     0  entry10a.o(.ARM.Collect$$$$0000000D)
    __rt_final_exit                          0x08000141   Thumb Code     0  entry11a.o(.ARM.Collect$$$$0000000F)
    Reset_Handler                            0x08000145   Thumb Code     8  startup_stm32f10x_hd.o(.text)
    ADC1_2_IRQHandler                        0x0800015f   Thumb Code     0  startup_stm32f10x_hd.o(.text)
    ADC3_IRQHandler                          0x0800015f   Thumb Code     0  startup_stm32f10x_hd.o(.text)
    CAN1_RX1_IRQHandler                      0x0800015f   Thumb Code     0  startup_stm32f10x_hd.o(.text)
    CAN1_SCE_IRQHandler                      0x0800015f   Thumb Code     0  startup_stm32f10x_hd.o(.text)
    DMA1_Channel1_IRQHandler                 0x0800015f   Thumb Code     0  startup_stm32f10x_hd.o(.text)
    DMA1_Channel2_IRQHandler                 0x0800015f   Thumb Code     0  startup_stm32f10x_hd.o(.text)
    DMA1_Channel3_IRQHandler                 0x0800015f   Thumb Code     0  startup_stm32f10x_hd.o(.text)
    DMA1_Channel4_IRQHandler                 0x0800015f   Thumb Code     0  startup_stm32f10x_hd.o(.text)
    DMA1_Channel5_IRQHandler                 0x0800015f   Thumb Code     0  startup_stm32f10x_hd.o(.text)
    DMA1_Channel6_IRQHandler                 0x0800015f   Thumb Code     0  startup_stm32f10x_hd.o(.text)
    DMA1_Channel7_IRQHandler                 0x0800015f   Thumb Code     0  startup_stm32f10x_hd.o(.text)
    DMA2_Channel1_IRQHandler                 0x0800015f   Thumb Code     0  startup_stm32f10x_hd.o(.text)
    DMA2_Channel2_IRQHandler                 0x0800015f   Thumb Code     0  startup_stm32f10x_hd.o(.text)
    DMA2_Channel3_IRQHandler                 0x0800015f   Thumb Code     0  startup_stm32f10x_hd.o(.text)
    DMA2_Channel4_5_IRQHandler               0x0800015f   Thumb Code     0  startup_stm32f10x_hd.o(.text)
    EXTI0_IRQHandler                         0x0800015f   Thumb Code     0  startup_stm32f10x_hd.o(.text)
    EXTI15_10_IRQHandler                     0x0800015f   Thumb Code     0  startup_stm32f10x_hd.o(.text)
    EXTI1_IRQHandler                         0x0800015f   Thumb Code     0  startup_stm32f10x_hd.o(.text)
    EXTI2_IRQHandler                         0x0800015f   Thumb Code     0  startup_stm32f10x_hd.o(.text)
    EXTI3_IRQHandler                         0x0800015f   Thumb Code     0  startup_stm32f10x_hd.o(.text)
    EXTI4_IRQHandler                         0x0800015f   Thumb Code     0  startup_stm32f10x_hd.o(.text)
    EXTI9_5_IRQHandler                       0x0800015f   Thumb Code     0  startup_stm32f10x_hd.o(.text)
    FLASH_IRQHandler                         0x0800015f   Thumb Code     0  startup_stm32f10x_hd.o(.text)
    FSMC_IRQHandler                          0x0800015f   Thumb Code     0  startup_stm32f10x_hd.o(.text)
    I2C1_ER_IRQHandler                       0x0800015f   Thumb Code     0  startup_stm32f10x_hd.o(.text)
    I2C1_EV_IRQHandler                       0x0800015f   Thumb Code     0  startup_stm32f10x_hd.o(.text)
    I2C2_ER_IRQHandler                       0x0800015f   Thumb Code     0  startup_stm32f10x_hd.o(.text)
    I2C2_EV_IRQHandler                       0x0800015f   Thumb Code     0  startup_stm32f10x_hd.o(.text)
    PVD_IRQHandler                           0x0800015f   Thumb Code     0  startup_stm32f10x_hd.o(.text)
    RCC_IRQHandler                           0x0800015f   Thumb Code     0  startup_stm32f10x_hd.o(.text)
    RTCAlarm_IRQHandler                      0x0800015f   Thumb Code     0  startup_stm32f10x_hd.o(.text)
    RTC_IRQHandler                           0x0800015f   Thumb Code     0  startup_stm32f10x_hd.o(.text)
    SDIO_IRQHandler                          0x0800015f   Thumb Code     0  startup_stm32f10x_hd.o(.text)
    SPI1_IRQHandler                          0x0800015f   Thumb Code     0  startup_stm32f10x_hd.o(.text)
    SPI2_IRQHandler                          0x0800015f   Thumb Code     0  startup_stm32f10x_hd.o(.text)
    SPI3_IRQHandler                          0x0800015f   Thumb Code     0  startup_stm32f10x_hd.o(.text)
    TAMPER_IRQHandler                        0x0800015f   Thumb Code     0  startup_stm32f10x_hd.o(.text)
    TIM1_BRK_IRQHandler                      0x0800015f   Thumb Code     0  startup_stm32f10x_hd.o(.text)
    TIM1_CC_IRQHandler                       0x0800015f   Thumb Code     0  startup_stm32f10x_hd.o(.text)
    TIM1_TRG_COM_IRQHandler                  0x0800015f   Thumb Code     0  startup_stm32f10x_hd.o(.text)
    TIM1_UP_IRQHandler                       0x0800015f   Thumb Code     0  startup_stm32f10x_hd.o(.text)
    TIM2_IRQHandler                          0x0800015f   Thumb Code     0  startup_stm32f10x_hd.o(.text)
    TIM3_IRQHandler                          0x0800015f   Thumb Code     0  startup_stm32f10x_hd.o(.text)
    TIM4_IRQHandler                          0x0800015f   Thumb Code     0  startup_stm32f10x_hd.o(.text)
    TIM5_IRQHandler                          0x0800015f   Thumb Code     0  startup_stm32f10x_hd.o(.text)
    TIM6_IRQHandler                          0x0800015f   Thumb Code     0  startup_stm32f10x_hd.o(.text)
    TIM7_IRQHandler                          0x0800015f   Thumb Code     0  startup_stm32f10x_hd.o(.text)
    TIM8_BRK_IRQHandler                      0x0800015f   Thumb Code     0  startup_stm32f10x_hd.o(.text)
    TIM8_CC_IRQHandler                       0x0800015f   Thumb Code     0  startup_stm32f10x_hd.o(.text)
    TIM8_TRG_COM_IRQHandler                  0x0800015f   Thumb Code     0  startup_stm32f10x_hd.o(.text)
    TIM8_UP_IRQHandler                       0x0800015f   Thumb Code     0  startup_stm32f10x_hd.o(.text)
    UART4_IRQHandler                         0x0800015f   Thumb Code     0  startup_stm32f10x_hd.o(.text)
    UART5_IRQHandler                         0x0800015f   Thumb Code     0  startup_stm32f10x_hd.o(.text)
    USART1_IRQHandler                        0x0800015f   Thumb Code     0  startup_stm32f10x_hd.o(.text)
    USART2_IRQHandler                        0x0800015f   Thumb Code     0  startup_stm32f10x_hd.o(.text)
    USART3_IRQHandler                        0x0800015f   Thumb Code     0  startup_stm32f10x_hd.o(.text)
    USBWakeUp_IRQHandler                     0x0800015f   Thumb Code     0  startup_stm32f10x_hd.o(.text)
    USB_HP_CAN1_TX_IRQHandler                0x0800015f   Thumb Code     0  startup_stm32f10x_hd.o(.text)
    USB_LP_CAN1_RX0_IRQHandler               0x0800015f   Thumb Code     0  startup_stm32f10x_hd.o(.text)
    WWDG_IRQHandler                          0x0800015f   Thumb Code     0  startup_stm32f10x_hd.o(.text)
    rt_hw_interrupt_disable                  0x08000169   Thumb Code     8  context_rvds.o(.text)
    rt_hw_interrupt_enable                   0x08000171   Thumb Code     6  context_rvds.o(.text)
    rt_hw_context_switch                     0x08000177   Thumb Code    32  context_rvds.o(.text)
    rt_hw_context_switch_interrupt           0x08000177   Thumb Code     0  context_rvds.o(.text)
    PendSV_Handler                           0x08000197   Thumb Code    60  context_rvds.o(.text)
    rt_hw_context_switch_to                  0x080001d3   Thumb Code    56  context_rvds.o(.text)
    rt_hw_interrupt_thread_switch            0x0800020b   Thumb Code     2  context_rvds.o(.text)
    HardFault_Handler                        0x0800020d   Thumb Code    52  context_rvds.o(.text)
    __aeabi_memcpy                           0x0800025d   Thumb Code    36  memcpya.o(.text)
    __aeabi_memcpy4                          0x0800025d   Thumb Code     0  memcpya.o(.text)
    __aeabi_memcpy8                          0x0800025d   Thumb Code     0  memcpya.o(.text)
    __aeabi_memset                           0x08000281   Thumb Code    14  memseta.o(.text)
    __aeabi_memset4                          0x08000281   Thumb Code     0  memseta.o(.text)
    __aeabi_memset8                          0x08000281   Thumb Code     0  memseta.o(.text)
    __aeabi_memclr                           0x0800028f   Thumb Code     4  memseta.o(.text)
    __aeabi_memclr4                          0x0800028f   Thumb Code     0  memseta.o(.text)
    __aeabi_memclr8                          0x0800028f   Thumb Code     0  memseta.o(.text)
    _memset$wrapper                          0x08000293   Thumb Code    18  memseta.o(.text)
    strcat                                   0x080002a5   Thumb Code    24  strcat.o(.text)
    strncpy                                  0x080002bd   Thumb Code    24  strncpy.o(.text)
    strlen                                   0x080002d5   Thumb Code    14  strlen.o(.text)
    strcpy                                   0x080002e3   Thumb Code    18  strcpy.o(.text)
    strncmp                                  0x080002f5   Thumb Code    30  strncmp.o(.text)
    __scatterload                            0x08000315   Thumb Code    28  init.o(.text)
    __scatterload_rt2                        0x08000315   Thumb Code     0  init.o(.text)
    __decompress                             0x08000339   Thumb Code     0  __dczerorl2.o(.text)
    __decompress1                            0x08000339   Thumb Code    86  __dczerorl2.o(.text)
    main                                     0x0800038f   Thumb Code    10  components.o(i.$Sub$$main)
    BusFault_Handler                         0x08000399   Thumb Code     2  stm32f10x_it.o(i.BusFault_Handler)
    DebugMon_Handler                         0x0800039b   Thumb Code     2  stm32f10x_it.o(i.DebugMon_Handler)
    GPIO_Init                                0x0800039d   Thumb Code   156  stm32f10x_gpio.o(i.GPIO_Init)
    GPIO_SetBits                             0x08000439   Thumb Code     4  stm32f10x_gpio.o(i.GPIO_SetBits)
    LED_GPIO_Config                          0x0800043d   Thumb Code    70  bsp_led.o(i.LED_GPIO_Config)
    MemManage_Handler                        0x0800048d   Thumb Code     2  stm32f10x_it.o(i.MemManage_Handler)
    NMI_Handler                              0x0800048f   Thumb Code     2  stm32f10x_it.o(i.NMI_Handler)
    RCC_APB2PeriphClockCmd                   0x08000491   Thumb Code    18  stm32f10x_rcc.o(i.RCC_APB2PeriphClockCmd)
    RCC_GetClocksFreq                        0x080004a9   Thumb Code   132  stm32f10x_rcc.o(i.RCC_GetClocksFreq)
    SVC_Handler                              0x0800053d   Thumb Code     2  stm32f10x_it.o(i.SVC_Handler)
    SysTick_Handler                          0x080005e9   Thumb Code    18  board.o(i.SysTick_Handler)
    SystemInit                               0x080005fd   Thumb Code    64  system_stm32f10x.o(i.SystemInit)
    USART_ClearFlag                          0x0800064d   Thumb Code     6  stm32f10x_usart.o(i.USART_ClearFlag)
    USART_Cmd                                0x08000653   Thumb Code    20  stm32f10x_usart.o(i.USART_Cmd)
    USART_GetFlagStatus                      0x08000667   Thumb Code    14  stm32f10x_usart.o(i.USART_GetFlagStatus)
    USART_Init                               0x08000675   Thumb Code   166  stm32f10x_usart.o(i.USART_Init)
    USART_ReceiveData                        0x08000721   Thumb Code     8  stm32f10x_usart.o(i.USART_ReceiveData)
    USART_SendData                           0x08000729   Thumb Code     8  stm32f10x_usart.o(i.USART_SendData)
    UsageFault_Handler                       0x08000731   Thumb Code     2  stm32f10x_it.o(i.UsageFault_Handler)
    __rt_ffs                                 0x08000735   Thumb Code    62  kservice.o(i.__rt_ffs)
    __scatterload_copy                       0x08000779   Thumb Code    14  handlers.o(i.__scatterload_copy)
    __scatterload_null                       0x08000787   Thumb Code     2  handlers.o(i.__scatterload_null)
    __scatterload_zeroinit                   0x08000789   Thumb Code    14  handlers.o(i.__scatterload_zeroinit)
    cmd_free                                 0x08000a01   Thumb Code    10  msh.o(i.cmd_free)
    cmd_ps                                   0x08000a0b   Thumb Code    10  msh.o(i.cmd_ps)
    finsh_get_prompt                         0x08000a15   Thumb Code    66  shell.o(i.finsh_get_prompt)
    finsh_set_prompt_mode                    0x08000a75   Thumb Code    16  shell.o(i.finsh_set_prompt_mode)
    finsh_system_function_init               0x08000a89   Thumb Code     8  shell.o(i.finsh_system_function_init)
    finsh_system_init                        0x08000a95   Thumb Code    90  shell.o(i.finsh_system_init)
    finsh_thread_entry                       0x08000b29   Thumb Code   610  shell.o(i.finsh_thread_entry)
    hello                                    0x08000e2d   Thumb Code    12  cmd.o(i.hello)
    list                                     0x08000e4d   Thumb Code    50  cmd.o(i.list)
    list_event                               0x08000eb1   Thumb Code   182  cmd.o(i.list_event)
    list_mailbox                             0x08001071   Thumb Code   198  cmd.o(i.list_mailbox)
    list_mem                                 0x080011b1   Thumb Code    32  mem.o(i.list_mem)
    list_msgqueue                            0x0800121d   Thumb Code   190  cmd.o(i.list_msgqueue)
    list_mutex                               0x08001349   Thumb Code   146  cmd.o(i.list_mutex)
    list_sem                                 0x08001441   Thumb Code   190  cmd.o(i.list_sem)
    list_thread                              0x08001561   Thumb Code   250  cmd.o(i.list_thread)
    list_timer                               0x08001719   Thumb Code   160  cmd.o(i.list_timer)
    $Super$$main                             0x08001859   Thumb Code    44  main.o(i.main)
    main_thread_entry                        0x08001895   Thumb Code    14  components.o(i.main_thread_entry)
    msh_auto_complete                        0x0800197d   Thumb Code   152  msh.o(i.msh_auto_complete)
    msh_exec                                 0x08001a29   Thumb Code    74  msh.o(i.msh_exec)
    msh_help                                 0x08001a8d   Thumb Code    58  msh.o(i.msh_help)
    msh_is_used                              0x08001b05   Thumb Code     4  msh.o(i.msh_is_used)
    rt_application_init                      0x08001d75   Thumb Code    32  components.o(i.rt_application_init)
    rt_calloc                                0x08001da1   Thumb Code    26  mem.o(i.rt_calloc)
    rt_components_board_init                 0x08001dbd   Thumb Code    20  components.o(i.rt_components_board_init)
    rt_components_init                       0x08001dd9   Thumb Code    20  components.o(i.rt_components_init)
    rt_enter_critical                        0x08001df5   Thumb Code    22  scheduler.o(i.rt_enter_critical)
    rt_exit_critical                         0x08001e11   Thumb Code    52  scheduler.o(i.rt_exit_critical)
    rt_free                                  0x08001e49   Thumb Code   116  mem.o(i.rt_free)
    rt_heap_begin_get                        0x08001f11   Thumb Code     4  board.o(i.rt_heap_begin_get)
    rt_heap_end_get                          0x08001f19   Thumb Code     4  board.o(i.rt_heap_end_get)
    rt_hw_board_init                         0x08001f21   Thumb Code    80  board.o(i.rt_hw_board_init)
    rt_hw_console_getchar                    0x08001f79   Thumb Code    64  finsh_port.o(i.rt_hw_console_getchar)
    rt_hw_console_output                     0x08001fbd   Thumb Code    72  board.o(i.rt_hw_console_output)
    rt_hw_hard_fault_exception               0x08002009   Thumb Code   186  cpuport.o(i.rt_hw_hard_fault_exception)
    rt_hw_stack_init                         0x08002205   Thumb Code    54  cpuport.o(i.rt_hw_stack_init)
    rt_interrupt_enter                       0x08002241   Thumb Code    32  irq.o(i.rt_interrupt_enter)
    rt_interrupt_leave                       0x08002265   Thumb Code    32  irq.o(i.rt_interrupt_leave)
    rt_kprintf                               0x080022e9   Thumb Code    28  kservice.o(i.rt_kprintf)
    rt_malloc                                0x080023b5   Thumb Code   244  mem.o(i.rt_malloc)
    rt_memmove                               0x080024b1   Thumb Code    46  kservice.o(i.rt_memmove)
    rt_memset                                0x080024df   Thumb Code    68  kservice.o(i.rt_memset)
    rt_object_allocate                       0x08002525   Thumb Code    86  object.o(i.rt_object_allocate)
    rt_object_delete                         0x08002581   Thumb Code    48  object.o(i.rt_object_delete)
    rt_object_detach                         0x080025b5   Thumb Code    42  object.o(i.rt_object_detach)
    rt_object_get_information                0x080025e5   Thumb Code    30  object.o(i.rt_object_get_information)
    rt_object_init                           0x08002609   Thumb Code    90  object.o(i.rt_object_init)
    rt_object_is_systemobject                0x08002669   Thumb Code    14  object.o(i.rt_object_is_systemobject)
    rt_schedule                              0x08002679   Thumb Code    88  scheduler.o(i.rt_schedule)
    rt_schedule_insert_thread                0x080026dd   Thumb Code    70  scheduler.o(i.rt_schedule_insert_thread)
    rt_schedule_remove_thread                0x0800272d   Thumb Code    66  scheduler.o(i.rt_schedule_remove_thread)
    rt_sem_init                              0x08002779   Thumb Code    36  ipc.o(i.rt_sem_init)
    rt_sem_release                           0x0800279d   Thumb Code    90  ipc.o(i.rt_sem_release)
    rt_sem_take                              0x080027fd   Thumb Code   134  ipc.o(i.rt_sem_take)
    rt_show_version                          0x0800288d   Thumb Code    40  kservice.o(i.rt_show_version)
    rt_strncpy                               0x0800293d   Thumb Code    38  kservice.o(i.rt_strncpy)
    rt_system_heap_init                      0x08002965   Thumb Code    98  mem.o(i.rt_system_heap_init)
    rt_system_scheduler_init                 0x08002a15   Thumb Code    44  scheduler.o(i.rt_system_scheduler_init)
    rt_system_scheduler_start                0x08002a49   Thumb Code    32  scheduler.o(i.rt_system_scheduler_start)
    rt_system_timer_init                     0x08002a71   Thumb Code    18  timer.o(i.rt_system_timer_init)
    rt_system_timer_thread_init              0x08002a89   Thumb Code     2  timer.o(i.rt_system_timer_thread_init)
    rt_thread_create                         0x08002a8b   Thumb Code    72  thread.o(i.rt_thread_create)
    rt_thread_delay                          0x08002ad3   Thumb Code     4  thread.o(i.rt_thread_delay)
    rt_thread_exit                           0x08002ad9   Thumb Code    80  thread.o(i.rt_thread_exit)
    rt_thread_idle_excute                    0x08002b4d   Thumb Code    68  idle.o(i.rt_thread_idle_excute)
    rt_thread_idle_init                      0x08002b95   Thumb Code    40  idle.o(i.rt_thread_idle_init)
    rt_thread_init                           0x08002bcd   Thumb Code    48  thread.o(i.rt_thread_init)
    rt_thread_mdelay                         0x08002bfd   Thumb Code    14  thread.o(i.rt_thread_mdelay)
    rt_thread_resume                         0x08002c0d   Thumb Code    70  thread.o(i.rt_thread_resume)
    rt_thread_self                           0x08002c59   Thumb Code     6  thread.o(i.rt_thread_self)
    rt_thread_sleep                          0x08002c65   Thumb Code    60  thread.o(i.rt_thread_sleep)
    rt_thread_startup                        0x08002ca5   Thumb Code    40  thread.o(i.rt_thread_startup)
    rt_thread_suspend                        0x08002cd1   Thumb Code    76  thread.o(i.rt_thread_suspend)
    rt_thread_timeout                        0x08002d21   Thumb Code    32  thread.o(i.rt_thread_timeout)
    rt_thread_yield                          0x08002d41   Thumb Code    86  thread.o(i.rt_thread_yield)
    rt_tick_from_millisecond                 0x08002da1   Thumb Code    50  clock.o(i.rt_tick_from_millisecond)
    rt_tick_get                              0x08002dd5   Thumb Code     6  clock.o(i.rt_tick_get)
    rt_tick_increase                         0x08002de1   Thumb Code    38  clock.o(i.rt_tick_increase)
    rt_timer_check                           0x08002e0d   Thumb Code   164  timer.o(i.rt_timer_check)
    rt_timer_control                         0x08002eb5   Thumb Code    72  timer.o(i.rt_timer_control)
    rt_timer_detach                          0x08002efd   Thumb Code    40  timer.o(i.rt_timer_detach)
    rt_timer_init                            0x08002f25   Thumb Code    40  timer.o(i.rt_timer_init)
    rt_timer_start                           0x08002f4d   Thumb Code   150  timer.o(i.rt_timer_start)
    rt_timer_stop                            0x08002fed   Thumb Code    56  timer.o(i.rt_timer_stop)
    rt_vsnprintf                             0x08003029   Thumb Code   600  kservice.o(i.rt_vsnprintf)
    rtthread_startup                         0x08003299   Thumb Code    42  components.o(i.rtthread_startup)
    single_uart_init                         0x080032f5   Thumb Code   122  bsp_uart.o(i.single_uart_init)
    version                                  0x0800348d   Thumb Code    10  cmd.o(i.version)
    __lowest_bit_bitmap                      0x08003496   Data         256  kservice.o(.constdata)
    __fsym_list_mem_name                     0x080035fc   Data           9  mem.o(.rodata.name)
    __fsym_list_mem_desc                     0x08003605   Data          30  mem.o(.rodata.name)
    __fsym_hello_name                        0x08003623   Data           6  cmd.o(.rodata.name)
    __fsym_hello_desc                        0x08003629   Data          16  cmd.o(.rodata.name)
    __fsym_version_name                      0x08003639   Data           8  cmd.o(.rodata.name)
    __fsym_version_desc                      0x08003641   Data          35  cmd.o(.rodata.name)
    __fsym___cmd_version_name                0x08003664   Data          14  cmd.o(.rodata.name)
    __fsym___cmd_version_desc                0x08003672   Data          35  cmd.o(.rodata.name)
    __fsym_list_thread_name                  0x08003695   Data          12  cmd.o(.rodata.name)
    __fsym_list_thread_desc                  0x080036a1   Data          12  cmd.o(.rodata.name)
    __fsym___cmd_list_thread_name            0x080036ad   Data          18  cmd.o(.rodata.name)
    __fsym___cmd_list_thread_desc            0x080036bf   Data          12  cmd.o(.rodata.name)
    __fsym_list_sem_name                     0x080036cb   Data           9  cmd.o(.rodata.name)
    __fsym_list_sem_desc                     0x080036d4   Data          25  cmd.o(.rodata.name)
    __fsym___cmd_list_sem_name               0x080036ed   Data          15  cmd.o(.rodata.name)
    __fsym___cmd_list_sem_desc               0x080036fc   Data          25  cmd.o(.rodata.name)
    __fsym_list_event_name                   0x08003715   Data          11  cmd.o(.rodata.name)
    __fsym_list_event_desc                   0x08003720   Data          21  cmd.o(.rodata.name)
    __fsym___cmd_list_event_name             0x08003735   Data          17  cmd.o(.rodata.name)
    __fsym___cmd_list_event_desc             0x08003746   Data          21  cmd.o(.rodata.name)
    __fsym_list_mutex_name                   0x0800375b   Data          11  cmd.o(.rodata.name)
    __fsym_list_mutex_desc                   0x08003766   Data          21  cmd.o(.rodata.name)
    __fsym___cmd_list_mutex_name             0x0800377b   Data          17  cmd.o(.rodata.name)
    __fsym___cmd_list_mutex_desc             0x0800378c   Data          21  cmd.o(.rodata.name)
    __fsym_list_mailbox_name                 0x080037a1   Data          13  cmd.o(.rodata.name)
    __fsym_list_mailbox_desc                 0x080037ae   Data          24  cmd.o(.rodata.name)
    __fsym___cmd_list_mailbox_name           0x080037c6   Data          19  cmd.o(.rodata.name)
    __fsym___cmd_list_mailbox_desc           0x080037d9   Data          24  cmd.o(.rodata.name)
    __fsym_list_msgqueue_name                0x080037f1   Data          14  cmd.o(.rodata.name)
    __fsym_list_msgqueue_desc                0x080037ff   Data          29  cmd.o(.rodata.name)
    __fsym___cmd_list_msgqueue_name          0x0800381c   Data          20  cmd.o(.rodata.name)
    __fsym___cmd_list_msgqueue_desc          0x08003830   Data          29  cmd.o(.rodata.name)
    __fsym_list_timer_name                   0x0800384d   Data          11  cmd.o(.rodata.name)
    __fsym_list_timer_desc                   0x08003858   Data          21  cmd.o(.rodata.name)
    __fsym___cmd_list_timer_name             0x0800386d   Data          17  cmd.o(.rodata.name)
    __fsym___cmd_list_timer_desc             0x0800387e   Data          21  cmd.o(.rodata.name)
    __fsym_list_name                         0x08003893   Data           5  cmd.o(.rodata.name)
    __fsym_list_desc                         0x08003898   Data          26  cmd.o(.rodata.name)
    __fsym___cmd_help_name                   0x080038b2   Data          11  msh.o(.rodata.name)
    __fsym___cmd_help_desc                   0x080038bd   Data          22  msh.o(.rodata.name)
    __fsym___cmd_ps_name                     0x080038d3   Data           9  msh.o(.rodata.name)
    __fsym___cmd_ps_desc                     0x080038dc   Data          28  msh.o(.rodata.name)
    __fsym___cmd_free_name                   0x080038f8   Data          11  msh.o(.rodata.name)
    __fsym___cmd_free_desc                   0x08003903   Data          37  msh.o(.rodata.name)
    __rt_init_rti_start                      0x08003928   Data           4  components.o(.rti_fn.0)
    __rt_init_rti_board_start                0x0800392c   Data           4  components.o(.rti_fn.0.end)
    __rt_init_rti_board_end                  0x08003930   Data           4  components.o(.rti_fn.1.end)
    __rt_init_finsh_system_init              0x08003934   Data           4  shell.o(.rti_fn.6)
    __rt_init_rti_end                        0x08003938   Data           4  components.o(.rti_fn.6.end)
    FSymTab$$Base                            0x0800393c   Number         0  mem.o(FSymTab)
    __fsym_list_mem                          0x0800393c   Data          12  mem.o(FSymTab)
    __fsym_hello                             0x08003948   Data          12  cmd.o(FSymTab)
    __fsym_version                           0x08003954   Data          12  cmd.o(FSymTab)
    __fsym___cmd_version                     0x08003960   Data          12  cmd.o(FSymTab)
    __fsym_list_thread                       0x0800396c   Data          12  cmd.o(FSymTab)
    __fsym___cmd_list_thread                 0x08003978   Data          12  cmd.o(FSymTab)
    __fsym_list_sem                          0x08003984   Data          12  cmd.o(FSymTab)
    __fsym___cmd_list_sem                    0x08003990   Data          12  cmd.o(FSymTab)
    __fsym_list_event                        0x0800399c   Data          12  cmd.o(FSymTab)
    __fsym___cmd_list_event                  0x080039a8   Data          12  cmd.o(FSymTab)
    __fsym_list_mutex                        0x080039b4   Data          12  cmd.o(FSymTab)
    __fsym___cmd_list_mutex                  0x080039c0   Data          12  cmd.o(FSymTab)
    __fsym_list_mailbox                      0x080039cc   Data          12  cmd.o(FSymTab)
    __fsym___cmd_list_mailbox                0x080039d8   Data          12  cmd.o(FSymTab)
    __fsym_list_msgqueue                     0x080039e4   Data          12  cmd.o(FSymTab)
    __fsym___cmd_list_msgqueue               0x080039f0   Data          12  cmd.o(FSymTab)
    __fsym_list_timer                        0x080039fc   Data          12  cmd.o(FSymTab)
    __fsym___cmd_list_timer                  0x08003a08   Data          12  cmd.o(FSymTab)
    __fsym_list                              0x08003a14   Data          12  cmd.o(FSymTab)
    __fsym___cmd_help                        0x08003a20   Data          12  msh.o(FSymTab)
    __fsym___cmd_ps                          0x08003a2c   Data          12  msh.o(FSymTab)
    __fsym___cmd_free                        0x08003a38   Data          12  msh.o(FSymTab)
    FSymTab$$Limit                           0x08003a44   Number         0  msh.o(FSymTab)
    Region$$Table$$Base                      0x08003a44   Number         0  anon$$obj.o(Region$$Table)
    Region$$Table$$Limit                     0x08003a64   Number         0  anon$$obj.o(Region$$Table)
    SystemCoreClock                          0x20000000   Data           4  system_stm32f10x.o(.data)
    AHBPrescTable                            0x20000004   Data          16  system_stm32f10x.o(.data)
    rt_interrupt_from_thread                 0x20000030   Data           4  cpuport.o(.data)
    rt_interrupt_to_thread                   0x20000034   Data           4  cpuport.o(.data)
    rt_thread_switch_interrupt_flag          0x20000038   Data           4  cpuport.o(.data)
    rt_interrupt_nest                        0x20000040   Data           1  irq.o(.data)
    rt_object_trytake_hook                   0x20000074   Data           4  object.o(.data)
    rt_object_take_hook                      0x20000078   Data           4  object.o(.data)
    rt_object_put_hook                       0x2000007c   Data           4  object.o(.data)
    rt_current_priority                      0x200000f0   Data           1  scheduler.o(.data)
    rt_current_thread                        0x200000f4   Data           4  scheduler.o(.data)
    rt_thread_ready_priority_group           0x200000f8   Data           4  scheduler.o(.data)
    rt_thread_defunct                        0x20000100   Data           8  scheduler.o(.data)
    _syscall_table_begin                     0x20000128   Data           4  shell.o(.data)
    _syscall_table_end                       0x2000012c   Data           4  shell.o(.data)
    _sysvar_table_begin                      0x20000130   Data           4  shell.o(.data)
    _sysvar_table_end                        0x20000134   Data           4  shell.o(.data)
    shell                                    0x2000013c   Data           4  shell.o(.data)
    rt_thread_priority_table                 0x20002370   Data         256  scheduler.o(.bss)
    __initial_sp                             0x200028f8   Data           0  startup_stm32f10x_hd.o(STACK)



==============================================================================

Memory Map of the image

  Image Entry point : 0x08000131

  Load Region LR_IROM1 (Base: 0x08000000, Size: 0x00003ba4, Max: 0x00080000, ABSOLUTE, COMPRESSED[0x00003abc])

    Execution Region ER_IROM1 (Exec base: 0x08000000, Load base: 0x08000000, Size: 0x00003a64, Max: 0x00080000, ABSOLUTE)

    Exec Addr    Load Addr    Size         Type   Attr      Idx    E Section Name        Object

    0x08000000   0x08000000   0x00000130   Data   RO            3    RESET               startup_stm32f10x_hd.o
    0x08000130   0x08000130   0x00000000   Code   RO         4850  * .ARM.Collect$$$$00000000  mc_w.l(entry.o)
    0x08000130   0x08000130   0x00000004   Code   RO         4869    .ARM.Collect$$$$00000001  mc_w.l(entry2.o)
    0x08000134   0x08000134   0x00000004   Code   RO         4872    .ARM.Collect$$$$00000004  mc_w.l(entry5.o)
    0x08000138   0x08000138   0x00000000   Code   RO         4874    .ARM.Collect$$$$00000008  mc_w.l(entry7b.o)
    0x08000138   0x08000138   0x00000000   Code   RO         4876    .ARM.Collect$$$$0000000A  mc_w.l(entry8b.o)
    0x08000138   0x08000138   0x00000008   Code   RO         4877    .ARM.Collect$$$$0000000B  mc_w.l(entry9a.o)
    0x08000140   0x08000140   0x00000000   Code   RO         4879    .ARM.Collect$$$$0000000D  mc_w.l(entry10a.o)
    0x08000140   0x08000140   0x00000000   Code   RO         4881    .ARM.Collect$$$$0000000F  mc_w.l(entry11a.o)
    0x08000140   0x08000140   0x00000004   Code   RO         4870    .ARM.Collect$$$$00002712  mc_w.l(entry2.o)
    0x08000144   0x08000144   0x00000024   Code   RO            4    .text               startup_stm32f10x_hd.o
    0x08000168   0x08000168   0x000000f4   Code   RO         3291    .text               context_rvds.o
    0x0800025c   0x0800025c   0x00000024   Code   RO         4853    .text               mc_w.l(memcpya.o)
    0x08000280   0x08000280   0x00000024   Code   RO         4855    .text               mc_w.l(memseta.o)
    0x080002a4   0x080002a4   0x00000018   Code   RO         4857    .text               mc_w.l(strcat.o)
    0x080002bc   0x080002bc   0x00000018   Code   RO         4859    .text               mc_w.l(strncpy.o)
    0x080002d4   0x080002d4   0x0000000e   Code   RO         4861    .text               mc_w.l(strlen.o)
    0x080002e2   0x080002e2   0x00000012   Code   RO         4863    .text               mc_w.l(strcpy.o)
    0x080002f4   0x080002f4   0x0000001e   Code   RO         4865    .text               mc_w.l(strncmp.o)
    0x08000312   0x08000312   0x00000002   PAD
    0x08000314   0x08000314   0x00000024   Code   RO         4883    .text               mc_w.l(init.o)
    0x08000338   0x08000338   0x00000056   Code   RO         4893    .text               mc_w.l(__dczerorl2.o)
    0x0800038e   0x0800038e   0x0000000a   Code   RO         3395    i.$Sub$$main        components.o
    0x08000398   0x08000398   0x00000002   Code   RO         3085    i.BusFault_Handler  stm32f10x_it.o
    0x0800039a   0x0800039a   0x00000002   Code   RO         3086    i.DebugMon_Handler  stm32f10x_it.o
    0x0800039c   0x0800039c   0x0000009c   Code   RO         1285    i.GPIO_Init         stm32f10x_gpio.o
    0x08000438   0x08000438   0x00000004   Code   RO         1293    i.GPIO_SetBits      stm32f10x_gpio.o
    0x0800043c   0x0800043c   0x00000050   Code   RO         3184    i.LED_GPIO_Config   bsp_led.o
    0x0800048c   0x0800048c   0x00000002   Code   RO         3087    i.MemManage_Handler  stm32f10x_it.o
    0x0800048e   0x0800048e   0x00000002   Code   RO         3088    i.NMI_Handler       stm32f10x_it.o
    0x08000490   0x08000490   0x00000018   Code   RO         1703    i.RCC_APB2PeriphClockCmd  stm32f10x_rcc.o
    0x080004a8   0x080004a8   0x00000094   Code   RO         1711    i.RCC_GetClocksFreq  stm32f10x_rcc.o
    0x0800053c   0x0800053c   0x00000002   Code   RO         3089    i.SVC_Handler       stm32f10x_it.o
    0x0800053e   0x0800053e   0x00000002   PAD
    0x08000540   0x08000540   0x000000a8   Code   RO           24    i.SetSysClockTo72   system_stm32f10x.o
    0x080005e8   0x080005e8   0x00000012   Code   RO         3246    i.SysTick_Handler   board.o
    0x080005fa   0x080005fa   0x00000002   PAD
    0x080005fc   0x080005fc   0x00000050   Code   RO           26    i.SystemInit        system_stm32f10x.o
    0x0800064c   0x0800064c   0x00000006   Code   RO         2851    i.USART_ClearFlag   stm32f10x_usart.o
    0x08000652   0x08000652   0x00000014   Code   RO         2855    i.USART_Cmd         stm32f10x_usart.o
    0x08000666   0x08000666   0x0000000e   Code   RO         2858    i.USART_GetFlagStatus  stm32f10x_usart.o
    0x08000674   0x08000674   0x000000ac   Code   RO         2862    i.USART_Init        stm32f10x_usart.o
    0x08000720   0x08000720   0x00000008   Code   RO         2869    i.USART_ReceiveData  stm32f10x_usart.o
    0x08000728   0x08000728   0x00000008   Code   RO         2872    i.USART_SendData    stm32f10x_usart.o
    0x08000730   0x08000730   0x00000002   Code   RO         3090    i.UsageFault_Handler  stm32f10x_it.o
    0x08000732   0x08000732   0x00000002   PAD
    0x08000734   0x08000734   0x00000044   Code   RO         3823    i.__rt_ffs          kservice.o
    0x08000778   0x08000778   0x0000000e   Code   RO         4887    i.__scatterload_copy  mc_w.l(handlers.o)
    0x08000786   0x08000786   0x00000002   Code   RO         4888    i.__scatterload_null  mc_w.l(handlers.o)
    0x08000788   0x08000788   0x0000000e   Code   RO         4889    i.__scatterload_zeroinit  mc_w.l(handlers.o)
    0x08000796   0x08000796   0x00000002   PAD
    0x08000798   0x08000798   0x000000a0   Code   RO         4706    i._msh_exec_cmd     msh.o
    0x08000838   0x08000838   0x00000084   Code   RO         4290    i._rt_thread_init   thread.o
    0x080008bc   0x080008bc   0x00000026   Code   RO         4440    i._rt_timer_init    timer.o
    0x080008e2   0x080008e2   0x00000018   Code   RO         4441    i._rt_timer_remove  timer.o
    0x080008fa   0x080008fa   0x0000001c   Code   RO         4291    i._thread_cleanup_execute  thread.o
    0x08000916   0x08000916   0x00000002   PAD
    0x08000918   0x08000918   0x000000e8   Code   RO         3295    i.bus_fault_track   cpuport.o
    0x08000a00   0x08000a00   0x0000000a   Code   RO         4707    i.cmd_free          msh.o
    0x08000a0a   0x08000a0a   0x0000000a   Code   RO         4708    i.cmd_ps            msh.o
    0x08000a14   0x08000a14   0x00000060   Code   RO         4774    i.finsh_get_prompt  shell.o
    0x08000a74   0x08000a74   0x00000014   Code   RO         4778    i.finsh_set_prompt_mode  shell.o
    0x08000a88   0x08000a88   0x0000000c   Code   RO         4779    i.finsh_system_function_init  shell.o
    0x08000a94   0x08000a94   0x00000094   Code   RO         4780    i.finsh_system_init  shell.o
    0x08000b28   0x08000b28   0x0000028c   Code   RO         4782    i.finsh_thread_entry  shell.o
    0x08000db4   0x08000db4   0x00000078   Code   RO         3296    i.hard_fault_track  cpuport.o
    0x08000e2c   0x08000e2c   0x00000020   Code   RO         4555    i.hello             cmd.o
    0x08000e4c   0x08000e4c   0x00000064   Code   RO         4556    i.list              cmd.o
    0x08000eb0   0x08000eb0   0x00000130   Code   RO         4557    i.list_event        cmd.o
    0x08000fe0   0x08000fe0   0x00000024   Code   RO         4558    i.list_find_init    cmd.o
    0x08001004   0x08001004   0x0000006a   Code   RO         4559    i.list_get_next     cmd.o
    0x0800106e   0x0800106e   0x00000002   PAD
    0x08001070   0x08001070   0x00000140   Code   RO         4560    i.list_mailbox      cmd.o
    0x080011b0   0x080011b0   0x0000006c   Code   RO         3997    i.list_mem          mem.o
    0x0800121c   0x0800121c   0x0000012c   Code   RO         4561    i.list_msgqueue     cmd.o
    0x08001348   0x08001348   0x000000f8   Code   RO         4562    i.list_mutex        cmd.o
    0x08001440   0x08001440   0x00000120   Code   RO         4563    i.list_sem          cmd.o
    0x08001560   0x08001560   0x000001b8   Code   RO         4564    i.list_thread       cmd.o
    0x08001718   0x08001718   0x00000140   Code   RO         4565    i.list_timer        cmd.o
    0x08001858   0x08001858   0x0000003c   Code   RO         3199    i.main              main.o
    0x08001894   0x08001894   0x0000000e   Code   RO         3396    i.main_thread_entry  components.o
    0x080018a2   0x080018a2   0x00000002   PAD
    0x080018a4   0x080018a4   0x000000d8   Code   RO         3297    i.mem_manage_fault_track  cpuport.o
    0x0800197c   0x0800197c   0x000000ac   Code   RO         4709    i.msh_auto_complete  msh.o
    0x08001a28   0x08001a28   0x00000064   Code   RO         4710    i.msh_exec          msh.o
    0x08001a8c   0x08001a8c   0x00000078   Code   RO         4711    i.msh_help          msh.o
    0x08001b04   0x08001b04   0x00000004   Code   RO         4712    i.msh_is_used       msh.o
    0x08001b08   0x08001b08   0x000000d0   Code   RO         4713    i.msh_split         msh.o
    0x08001bd8   0x08001bd8   0x00000018   Code   RO         4566    i.object_split      cmd.o
    0x08001bf0   0x08001bf0   0x00000058   Code   RO         3998    i.plug_holes        mem.o
    0x08001c48   0x08001c48   0x0000012c   Code   RO         3825    i.print_number      kservice.o
    0x08001d74   0x08001d74   0x0000002c   Code   RO         3397    i.rt_application_init  components.o
    0x08001da0   0x08001da0   0x0000001a   Code   RO         3999    i.rt_calloc         mem.o
    0x08001dba   0x08001dba   0x00000002   PAD
    0x08001dbc   0x08001dbc   0x0000001c   Code   RO         3398    i.rt_components_board_init  components.o
    0x08001dd8   0x08001dd8   0x0000001c   Code   RO         3399    i.rt_components_init  components.o
    0x08001df4   0x08001df4   0x0000001c   Code   RO         4217    i.rt_enter_critical  scheduler.o
    0x08001e10   0x08001e10   0x00000038   Code   RO         4218    i.rt_exit_critical  scheduler.o
    0x08001e48   0x08001e48   0x000000c8   Code   RO         4000    i.rt_free           mem.o
    0x08001f10   0x08001f10   0x00000008   Code   RO         3247    i.rt_heap_begin_get  board.o
    0x08001f18   0x08001f18   0x00000008   Code   RO         3248    i.rt_heap_end_get   board.o
    0x08001f20   0x08001f20   0x00000058   Code   RO         3249    i.rt_hw_board_init  board.o
    0x08001f78   0x08001f78   0x00000044   Code   RO         4694    i.rt_hw_console_getchar  finsh_port.o
    0x08001fbc   0x08001fbc   0x0000004c   Code   RO         3250    i.rt_hw_console_output  board.o
    0x08002008   0x08002008   0x000001fc   Code   RO         3301    i.rt_hw_hard_fault_exception  cpuport.o
    0x08002204   0x08002204   0x0000003c   Code   RO         3302    i.rt_hw_stack_init  cpuport.o
    0x08002240   0x08002240   0x00000024   Code   RO         3784    i.rt_interrupt_enter  irq.o
    0x08002264   0x08002264   0x00000024   Code   RO         3787    i.rt_interrupt_leave  irq.o
    0x08002288   0x08002288   0x0000000e   Code   RO         3522    i.rt_ipc_list_resume  ipc.o
    0x08002296   0x08002296   0x00000050   Code   RO         3524    i.rt_ipc_list_suspend  ipc.o
    0x080022e6   0x080022e6   0x00000002   PAD
    0x080022e8   0x080022e8   0x00000020   Code   RO         3829    i.rt_kprintf        kservice.o
    0x08002308   0x08002308   0x0000000e   Code   RO         4098    i.rt_list_insert_after  object.o
    0x08002316   0x08002316   0x0000000e   Code   RO         4292    i.rt_list_insert_after  thread.o
    0x08002324   0x08002324   0x0000000e   Code   RO         4442    i.rt_list_insert_after  timer.o
    0x08002332   0x08002332   0x0000000e   Code   RO         3525    i.rt_list_insert_before  ipc.o
    0x08002340   0x08002340   0x0000000e   Code   RO         3526    i.rt_list_isempty   ipc.o
    0x0800234e   0x0800234e   0x0000000e   Code   RO         4443    i.rt_list_isempty   timer.o
    0x0800235c   0x0800235c   0x0000000e   Code   RO         4567    i.rt_list_isempty   cmd.o
    0x0800236a   0x0800236a   0x00000012   Code   RO         4568    i.rt_list_len       cmd.o
    0x0800237c   0x0800237c   0x00000012   Code   RO         4099    i.rt_list_remove    object.o
    0x0800238e   0x0800238e   0x00000012   Code   RO         4293    i.rt_list_remove    thread.o
    0x080023a0   0x080023a0   0x00000012   Code   RO         4444    i.rt_list_remove    timer.o
    0x080023b2   0x080023b2   0x00000002   PAD
    0x080023b4   0x080023b4   0x000000fc   Code   RO         4002    i.rt_malloc         mem.o
    0x080024b0   0x080024b0   0x0000002e   Code   RO         3834    i.rt_memmove        kservice.o
    0x080024de   0x080024de   0x00000044   Code   RO         3835    i.rt_memset         kservice.o
    0x08002522   0x08002522   0x00000002   PAD
    0x08002524   0x08002524   0x0000005c   Code   RO         4100    i.rt_object_allocate  object.o
    0x08002580   0x08002580   0x00000034   Code   RO         4102    i.rt_object_delete  object.o
    0x080025b4   0x080025b4   0x00000030   Code   RO         4103    i.rt_object_detach  object.o
    0x080025e4   0x080025e4   0x00000024   Code   RO         4106    i.rt_object_get_information  object.o
    0x08002608   0x08002608   0x00000060   Code   RO         4110    i.rt_object_init    object.o
    0x08002668   0x08002668   0x0000000e   Code   RO         4111    i.rt_object_is_systemobject  object.o
    0x08002676   0x08002676   0x00000002   PAD
    0x08002678   0x08002678   0x00000064   Code   RO         4219    i.rt_schedule       scheduler.o
    0x080026dc   0x080026dc   0x00000050   Code   RO         4220    i.rt_schedule_insert_thread  scheduler.o
    0x0800272c   0x0800272c   0x0000004c   Code   RO         4221    i.rt_schedule_remove_thread  scheduler.o
    0x08002778   0x08002778   0x00000024   Code   RO         3555    i.rt_sem_init       ipc.o
    0x0800279c   0x0800279c   0x00000060   Code   RO         3556    i.rt_sem_release    ipc.o
    0x080027fc   0x080027fc   0x00000090   Code   RO         3557    i.rt_sem_take       ipc.o
    0x0800288c   0x0800288c   0x000000b0   Code   RO         3837    i.rt_show_version   kservice.o
    0x0800293c   0x0800293c   0x00000026   Code   RO         3845    i.rt_strncpy        kservice.o
    0x08002962   0x08002962   0x00000002   PAD
    0x08002964   0x08002964   0x000000b0   Code   RO         4006    i.rt_system_heap_init  mem.o
    0x08002a14   0x08002a14   0x00000034   Code   RO         4223    i.rt_system_scheduler_init  scheduler.o
    0x08002a48   0x08002a48   0x00000028   Code   RO         4224    i.rt_system_scheduler_start  scheduler.o
    0x08002a70   0x08002a70   0x00000018   Code   RO         4445    i.rt_system_timer_init  timer.o
    0x08002a88   0x08002a88   0x00000002   Code   RO         4446    i.rt_system_timer_thread_init  timer.o
    0x08002a8a   0x08002a8a   0x00000048   Code   RO         4295    i.rt_thread_create  thread.o
    0x08002ad2   0x08002ad2   0x00000004   Code   RO         4296    i.rt_thread_delay   thread.o
    0x08002ad6   0x08002ad6   0x00000002   PAD
    0x08002ad8   0x08002ad8   0x00000058   Code   RO         4300    i.rt_thread_exit    thread.o
    0x08002b30   0x08002b30   0x0000001c   Code   RO         3469    i.rt_thread_idle_entry  idle.o
    0x08002b4c   0x08002b4c   0x00000048   Code   RO         3470    i.rt_thread_idle_excute  idle.o
    0x08002b94   0x08002b94   0x00000038   Code   RO         3472    i.rt_thread_idle_init  idle.o
    0x08002bcc   0x08002bcc   0x00000030   Code   RO         4302    i.rt_thread_init    thread.o
    0x08002bfc   0x08002bfc   0x0000000e   Code   RO         4304    i.rt_thread_mdelay  thread.o
    0x08002c0a   0x08002c0a   0x00000002   PAD
    0x08002c0c   0x08002c0c   0x0000004c   Code   RO         4305    i.rt_thread_resume  thread.o
    0x08002c58   0x08002c58   0x0000000c   Code   RO         4307    i.rt_thread_self    thread.o
    0x08002c64   0x08002c64   0x00000040   Code   RO         4308    i.rt_thread_sleep   thread.o
    0x08002ca4   0x08002ca4   0x0000002c   Code   RO         4309    i.rt_thread_startup  thread.o
    0x08002cd0   0x08002cd0   0x00000050   Code   RO         4310    i.rt_thread_suspend  thread.o
    0x08002d20   0x08002d20   0x00000020   Code   RO         4312    i.rt_thread_timeout  thread.o
    0x08002d40   0x08002d40   0x00000060   Code   RO         4313    i.rt_thread_yield   thread.o
    0x08002da0   0x08002da0   0x00000032   Code   RO         3358    i.rt_tick_from_millisecond  clock.o
    0x08002dd2   0x08002dd2   0x00000002   PAD
    0x08002dd4   0x08002dd4   0x0000000c   Code   RO         3359    i.rt_tick_get       clock.o
    0x08002de0   0x08002de0   0x0000002c   Code   RO         3360    i.rt_tick_increase  clock.o
    0x08002e0c   0x08002e0c   0x000000a8   Code   RO         4447    i.rt_timer_check    timer.o
    0x08002eb4   0x08002eb4   0x00000048   Code   RO         4448    i.rt_timer_control  timer.o
    0x08002efc   0x08002efc   0x00000028   Code   RO         4451    i.rt_timer_detach   timer.o
    0x08002f24   0x08002f24   0x00000028   Code   RO         4454    i.rt_timer_init     timer.o
    0x08002f4c   0x08002f4c   0x000000a0   Code   RO         4456    i.rt_timer_start    timer.o
    0x08002fec   0x08002fec   0x0000003c   Code   RO         4457    i.rt_timer_stop     timer.o
    0x08003028   0x08003028   0x00000260   Code   RO         3848    i.rt_vsnprintf      kservice.o
    0x08003288   0x08003288   0x00000004   Code   RO         3400    i.rti_board_end     components.o
    0x0800328c   0x0800328c   0x00000004   Code   RO         3401    i.rti_board_start   components.o
    0x08003290   0x08003290   0x00000004   Code   RO         3402    i.rti_end           components.o
    0x08003294   0x08003294   0x00000004   Code   RO         3403    i.rti_start         components.o
    0x08003298   0x08003298   0x0000002a   Code   RO         3404    i.rtthread_startup  components.o
    0x080032c2   0x080032c2   0x00000002   PAD
    0x080032c4   0x080032c4   0x00000030   Code   RO         4569    i.show_wait_queue   cmd.o
    0x080032f4   0x080032f4   0x00000084   Code   RO         3135    i.single_uart_init  bsp_uart.o
    0x08003378   0x08003378   0x00000028   Code   RO         3850    i.skip_atoi         kservice.o
    0x080033a0   0x080033a0   0x0000001c   Code   RO         3200    i.test_thread_entry  main.o
    0x080033bc   0x080033bc   0x000000d0   Code   RO         3303    i.usage_fault_track  cpuport.o
    0x0800348c   0x0800348c   0x0000000a   Code   RO         4570    i.version           cmd.o
    0x08003496   0x08003496   0x00000122   Data   RO         3852    .constdata          kservice.o
    0x080035b8   0x080035b8   0x00000044   Data   RO         4571    .conststring        cmd.o
    0x080035fc   0x080035fc   0x00000009   Data   RO         4009    .rodata.name        mem.o
    0x08003605   0x08003605   0x0000001e   Data   RO         4010    .rodata.name        mem.o
    0x08003623   0x08003623   0x00000006   Data   RO         4572    .rodata.name        cmd.o
    0x08003629   0x08003629   0x00000010   Data   RO         4573    .rodata.name        cmd.o
    0x08003639   0x08003639   0x00000008   Data   RO         4574    .rodata.name        cmd.o
    0x08003641   0x08003641   0x00000023   Data   RO         4575    .rodata.name        cmd.o
    0x08003664   0x08003664   0x0000000e   Data   RO         4576    .rodata.name        cmd.o
    0x08003672   0x08003672   0x00000023   Data   RO         4577    .rodata.name        cmd.o
    0x08003695   0x08003695   0x0000000c   Data   RO         4578    .rodata.name        cmd.o
    0x080036a1   0x080036a1   0x0000000c   Data   RO         4579    .rodata.name        cmd.o
    0x080036ad   0x080036ad   0x00000012   Data   RO         4580    .rodata.name        cmd.o
    0x080036bf   0x080036bf   0x0000000c   Data   RO         4581    .rodata.name        cmd.o
    0x080036cb   0x080036cb   0x00000009   Data   RO         4582    .rodata.name        cmd.o
    0x080036d4   0x080036d4   0x00000019   Data   RO         4583    .rodata.name        cmd.o
    0x080036ed   0x080036ed   0x0000000f   Data   RO         4584    .rodata.name        cmd.o
    0x080036fc   0x080036fc   0x00000019   Data   RO         4585    .rodata.name        cmd.o
    0x08003715   0x08003715   0x0000000b   Data   RO         4586    .rodata.name        cmd.o
    0x08003720   0x08003720   0x00000015   Data   RO         4587    .rodata.name        cmd.o
    0x08003735   0x08003735   0x00000011   Data   RO         4588    .rodata.name        cmd.o
    0x08003746   0x08003746   0x00000015   Data   RO         4589    .rodata.name        cmd.o
    0x0800375b   0x0800375b   0x0000000b   Data   RO         4590    .rodata.name        cmd.o
    0x08003766   0x08003766   0x00000015   Data   RO         4591    .rodata.name        cmd.o
    0x0800377b   0x0800377b   0x00000011   Data   RO         4592    .rodata.name        cmd.o
    0x0800378c   0x0800378c   0x00000015   Data   RO         4593    .rodata.name        cmd.o
    0x080037a1   0x080037a1   0x0000000d   Data   RO         4594    .rodata.name        cmd.o
    0x080037ae   0x080037ae   0x00000018   Data   RO         4595    .rodata.name        cmd.o
    0x080037c6   0x080037c6   0x00000013   Data   RO         4596    .rodata.name        cmd.o
    0x080037d9   0x080037d9   0x00000018   Data   RO         4597    .rodata.name        cmd.o
    0x080037f1   0x080037f1   0x0000000e   Data   RO         4598    .rodata.name        cmd.o
    0x080037ff   0x080037ff   0x0000001d   Data   RO         4599    .rodata.name        cmd.o
    0x0800381c   0x0800381c   0x00000014   Data   RO         4600    .rodata.name        cmd.o
    0x08003830   0x08003830   0x0000001d   Data   RO         4601    .rodata.name        cmd.o
    0x0800384d   0x0800384d   0x0000000b   Data   RO         4602    .rodata.name        cmd.o
    0x08003858   0x08003858   0x00000015   Data   RO         4603    .rodata.name        cmd.o
    0x0800386d   0x0800386d   0x00000011   Data   RO         4604    .rodata.name        cmd.o
    0x0800387e   0x0800387e   0x00000015   Data   RO         4605    .rodata.name        cmd.o
    0x08003893   0x08003893   0x00000005   Data   RO         4606    .rodata.name        cmd.o
    0x08003898   0x08003898   0x0000001a   Data   RO         4607    .rodata.name        cmd.o
    0x080038b2   0x080038b2   0x0000000b   Data   RO         4714    .rodata.name        msh.o
    0x080038bd   0x080038bd   0x00000016   Data   RO         4715    .rodata.name        msh.o
    0x080038d3   0x080038d3   0x00000009   Data   RO         4716    .rodata.name        msh.o
    0x080038dc   0x080038dc   0x0000001c   Data   RO         4717    .rodata.name        msh.o
    0x080038f8   0x080038f8   0x0000000b   Data   RO         4718    .rodata.name        msh.o
    0x08003903   0x08003903   0x00000025   Data   RO         4719    .rodata.name        msh.o
    0x08003928   0x08003928   0x00000004   Data   RO         3405    .rti_fn.0           components.o
    0x0800392c   0x0800392c   0x00000004   Data   RO         3406    .rti_fn.0.end       components.o
    0x08003930   0x08003930   0x00000004   Data   RO         3407    .rti_fn.1.end       components.o
    0x08003934   0x08003934   0x00000004   Data   RO         4785    .rti_fn.6           shell.o
    0x08003938   0x08003938   0x00000004   Data   RO         3408    .rti_fn.6.end       components.o
    0x0800393c   0x0800393c   0x0000000c   Data   RO         4011    FSymTab             mem.o
    0x08003948   0x08003948   0x000000d8   Data   RO         4608    FSymTab             cmd.o
    0x08003a20   0x08003a20   0x00000024   Data   RO         4720    FSymTab             msh.o
    0x08003a44   0x08003a44   0x00000020   Data   RO         4885    Region$$Table       anon$$obj.o


    Execution Region RW_IRAM1 (Exec base: 0x20000000, Load base: 0x08003a64, Size: 0x000028f8, Max: 0x00010000, ABSOLUTE, COMPRESSED[0x00000058])

    Exec Addr    Load Addr    Size         Type   Attr      Idx    E Section Name        Object

    0x20000000   COMPRESSED   0x00000014   Data   RW           27    .data               system_stm32f10x.o
    0x20000014   COMPRESSED   0x00000014   Data   RW         1731    .data               stm32f10x_rcc.o
    0x20000028   COMPRESSED   0x00000004   Data   RW         3201    .data               main.o
    0x2000002c   COMPRESSED   0x00000004   Data   RW         3304    .data               cpuport.o
    0x20000030   COMPRESSED   0x00000004   Data   RW         3305    .data               cpuport.o
    0x20000034   COMPRESSED   0x00000004   Data   RW         3306    .data               cpuport.o
    0x20000038   COMPRESSED   0x00000004   Data   RW         3307    .data               cpuport.o
    0x2000003c   COMPRESSED   0x00000004   Data   RW         3362    .data               clock.o
    0x20000040   COMPRESSED   0x0000000c   Data   RW         3789    .data               irq.o
    0x2000004c   COMPRESSED   0x00000020   Data   RW         4008    .data               mem.o
    0x2000006c   COMPRESSED   0x00000084   Data   RW         4116    .data               object.o
    0x200000f0   COMPRESSED   0x00000018   Data   RW         4226    .data               scheduler.o
    0x20000108   COMPRESSED   0x0000000c   Data   RW         4314    .data               thread.o
    0x20000114   COMPRESSED   0x00000014   Data   RW         4458    .data               timer.o
    0x20000128   COMPRESSED   0x00000018   Data   RW         4784    .data               shell.o
    0x20000140        -       0x00002000   Zero   RW         3251    .bss                board.o
    0x20002140        -       0x00000190   Zero   RW         3474    .bss                idle.o
    0x200022d0        -       0x00000080   Zero   RW         3851    .bss                kservice.o
    0x20002350        -       0x00000020   Zero   RW         4007    .bss                mem.o
    0x20002370        -       0x00000100   Zero   RW         4225    .bss                scheduler.o
    0x20002470        -       0x00000081   Zero   RW         4783    .bss                shell.o
    0x200024f1   COMPRESSED   0x00000007   PAD
    0x200024f8        -       0x00000400   Zero   RW            1    STACK               startup_stm32f10x_hd.o


==============================================================================

Image component sizes


      Code (inc. data)   RO Data    RW Data    ZI Data      Debug   Object Name

       198         20          0          0       8192      18413   board.o
        80         10          0          0          0        518   bsp_led.o
       132         10          0          0          0        623   bsp_uart.o
       106         12          0          4          0       1816   clock.o
      2608        990        939          0          0      19739   cmd.o
       182         28         16          0          0       5734   components.o
       244         28          0          0          0        780   context_rvds.o
         0          0          0          0          0       4508   core_cm3.o
      1344        720          0         16          0       5522   cpuport.o
        68          4          0          0          0        624   finsh_port.o
       156         24          0          0        400       5110   idle.o
       398         16          0          0          0       7805   ipc.o
        72          8          0         12          0       1682   irq.o
      1376        160        290          0        128      10645   kservice.o
        88         22          0          4          0       8653   main.o
       850        252         51         32         32       5275   mem.o
       784        164        154          0          0       8656   msh.o
       370         28          0        132          0       8668   object.o
       432         58          0         24        256       8102   scheduler.o
       928        138          4         24        129       9420   shell.o
        36          8        304          0       1024        872   startup_stm32f10x_hd.o
       160          0          0          0          0       2571   stm32f10x_gpio.o
        12          0          0          0          0       2579   stm32f10x_it.o
       172         22          0         20          0       3945   stm32f10x_rcc.o
       228          6          0          0          0       5286   stm32f10x_usart.o
       248         24          0         20          0     228253   system_stm32f10x.o
       822         56          0         12          0      13125   thread.o
       674         30          0         20          0      11665   timer.o

    ----------------------------------------------------------------------
     12800       2838       1790        320      10168     400589   Object Totals
         0          0         32          0          0          0   (incl. Generated)
        32          0          0          0          7          0   (incl. Padding)

    ----------------------------------------------------------------------

      Code (inc. data)   RO Data    RW Data    ZI Data      Debug   Library Member Name

        86          0          0          0          0          0   __dczerorl2.o
         0          0          0          0          0          0   entry.o
         0          0          0          0          0          0   entry10a.o
         0          0          0          0          0          0   entry11a.o
         8          4          0          0          0          0   entry2.o
         4          0          0          0          0          0   entry5.o
         0          0          0          0          0          0   entry7b.o
         0          0          0          0          0          0   entry8b.o
         8          4          0          0          0          0   entry9a.o
        30          0          0          0          0          0   handlers.o
        36          8          0          0          0         68   init.o
        36          0          0          0          0         68   memcpya.o
        36          0          0          0          0        108   memseta.o
        24          0          0          0          0         68   strcat.o
        18          0          0          0          0         68   strcpy.o
        14          0          0          0          0         68   strlen.o
        30          0          0          0          0         80   strncmp.o
        24          0          0          0          0         76   strncpy.o

    ----------------------------------------------------------------------
       358         16          0          0          0        604   Library Totals
         4          0          0          0          0          0   (incl. Padding)

    ----------------------------------------------------------------------

      Code (inc. data)   RO Data    RW Data    ZI Data      Debug   Library Name

       354         16          0          0          0        604   mc_w.l

    ----------------------------------------------------------------------
       358         16          0          0          0        604   Library Totals

    ----------------------------------------------------------------------

==============================================================================


      Code (inc. data)   RO Data    RW Data    ZI Data      Debug   

     13158       2854       1790        320      10168     393677   Grand Totals
     13158       2854       1790         88      10168     393677   ELF Image Totals (compressed)
     13158       2854       1790         88          0          0   ROM Totals

==============================================================================

    Total RO  Size (Code + RO Data)                14948 (  14.60kB)
    Total RW  Size (RW Data + ZI Data)             10488 (  10.24kB)
    Total ROM Size (Code + RO Data + RW Data)      15036 (  14.68kB)

==============================================================================

