Component: ARM Compiler 5.06 update 6 (build 750) Tool: armlink [4d35ed]

==============================================================================

Section Cross References

    startup_stm32f10x_hd.o(RESET) refers to startup_stm32f10x_hd.o(STACK) for __initial_sp
    startup_stm32f10x_hd.o(RESET) refers to startup_stm32f10x_hd.o(.text) for Reset_Handler
    startup_stm32f10x_hd.o(RESET) refers to stm32f10x_it.o(i.NMI_Handler) for NMI_Handler
    startup_stm32f10x_hd.o(RESET) refers to context_rvds.o(.text) for HardFault_Handler
    startup_stm32f10x_hd.o(RESET) refers to stm32f10x_it.o(i.MemManage_Handler) for MemManage_Handler
    startup_stm32f10x_hd.o(RESET) refers to stm32f10x_it.o(i.BusFault_Handler) for BusFault_Handler
    startup_stm32f10x_hd.o(RESET) refers to stm32f10x_it.o(i.UsageFault_Handler) for UsageFault_Handler
    startup_stm32f10x_hd.o(RESET) refers to stm32f10x_it.o(i.SVC_Handler) for SVC_Handler
    startup_stm32f10x_hd.o(RESET) refers to stm32f10x_it.o(i.DebugMon_Handler) for DebugMon_Handler
    startup_stm32f10x_hd.o(RESET) refers to board.o(i.SysTick_Handler) for SysTick_Handler
    startup_stm32f10x_hd.o(.text) refers to system_stm32f10x.o(i.SystemInit) for SystemInit
    startup_stm32f10x_hd.o(.text) refers to entry.o(.ARM.Collect$$$$00000000) for __main
    system_stm32f10x.o(i.SystemCoreClockUpdate) refers to system_stm32f10x.o(.data) for .data
    system_stm32f10x.o(i.SystemInit) refers to system_stm32f10x.o(i.SetSysClockTo72) for SetSysClockTo72
    stm32f10x_adc.o(i.ADC_DeInit) refers to stm32f10x_rcc.o(i.RCC_APB2PeriphResetCmd) for RCC_APB2PeriphResetCmd
    stm32f10x_bkp.o(i.BKP_DeInit) refers to stm32f10x_rcc.o(i.RCC_BackupResetCmd) for RCC_BackupResetCmd
    stm32f10x_can.o(i.CAN_DeInit) refers to stm32f10x_rcc.o(i.RCC_APB1PeriphResetCmd) for RCC_APB1PeriphResetCmd
    stm32f10x_can.o(i.CAN_GetITStatus) refers to stm32f10x_can.o(i.CheckITStatus) for CheckITStatus
    stm32f10x_cec.o(i.CEC_DeInit) refers to stm32f10x_rcc.o(i.RCC_APB1PeriphResetCmd) for RCC_APB1PeriphResetCmd
    stm32f10x_dac.o(i.DAC_DeInit) refers to stm32f10x_rcc.o(i.RCC_APB1PeriphResetCmd) for RCC_APB1PeriphResetCmd
    stm32f10x_flash.o(i.FLASH_EnableWriteProtection) refers to stm32f10x_flash.o(i.FLASH_WaitForLastOperation) for FLASH_WaitForLastOperation
    stm32f10x_flash.o(i.FLASH_EraseAllBank1Pages) refers to stm32f10x_flash.o(i.FLASH_WaitForLastBank1Operation) for FLASH_WaitForLastBank1Operation
    stm32f10x_flash.o(i.FLASH_EraseAllPages) refers to stm32f10x_flash.o(i.FLASH_WaitForLastOperation) for FLASH_WaitForLastOperation
    stm32f10x_flash.o(i.FLASH_EraseOptionBytes) refers to stm32f10x_flash.o(i.FLASH_GetReadOutProtectionStatus) for FLASH_GetReadOutProtectionStatus
    stm32f10x_flash.o(i.FLASH_EraseOptionBytes) refers to stm32f10x_flash.o(i.FLASH_WaitForLastOperation) for FLASH_WaitForLastOperation
    stm32f10x_flash.o(i.FLASH_ErasePage) refers to stm32f10x_flash.o(i.FLASH_WaitForLastOperation) for FLASH_WaitForLastOperation
    stm32f10x_flash.o(i.FLASH_ProgramHalfWord) refers to stm32f10x_flash.o(i.FLASH_WaitForLastOperation) for FLASH_WaitForLastOperation
    stm32f10x_flash.o(i.FLASH_ProgramOptionByteData) refers to stm32f10x_flash.o(i.FLASH_WaitForLastOperation) for FLASH_WaitForLastOperation
    stm32f10x_flash.o(i.FLASH_ProgramWord) refers to stm32f10x_flash.o(i.FLASH_WaitForLastOperation) for FLASH_WaitForLastOperation
    stm32f10x_flash.o(i.FLASH_ReadOutProtection) refers to stm32f10x_flash.o(i.FLASH_WaitForLastOperation) for FLASH_WaitForLastOperation
    stm32f10x_flash.o(i.FLASH_UserOptionByteConfig) refers to stm32f10x_flash.o(i.FLASH_WaitForLastOperation) for FLASH_WaitForLastOperation
    stm32f10x_flash.o(i.FLASH_WaitForLastBank1Operation) refers to stm32f10x_flash.o(i.FLASH_GetBank1Status) for FLASH_GetBank1Status
    stm32f10x_flash.o(i.FLASH_WaitForLastOperation) refers to stm32f10x_flash.o(i.FLASH_GetBank1Status) for FLASH_GetBank1Status
    stm32f10x_gpio.o(i.GPIO_AFIODeInit) refers to stm32f10x_rcc.o(i.RCC_APB2PeriphResetCmd) for RCC_APB2PeriphResetCmd
    stm32f10x_gpio.o(i.GPIO_DeInit) refers to stm32f10x_rcc.o(i.RCC_APB2PeriphResetCmd) for RCC_APB2PeriphResetCmd
    stm32f10x_i2c.o(i.I2C_DeInit) refers to stm32f10x_rcc.o(i.RCC_APB1PeriphResetCmd) for RCC_APB1PeriphResetCmd
    stm32f10x_i2c.o(i.I2C_Init) refers to stm32f10x_rcc.o(i.RCC_GetClocksFreq) for RCC_GetClocksFreq
    stm32f10x_pwr.o(i.PWR_DeInit) refers to stm32f10x_rcc.o(i.RCC_APB1PeriphResetCmd) for RCC_APB1PeriphResetCmd
    stm32f10x_rcc.o(i.RCC_GetClocksFreq) refers to stm32f10x_rcc.o(.data) for .data
    stm32f10x_rcc.o(i.RCC_WaitForHSEStartUp) refers to stm32f10x_rcc.o(i.RCC_GetFlagStatus) for RCC_GetFlagStatus
    stm32f10x_rtc.o(i.RTC_SetAlarm) refers to stm32f10x_rtc.o(i.RTC_EnterConfigMode) for RTC_EnterConfigMode
    stm32f10x_rtc.o(i.RTC_SetAlarm) refers to stm32f10x_rtc.o(i.RTC_ExitConfigMode) for RTC_ExitConfigMode
[...]
    Removing stm32f10x_flash.o(i.FLASH_ProgramOptionByteData), (76 bytes).
    Removing stm32f10x_flash.o(i.FLASH_ProgramWord), (80 bytes).
    Removing stm32f10x_flash.o(i.FLASH_ReadOutProtection), (136 bytes).
    Removing stm32f10x_flash.o(i.FLASH_SetLatency), (20 bytes).
    Removing stm32f10x_flash.o(i.FLASH_Unlock), (24 bytes).
    Removing stm32f10x_flash.o(i.FLASH_UnlockBank1), (24 bytes).
    Removing stm32f10x_flash.o(i.FLASH_UserOptionByteConfig), (96 bytes).
    Removing stm32f10x_flash.o(i.FLASH_WaitForLastBank1Operation), (34 bytes).
    Removing stm32f10x_flash.o(i.FLASH_WaitForLastOperation), (34 bytes).
    Removing stm32f10x_fsmc.o(i.FSMC_ClearFlag), (38 bytes).
    Removing stm32f10x_fsmc.o(i.FSMC_ClearITPendingBit), (42 bytes).
    Removing stm32f10x_fsmc.o(i.FSMC_GetECC), (18 bytes).
    Removing stm32f10x_fsmc.o(i.FSMC_GetFlagStatus), (40 bytes).
    Removing stm32f10x_fsmc.o(i.FSMC_GetITStatus), (48 bytes).
    Removing stm32f10x_fsmc.o(i.FSMC_ITConfig), (72 bytes).
    Removing stm32f10x_fsmc.o(i.FSMC_NANDCmd), (56 bytes).
    Removing stm32f10x_fsmc.o(i.FSMC_NANDDeInit), (40 bytes).
    Removing stm32f10x_fsmc.o(i.FSMC_NANDECCCmd), (56 bytes).
    Removing stm32f10x_fsmc.o(i.FSMC_NANDInit), (104 bytes).
    Removing stm32f10x_fsmc.o(i.FSMC_NANDStructInit), (54 bytes).
    Removing stm32f10x_fsmc.o(i.FSMC_NORSRAMCmd), (32 bytes).
    Removing stm32f10x_fsmc.o(i.FSMC_NORSRAMDeInit), (38 bytes).
    Removing stm32f10x_fsmc.o(i.FSMC_NORSRAMInit), (200 bytes).
    Removing stm32f10x_fsmc.o(i.FSMC_NORSRAMStructInit), (98 bytes).
    Removing stm32f10x_fsmc.o(i.FSMC_PCCARDCmd), (32 bytes).
    Removing stm32f10x_fsmc.o(i.FSMC_PCCARDDeInit), (26 bytes).
    Removing stm32f10x_fsmc.o(i.FSMC_PCCARDInit), (102 bytes).
    Removing stm32f10x_fsmc.o(i.FSMC_PCCARDStructInit), (60 bytes).
    Removing stm32f10x_gpio.o(i.GPIO_AFIODeInit), (22 bytes).
    Removing stm32f10x_gpio.o(i.GPIO_DeInit), (180 bytes).
    Removing stm32f10x_gpio.o(i.GPIO_ETH_MediaInterfaceConfig), (12 bytes).
    Removing stm32f10x_gpio.o(i.GPIO_EXTILineConfig), (40 bytes).
    Removing stm32f10x_gpio.o(i.GPIO_EventOutputCmd), (12 bytes).
    Removing stm32f10x_gpio.o(i.GPIO_EventOutputConfig), (28 bytes).
    Removing stm32f10x_gpio.o(i.GPIO_PinLockConfig), (16 bytes).
    Removing stm32f10x_gpio.o(i.GPIO_PinRemapConfig), (88 bytes).
    Removing stm32f10x_gpio.o(i.GPIO_ReadInputData), (6 bytes).
    Removing stm32f10x_gpio.o(i.GPIO_ReadInputDataBit), (14 bytes).
    Removing stm32f10x_gpio.o(i.GPIO_ReadOutputData), (6 bytes).
    Removing stm32f10x_gpio.o(i.GPIO_ReadOutputDataBit), (14 bytes).
    Removing stm32f10x_gpio.o(i.GPIO_ResetBits), (4 bytes).
    Removing stm32f10x_gpio.o(i.GPIO_SetBits), (4 bytes).
    Removing stm32f10x_gpio.o(i.GPIO_StructInit), (16 bytes).
    Removing stm32f10x_gpio.o(i.GPIO_Write), (4 bytes).
    Removing stm32f10x_gpio.o(i.GPIO_WriteBit), (10 bytes).
    Removing stm32f10x_i2c.o(i.I2C_ARPCmd), (20 bytes).
    Removing stm32f10x_i2c.o(i.I2C_AcknowledgeConfig), (20 bytes).
    Removing stm32f10x_i2c.o(i.I2C_CalculatePEC), (20 bytes).
    Removing stm32f10x_i2c.o(i.I2C_CheckEvent), (24 bytes).
    Removing stm32f10x_i2c.o(i.I2C_ClearFlag), (6 bytes).
    Removing stm32f10x_i2c.o(i.I2C_ClearITPendingBit), (6 bytes).
    Removing stm32f10x_i2c.o(i.I2C_Cmd), (20 bytes).
    Removing stm32f10x_i2c.o(i.I2C_DMACmd), (20 bytes).
    Removing stm32f10x_i2c.o(i.I2C_DMALastTransferCmd), (20 bytes).
    Removing stm32f10x_i2c.o(i.I2C_DeInit), (44 bytes).
    Removing stm32f10x_i2c.o(i.I2C_DualAddressCmd), (20 bytes).
    Removing stm32f10x_i2c.o(i.I2C_FastModeDutyCycleConfig), (22 bytes).
    Removing stm32f10x_i2c.o(i.I2C_GeneralCallCmd), (20 bytes).
    Removing stm32f10x_i2c.o(i.I2C_GenerateSTART), (20 bytes).
    Removing stm32f10x_i2c.o(i.I2C_GenerateSTOP), (20 bytes).
    Removing stm32f10x_i2c.o(i.I2C_GetFlagStatus), (42 bytes).
    Removing stm32f10x_i2c.o(i.I2C_GetITStatus), (36 bytes).
    Removing stm32f10x_i2c.o(i.I2C_GetLastEvent), (14 bytes).
    Removing stm32f10x_i2c.o(i.I2C_GetPEC), (6 bytes).
    Removing stm32f10x_i2c.o(i.I2C_ITConfig), (16 bytes).
    Removing stm32f10x_i2c.o(i.I2C_Init), (188 bytes).
    Removing stm32f10x_i2c.o(i.I2C_NACKPositionConfig), (22 bytes).
    Removing stm32f10x_i2c.o(i.I2C_OwnAddress2Config), (16 bytes).
    Removing stm32f10x_i2c.o(i.I2C_PECPositionConfig), (22 bytes).
    Removing stm32f10x_i2c.o(i.I2C_ReadRegister), (10 bytes).
    Removing stm32f10x_i2c.o(i.I2C_ReceiveData), (6 bytes).
    Removing stm32f10x_i2c.o(i.I2C_SMBusAlertConfig), (22 bytes).
    Removing stm32f10x_i2c.o(i.I2C_Send7bitAddress), (16 bytes).
    Removing stm32f10x_i2c.o(i.I2C_SendData), (4 bytes).
    Removing stm32f10x_i2c.o(i.I2C_SoftwareResetCmd), (20 bytes).
    Removing stm32f10x_i2c.o(i.I2C_StretchClockCmd), (20 bytes).
    Removing stm32f10x_i2c.o(i.I2C_StructInit), (28 bytes).
    Removing stm32f10x_i2c.o(i.I2C_TransmitPEC), (20 bytes).
    Removing stm32f10x_iwdg.o(i.IWDG_Enable), (16 bytes).
    Removing stm32f10x_iwdg.o(i.IWDG_GetFlagStatus), (20 bytes).
    Removing stm32f10x_iwdg.o(i.IWDG_ReloadCounter), (16 bytes).
    Removing stm32f10x_iwdg.o(i.IWDG_SetPrescaler), (12 bytes).
    Removing stm32f10x_iwdg.o(i.IWDG_SetReload), (12 bytes).
    Removing stm32f10x_iwdg.o(i.IWDG_WriteAccessCmd), (12 bytes).
    Removing stm32f10x_pwr.o(i.PWR_BackupAccessCmd), (12 bytes).
    Removing stm32f10x_pwr.o(i.PWR_ClearFlag), (16 bytes).
    Removing stm32f10x_pwr.o(i.PWR_DeInit), (24 bytes).
    Removing stm32f10x_pwr.o(i.PWR_EnterSTANDBYMode), (40 bytes).
    Removing stm32f10x_pwr.o(i.PWR_EnterSTOPMode), (52 bytes).
    Removing stm32f10x_pwr.o(i.PWR_GetFlagStatus), (20 bytes).
    Removing stm32f10x_pwr.o(i.PWR_PVDCmd), (12 bytes).
    Removing stm32f10x_pwr.o(i.PWR_PVDLevelConfig), (20 bytes).
    Removing stm32f10x_pwr.o(i.PWR_WakeUpPinCmd), (12 bytes).
    Removing stm32f10x_rcc.o(i.RCC_ADCCLKConfig), (20 bytes).
    Removing stm32f10x_rcc.o(i.RCC_AHBPeriphClockCmd), (24 bytes).
    Removing stm32f10x_rcc.o(i.RCC_APB1PeriphClockCmd), (24 bytes).
    Removing stm32f10x_rcc.o(i.RCC_APB1PeriphResetCmd), (24 bytes).
    Removing stm32f10x_rcc.o(i.RCC_APB2PeriphResetCmd), (24 bytes).
    Removing stm32f10x_rcc.o(i.RCC_AdjustHSICalibrationValue), (20 bytes).
    Removing stm32f10x_rcc.o(i.RCC_BackupResetCmd), (12 bytes).
    Removing stm32f10x_rcc.o(i.RCC_ClearFlag), (16 bytes).
    Removing stm32f10x_rcc.o(i.RCC_ClearITPendingBit), (12 bytes).
    Removing stm32f10x_rcc.o(i.RCC_ClockSecuritySystemCmd), (12 bytes).
    Removing stm32f10x_rcc.o(i.RCC_DeInit), (64 bytes).
    Removing stm32f10x_rcc.o(i.RCC_GetFlagStatus), (48 bytes).
    Removing stm32f10x_rcc.o(i.RCC_GetITStatus), (20 bytes).
    Removing stm32f10x_rcc.o(i.RCC_GetSYSCLKSource), (16 bytes).
    Removing stm32f10x_rcc.o(i.RCC_HCLKConfig), (20 bytes).
    Removing stm32f10x_rcc.o(i.RCC_HSEConfig), (52 bytes).
    Removing stm32f10x_rcc.o(i.RCC_HSICmd), (12 bytes).
    Removing stm32f10x_rcc.o(i.RCC_ITConfig), (24 bytes).
    Removing stm32f10x_rcc.o(i.RCC_LSEConfig), (32 bytes).
    Removing stm32f10x_rcc.o(i.RCC_LSICmd), (12 bytes).
    Removing stm32f10x_rcc.o(i.RCC_MCOConfig), (12 bytes).
    Removing stm32f10x_rcc.o(i.RCC_PCLK1Config), (20 bytes).
    Removing stm32f10x_rcc.o(i.RCC_PCLK2Config), (20 bytes).
    Removing stm32f10x_rcc.o(i.RCC_PLLCmd), (12 bytes).
    Removing stm32f10x_rcc.o(i.RCC_PLLConfig), (20 bytes).
    Removing stm32f10x_rcc.o(i.RCC_RTCCLKCmd), (12 bytes).
    Removing stm32f10x_rcc.o(i.RCC_RTCCLKConfig), (16 bytes).
    Removing stm32f10x_rcc.o(i.RCC_SYSCLKConfig), (20 bytes).
    Removing stm32f10x_rcc.o(i.RCC_USBCLKConfig), (12 bytes).
    Removing stm32f10x_rcc.o(i.RCC_WaitForHSEStartUp), (44 bytes).
    Removing stm32f10x_rtc.o(i.RTC_ClearFlag), (16 bytes).
    Removing stm32f10x_rtc.o(i.RTC_ClearITPendingBit), (16 bytes).
    Removing stm32f10x_rtc.o(i.RTC_EnterConfigMode), (16 bytes).
    Removing stm32f10x_rtc.o(i.RTC_ExitConfigMode), (16 bytes).
    Removing stm32f10x_rtc.o(i.RTC_GetCounter), (20 bytes).
    Removing stm32f10x_rtc.o(i.RTC_GetDivider), (24 bytes).
    Removing stm32f10x_rtc.o(i.RTC_GetFlagStatus), (20 bytes).
    Removing stm32f10x_rtc.o(i.RTC_GetITStatus), (32 bytes).
    Removing stm32f10x_rtc.o(i.RTC_ITConfig), (24 bytes).
    Removing stm32f10x_rtc.o(i.RTC_SetAlarm), (32 bytes).
    Removing stm32f10x_rtc.o(i.RTC_SetCounter), (32 bytes).
    Removing stm32f10x_rtc.o(i.RTC_SetPrescaler), (32 bytes).
    Removing stm32f10x_rtc.o(i.RTC_WaitForLastTask), (16 bytes).
    Removing stm32f10x_rtc.o(i.RTC_WaitForSynchro), (24 bytes).
    Removing stm32f10x_sdio.o(i.SDIO_CEATAITCmd), (16 bytes).
    Removing stm32f10x_sdio.o(i.SDIO_ClearFlag), (12 bytes).
    Removing stm32f10x_sdio.o(i.SDIO_ClearITPendingBit), (12 bytes).
    Removing stm32f10x_sdio.o(i.SDIO_ClockCmd), (12 bytes).
    Removing stm32f10x_sdio.o(i.SDIO_CmdStructInit), (14 bytes).
    Removing stm32f10x_sdio.o(i.SDIO_CommandCompletionCmd), (12 bytes).
    Removing stm32f10x_sdio.o(i.SDIO_DMACmd), (12 bytes).
    Removing stm32f10x_sdio.o(i.SDIO_DataConfig), (44 bytes).
    Removing stm32f10x_sdio.o(i.SDIO_DataStructInit), (20 bytes).
    Removing stm32f10x_sdio.o(i.SDIO_DeInit), (36 bytes).
    Removing stm32f10x_sdio.o(i.SDIO_GetCommandResponse), (12 bytes).
    Removing stm32f10x_sdio.o(i.SDIO_GetDataCounter), (12 bytes).
    Removing stm32f10x_sdio.o(i.SDIO_GetFIFOCount), (12 bytes).
    Removing stm32f10x_sdio.o(i.SDIO_GetFlagStatus), (20 bytes).
    Removing stm32f10x_sdio.o(i.SDIO_GetITStatus), (20 bytes).
    Removing stm32f10x_sdio.o(i.SDIO_GetPowerState), (16 bytes).
    Removing stm32f10x_sdio.o(i.SDIO_GetResponse), (16 bytes).
    Removing stm32f10x_sdio.o(i.SDIO_ITConfig), (24 bytes).
    Removing stm32f10x_sdio.o(i.SDIO_Init), (44 bytes).
    Removing stm32f10x_sdio.o(i.SDIO_ReadData), (12 bytes).
    Removing stm32f10x_sdio.o(i.SDIO_SendCEATACmd), (12 bytes).
    Removing stm32f10x_sdio.o(i.SDIO_SendCommand), (40 bytes).
    Removing stm32f10x_sdio.o(i.SDIO_SendSDIOSuspendCmd), (12 bytes).
    Removing stm32f10x_sdio.o(i.SDIO_SetPowerState), (24 bytes).
    Removing stm32f10x_sdio.o(i.SDIO_SetSDIOOperation), (12 bytes).
    Removing stm32f10x_sdio.o(i.SDIO_SetSDIOReadWaitMode), (12 bytes).
    Removing stm32f10x_sdio.o(i.SDIO_StartSDIOReadWait), (12 bytes).
    Removing stm32f10x_sdio.o(i.SDIO_StopSDIOReadWait), (12 bytes).
    Removing stm32f10x_sdio.o(i.SDIO_StructInit), (16 bytes).
    Removing stm32f10x_sdio.o(i.SDIO_WriteData), (12 bytes).
    Removing stm32f10x_spi.o(i.I2S_Cmd), (20 bytes).
    Removing stm32f10x_spi.o(i.I2S_Init), (150 bytes).
    Removing stm32f10x_spi.o(i.I2S_StructInit), (18 bytes).
    Removing stm32f10x_spi.o(i.SPI_BiDirectionalLineConfig), (22 bytes).
    Removing stm32f10x_spi.o(i.SPI_CalculateCRC), (20 bytes).
    Removing stm32f10x_spi.o(i.SPI_Cmd), (20 bytes).
    Removing stm32f10x_spi.o(i.SPI_DataSizeConfig), (16 bytes).
    Removing stm32f10x_spi.o(i.SPI_GetCRC), (12 bytes).
    Removing stm32f10x_spi.o(i.SPI_GetCRCPolynomial), (4 bytes).
    Removing stm32f10x_spi.o(i.SPI_I2S_ClearFlag), (6 bytes).
    Removing stm32f10x_spi.o(i.SPI_I2S_ClearITPendingBit), (14 bytes).
    Removing stm32f10x_spi.o(i.SPI_I2S_DMACmd), (16 bytes).
    Removing stm32f10x_spi.o(i.SPI_I2S_DeInit), (84 bytes).
    Removing stm32f10x_spi.o(i.SPI_I2S_GetFlagStatus), (14 bytes).
    Removing stm32f10x_spi.o(i.SPI_I2S_GetITStatus), (44 bytes).
    Removing stm32f10x_spi.o(i.SPI_I2S_ITConfig), (24 bytes).
    Removing stm32f10x_spi.o(i.SPI_I2S_ReceiveData), (4 bytes).
    Removing stm32f10x_spi.o(i.SPI_I2S_SendData), (4 bytes).
    Removing stm32f10x_spi.o(i.SPI_Init), (56 bytes).
    Removing stm32f10x_spi.o(i.SPI_NSSInternalSoftwareConfig), (24 bytes).
    Removing stm32f10x_spi.o(i.SPI_SSOutputCmd), (20 bytes).
    Removing stm32f10x_spi.o(i.SPI_StructInit), (24 bytes).
    Removing stm32f10x_spi.o(i.SPI_TransmitCRC), (10 bytes).
    Removing stm32f10x_tim.o(i.TI1_Config), (108 bytes).
    Removing stm32f10x_tim.o(i.TI2_Config), (124 bytes).
    Removing stm32f10x_tim.o(i.TIM_ARRPreloadConfig), (20 bytes).
    Removing stm32f10x_tim.o(i.TIM_BDTRConfig), (34 bytes).
    Removing stm32f10x_tim.o(i.TIM_BDTRStructInit), (18 bytes).
    Removing stm32f10x_tim.o(i.TIM_CCPreloadControl), (20 bytes).
    Removing stm32f10x_tim.o(i.TIM_CCxCmd), (22 bytes).
    Removing stm32f10x_tim.o(i.TIM_CCxNCmd), (22 bytes).
    Removing stm32f10x_tim.o(i.TIM_ClearFlag), (6 bytes).
    Removing stm32f10x_tim.o(i.TIM_ClearITPendingBit), (6 bytes).
    Removing stm32f10x_tim.o(i.TIM_ClearOC1Ref), (12 bytes).
    Removing stm32f10x_tim.o(i.TIM_ClearOC2Ref), (20 bytes).
    Removing stm32f10x_tim.o(i.TIM_ClearOC3Ref), (12 bytes).
    Removing stm32f10x_tim.o(i.TIM_ClearOC4Ref), (20 bytes).
    Removing stm32f10x_tim.o(i.TIM_Cmd), (20 bytes).
    Removing stm32f10x_tim.o(i.TIM_CounterModeConfig), (12 bytes).
    Removing stm32f10x_tim.o(i.TIM_CtrlPWMOutputs), (22 bytes).
    Removing stm32f10x_tim.o(i.TIM_DMACmd), (16 bytes).
    Removing stm32f10x_tim.o(i.TIM_DMAConfig), (8 bytes).
    Removing stm32f10x_tim.o(i.TIM_DeInit), (368 bytes).
    Removing stm32f10x_tim.o(i.TIM_ETRClockMode1Config), (18 bytes).
    Removing stm32f10x_tim.o(i.TIM_ETRClockMode2Config), (18 bytes).
    Removing stm32f10x_tim.o(i.TIM_ETRConfig), (24 bytes).
    Removing stm32f10x_tim.o(i.TIM_EncoderInterfaceConfig), (50 bytes).
    Removing stm32f10x_tim.o(i.TIM_ForcedOC1Config), (12 bytes).
    Removing stm32f10x_tim.o(i.TIM_ForcedOC2Config), (20 bytes).
    Removing stm32f10x_tim.o(i.TIM_ForcedOC3Config), (12 bytes).
    Removing stm32f10x_tim.o(i.TIM_ForcedOC4Config), (20 bytes).
    Removing stm32f10x_tim.o(i.TIM_GenerateEvent), (4 bytes).
    Removing stm32f10x_tim.o(i.TIM_GetCapture1), (4 bytes).
    Removing stm32f10x_tim.o(i.TIM_GetCapture2), (4 bytes).
    Removing stm32f10x_tim.o(i.TIM_GetCapture3), (4 bytes).
    Removing stm32f10x_tim.o(i.TIM_GetCapture4), (6 bytes).
    Removing stm32f10x_tim.o(i.TIM_GetCounter), (4 bytes).
    Removing stm32f10x_tim.o(i.TIM_GetFlagStatus), (14 bytes).
    Removing stm32f10x_tim.o(i.TIM_GetITStatus), (24 bytes).
    Removing stm32f10x_tim.o(i.TIM_GetPrescaler), (4 bytes).
    Removing stm32f10x_tim.o(i.TIM_ICInit), (300 bytes).
    Removing stm32f10x_tim.o(i.TIM_ICStructInit), (16 bytes).
    Removing stm32f10x_tim.o(i.TIM_ITConfig), (16 bytes).
    Removing stm32f10x_tim.o(i.TIM_ITRxExternalClockConfig), (18 bytes).
    Removing stm32f10x_tim.o(i.TIM_InternalClockConfig), (10 bytes).
    Removing stm32f10x_tim.o(i.TIM_OC1FastConfig), (12 bytes).
    Removing stm32f10x_tim.o(i.TIM_OC1Init), (128 bytes).
    Removing stm32f10x_tim.o(i.TIM_OC1NPolarityConfig), (12 bytes).
    Removing stm32f10x_tim.o(i.TIM_OC1PolarityConfig), (12 bytes).
    Removing stm32f10x_tim.o(i.TIM_OC1PreloadConfig), (12 bytes).
    Removing stm32f10x_tim.o(i.TIM_OC2FastConfig), (20 bytes).
    Removing stm32f10x_tim.o(i.TIM_OC2Init), (128 bytes).
    Removing stm32f10x_tim.o(i.TIM_OC2NPolarityConfig), (20 bytes).
    Removing stm32f10x_tim.o(i.TIM_OC2PolarityConfig), (20 bytes).
    Removing stm32f10x_tim.o(i.TIM_OC2PreloadConfig), (20 bytes).
    Removing stm32f10x_tim.o(i.TIM_OC3FastConfig), (12 bytes).
    Removing stm32f10x_tim.o(i.TIM_OC3Init), (124 bytes).
    Removing stm32f10x_tim.o(i.TIM_OC3NPolarityConfig), (20 bytes).
    Removing stm32f10x_tim.o(i.TIM_OC3PolarityConfig), (20 bytes).
    Removing stm32f10x_tim.o(i.TIM_OC3PreloadConfig), (12 bytes).
    Removing stm32f10x_tim.o(i.TIM_OC4FastConfig), (20 bytes).
    Removing stm32f10x_tim.o(i.TIM_OC4Init), (100 bytes).
    Removing stm32f10x_tim.o(i.TIM_OC4PolarityConfig), (20 bytes).
    Removing stm32f10x_tim.o(i.TIM_OC4PreloadConfig), (20 bytes).
    Removing stm32f10x_tim.o(i.TIM_OCStructInit), (20 bytes).
    Removing stm32f10x_tim.o(i.TIM_PWMIConfig), (108 bytes).
    Removing stm32f10x_tim.o(i.TIM_PrescalerConfig), (6 bytes).
    Removing stm32f10x_tim.o(i.TIM_SelectCCDMA), (20 bytes).
    Removing stm32f10x_tim.o(i.TIM_SelectCOM), (20 bytes).
    Removing stm32f10x_tim.o(i.TIM_SelectHallSensor), (20 bytes).
    Removing stm32f10x_tim.o(i.TIM_SelectInputTrigger), (12 bytes).
    Removing stm32f10x_tim.o(i.TIM_SelectMasterSlaveMode), (16 bytes).
    Removing stm32f10x_tim.o(i.TIM_SelectOCxM), (70 bytes).
    Removing stm32f10x_tim.o(i.TIM_SelectOnePulseMode), (16 bytes).
    Removing stm32f10x_tim.o(i.TIM_SelectOutputTrigger), (16 bytes).
    Removing stm32f10x_tim.o(i.TIM_SelectSlaveMode), (16 bytes).
    Removing stm32f10x_tim.o(i.TIM_SetAutoreload), (4 bytes).
    Removing stm32f10x_tim.o(i.TIM_SetClockDivision), (16 bytes).
    Removing stm32f10x_tim.o(i.TIM_SetCompare1), (4 bytes).
    Removing stm32f10x_tim.o(i.TIM_SetCompare2), (4 bytes).
    Removing stm32f10x_tim.o(i.TIM_SetCompare3), (4 bytes).
    Removing stm32f10x_tim.o(i.TIM_SetCompare4), (6 bytes).
    Removing stm32f10x_tim.o(i.TIM_SetCounter), (4 bytes).
    Removing stm32f10x_tim.o(i.TIM_SetIC1Prescaler), (16 bytes).
    Removing stm32f10x_tim.o(i.TIM_SetIC2Prescaler), (24 bytes).
    Removing stm32f10x_tim.o(i.TIM_SetIC3Prescaler), (16 bytes).
    Removing stm32f10x_tim.o(i.TIM_SetIC4Prescaler), (24 bytes).
    Removing stm32f10x_tim.o(i.TIM_TIxExternalClockConfig), (46 bytes).
    Removing stm32f10x_tim.o(i.TIM_TimeBaseInit), (156 bytes).
    Removing stm32f10x_tim.o(i.TIM_TimeBaseStructInit), (18 bytes).
    Removing stm32f10x_tim.o(i.TIM_UpdateDisableConfig), (20 bytes).
    Removing stm32f10x_tim.o(i.TIM_UpdateRequestConfig), (20 bytes).
    Removing stm32f10x_usart.o(i.USART_ClearFlag), (6 bytes).
    Removing stm32f10x_usart.o(i.USART_ClearITPendingBit), (12 bytes).
    Removing stm32f10x_usart.o(i.USART_ClockInit), (30 bytes).
    Removing stm32f10x_usart.o(i.USART_ClockStructInit), (12 bytes).
    Removing stm32f10x_usart.o(i.USART_DMACmd), (16 bytes).
    Removing stm32f10x_usart.o(i.USART_DeInit), (116 bytes).
    Removing stm32f10x_usart.o(i.USART_GetITStatus), (62 bytes).
    Removing stm32f10x_usart.o(i.USART_HalfDuplexCmd), (20 bytes).
    Removing stm32f10x_usart.o(i.USART_ITConfig), (48 bytes).
    Removing stm32f10x_usart.o(i.USART_IrDACmd), (20 bytes).
    Removing stm32f10x_usart.o(i.USART_IrDAConfig), (16 bytes).
    Removing stm32f10x_usart.o(i.USART_LINBreakDetectLengthConfig), (16 bytes).
    Removing stm32f10x_usart.o(i.USART_LINCmd), (20 bytes).
    Removing stm32f10x_usart.o(i.USART_OneBitMethodCmd), (20 bytes).
    Removing stm32f10x_usart.o(i.USART_OverSampling8Cmd), (20 bytes).
    Removing stm32f10x_usart.o(i.USART_ReceiveData), (8 bytes).
    Removing stm32f10x_usart.o(i.USART_ReceiverWakeUpCmd), (20 bytes).
    Removing stm32f10x_usart.o(i.USART_SendBreak), (10 bytes).
    Removing stm32f10x_usart.o(i.USART_SetAddress), (16 bytes).
    Removing stm32f10x_usart.o(i.USART_SetGuardTime), (16 bytes).
    Removing stm32f10x_usart.o(i.USART_SetPrescaler), (16 bytes).
    Removing stm32f10x_usart.o(i.USART_SmartCardCmd), (20 bytes).
    Removing stm32f10x_usart.o(i.USART_SmartCardNACKCmd), (20 bytes).
    Removing stm32f10x_usart.o(i.USART_StructInit), (22 bytes).
    Removing stm32f10x_usart.o(i.USART_WakeUpConfig), (16 bytes).
    Removing stm32f10x_wwdg.o(i.WWDG_ClearFlag), (12 bytes).
    Removing stm32f10x_wwdg.o(i.WWDG_DeInit), (24 bytes).
    Removing stm32f10x_wwdg.o(i.WWDG_Enable), (16 bytes).
    Removing stm32f10x_wwdg.o(i.WWDG_EnableIT), (16 bytes).
    Removing stm32f10x_wwdg.o(i.WWDG_GetFlagStatus), (12 bytes).
    Removing stm32f10x_wwdg.o(i.WWDG_SetCounter), (16 bytes).
    Removing stm32f10x_wwdg.o(i.WWDG_SetPrescaler), (20 bytes).
    Removing stm32f10x_wwdg.o(i.WWDG_SetWindowValue), (28 bytes).
    Removing bsp_uart.o(i.nvic1_config), (48 bytes).
    Removing bsp_uart.o(i.nvic2_config), (32 bytes).
    Removing bsp_uart.o(i.nvic3_config), (32 bytes).
    Removing bsp_uart.o(i.nvic4_config), (34 bytes).
    Removing bsp_uart.o(i.nvic5_config), (32 bytes).
    Removing bsp_uart.o(i.uart_init), (236 bytes).
    Removing bsp_uart.o(i.uart_sendbytes), (56 bytes).
    Removing bsp_uart.o(.data), (180 bytes).
    Removing cpuport.o(i.rt_hw_cpu_reset), (16 bytes).
    Removing cpuport.o(i.rt_hw_cpu_shutdown), (24 bytes).
    Removing cpuport.o(i.rt_hw_exception_install), (12 bytes).
    Removing clock.o(i.rt_system_tick_init), (2 bytes).
    Removing clock.o(i.rt_tick_from_millisecond), (50 bytes).
    Removing clock.o(i.rt_tick_set), (24 bytes).
    Removing idle.o(i.rt_thread_idle_delhook), (52 bytes).
    Removing idle.o(i.rt_thread_idle_gethandler), (8 bytes).
    Removing idle.o(i.rt_thread_idle_sethook), (52 bytes).
    Removing ipc.o(i.rt_event_control), (46 bytes).
    Removing ipc.o(i.rt_event_create), (32 bytes).
    Removing ipc.o(i.rt_event_delete), (20 bytes).
    Removing ipc.o(i.rt_event_detach), (20 bytes).
    Removing ipc.o(i.rt_event_init), (30 bytes).
    Removing ipc.o(i.rt_event_recv), (240 bytes).
    Removing ipc.o(i.rt_event_send), (168 bytes).
    Removing ipc.o(i.rt_ipc_list_resume_all), (46 bytes).
    Removing ipc.o(i.rt_mb_control), (58 bytes).
    Removing ipc.o(i.rt_mb_create), (72 bytes).
    Removing ipc.o(i.rt_mb_delete), (34 bytes).
    Removing ipc.o(i.rt_mb_detach), (28 bytes).
    Removing ipc.o(i.rt_mb_init), (52 bytes).
    Removing ipc.o(i.rt_mb_recv), (280 bytes).
    Removing ipc.o(i.rt_mb_send), (6 bytes).
    Removing ipc.o(i.rt_mb_send_wait), (256 bytes).
    Removing ipc.o(i.rt_mq_control), (80 bytes).
    Removing ipc.o(i.rt_mq_create), (120 bytes).
    Removing ipc.o(i.rt_mq_delete), (34 bytes).
    Removing ipc.o(i.rt_mq_detach), (28 bytes).
    Removing ipc.o(i.rt_mq_init), (104 bytes).
    Removing ipc.o(i.rt_mq_recv), (300 bytes).
    Removing ipc.o(i.rt_mq_send), (6 bytes).
    Removing ipc.o(i.rt_mq_send_wait), (292 bytes).
    Removing ipc.o(i.rt_mq_urgent), (156 bytes).
    Removing ipc.o(i.rt_mutex_control), (6 bytes).
    Removing ipc.o(i.rt_mutex_create), (42 bytes).
    Removing ipc.o(i.rt_mutex_delete), (20 bytes).
    Removing ipc.o(i.rt_mutex_detach), (20 bytes).
    Removing ipc.o(i.rt_mutex_init), (40 bytes).
    Removing ipc.o(i.rt_mutex_release), (184 bytes).
    Removing ipc.o(i.rt_mutex_take), (216 bytes).
    Removing ipc.o(i.rt_sem_control), (46 bytes).
    Removing ipc.o(i.rt_sem_create), (32 bytes).
    Removing ipc.o(i.rt_sem_delete), (20 bytes).
    Removing ipc.o(i.rt_sem_detach), (20 bytes).
    Removing ipc.o(i.rt_sem_trytake), (6 bytes).
    Removing irq.o(i.rt_interrupt_enter_sethook), (12 bytes).
    Removing irq.o(i.rt_interrupt_get_nest), (24 bytes).
    Removing irq.o(i.rt_interrupt_leave_sethook), (12 bytes).
    Removing kservice.o(i._rt_errno), (28 bytes).
    Removing kservice.o(i.rt_free_align), (8 bytes).
    Removing kservice.o(i.rt_get_errno), (28 bytes).
    Removing kservice.o(i.rt_hw_console_output), (2 bytes).
    Removing kservice.o(i.rt_kputs), (12 bytes).
    Removing kservice.o(i.rt_malloc_align), (50 bytes).
    Removing kservice.o(i.rt_memcmp), (28 bytes).
    Removing kservice.o(i.rt_memcpy), (74 bytes).
    Removing kservice.o(i.rt_memmove), (46 bytes).
    Removing kservice.o(i.rt_set_errno), (32 bytes).
    Removing kservice.o(i.rt_snprintf), (18 bytes).
    Removing kservice.o(i.rt_sprintf), (18 bytes).
    Removing kservice.o(i.rt_strcasecmp), (42 bytes).
    Removing kservice.o(i.rt_strcmp), (24 bytes).
    Removing kservice.o(i.rt_strdup), (36 bytes).
    Removing kservice.o(i.rt_strlen), (16 bytes).
    Removing kservice.o(i.rt_strncmp), (32 bytes).
    Removing kservice.o(i.rt_strnlen), (20 bytes).
    Removing kservice.o(i.rt_strstr), (54 bytes).
    Removing kservice.o(i.rt_vsprintf), (12 bytes).
    Removing kservice.o(.data), (4 bytes).
    Removing mem.o(i.rt_calloc), (26 bytes).
    Removing mem.o(i.rt_free_sethook), (12 bytes).
    Removing mem.o(i.rt_malloc_sethook), (12 bytes).
    Removing mem.o(i.rt_memory_info), (32 bytes).
    Removing mem.o(i.rt_realloc), (220 bytes).
    Removing object.o(i.rt_object_attach_sethook), (12 bytes).
    Removing object.o(i.rt_object_detach_sethook), (12 bytes).
    Removing object.o(i.rt_object_find), (70 bytes).
    Removing object.o(i.rt_object_get_length), (42 bytes).
    Removing object.o(i.rt_object_get_pointers), (70 bytes).
    Removing object.o(i.rt_object_get_type), (8 bytes).
    Removing object.o(i.rt_object_put_sethook), (12 bytes).
    Removing object.o(i.rt_object_take_sethook), (12 bytes).
    Removing object.o(i.rt_object_trytake_sethook), (12 bytes).
    Removing object.o(i.rt_system_object_init), (2 bytes).
    Removing scheduler.o(i.rt_critical_level), (12 bytes).
    Removing scheduler.o(i.rt_scheduler_sethook), (12 bytes).
    Removing thread.o(i.rt_thread_control), (118 bytes).
    Removing thread.o(i.rt_thread_delay_until), (112 bytes).
    Removing thread.o(i.rt_thread_delete), (76 bytes).
    Removing thread.o(i.rt_thread_detach), (96 bytes).
    Removing thread.o(i.rt_thread_find), (6 bytes).
    Removing thread.o(i.rt_thread_inited_sethook), (12 bytes).
    Removing thread.o(i.rt_thread_mdelay), (14 bytes).
    Removing thread.o(i.rt_thread_resume_sethook), (12 bytes).
    Removing thread.o(i.rt_thread_suspend_sethook), (12 bytes).
    Removing timer.o(i.rt_timer_create), (46 bytes).
    Removing timer.o(i.rt_timer_delete), (40 bytes).
    Removing timer.o(i.rt_timer_enter_sethook), (12 bytes).
    Removing timer.o(i.rt_timer_exit_sethook), (12 bytes).
    Removing timer.o(i.rt_timer_next_timeout_tick), (40 bytes).

575 unused section(s) (total 20910 bytes) removed from the image.

==============================================================================

Image Symbol Table

    Local Symbols

    Symbol Name                              Value     Ov Type        Size  Object(Section)

    ../clib/microlib/init/entry.s            0x00000000   Number         0  entry11a.o ABSOLUTE
    ../clib/microlib/init/entry.s            0x00000000   Number         0  entry10b.o ABSOLUTE
    ../clib/microlib/init/entry.s            0x00000000   Number         0  entry.o ABSOLUTE
    ../clib/microlib/init/entry.s            0x00000000   Number         0  entry5.o ABSOLUTE
    ../clib/microlib/init/entry.s            0x00000000   Number         0  entry7a.o ABSOLUTE
    ../clib/microlib/init/entry.s            0x00000000   Number         0  entry9a.o ABSOLUTE
    ../clib/microlib/init/entry.s            0x00000000   Number         0  entry7b.o ABSOLUTE
    ../clib/microlib/init/entry.s            0x00000000   Number         0  entry8a.o ABSOLUTE
    ../clib/microlib/init/entry.s            0x00000000   Number         0  entry8b.o ABSOLUTE
    ../clib/microlib/init/entry.s            0x00000000   Number         0  entry2.o ABSOLUTE
    ../clib/microlib/init/entry.s            0x00000000   Number         0  entry11b.o ABSOLUTE
    ../clib/microlib/init/entry.s            0x00000000   Number         0  entry9b.o ABSOLUTE
    ../clib/microlib/init/entry.s            0x00000000   Number         0  entry10a.o ABSOLUTE
    ..\APP\main.c                            0x00000000   Number         0  main.o ABSOLUTE
    ..\BSP\bsp_uart.c                        0x00000000   Number         0  bsp_uart.o ABSOLUTE
    ..\BSP\stm32f10x_it.c                    0x00000000   Number         0  stm32f10x_it.o ABSOLUTE
    ..\Libraries\CMSIS\core_cm3.c            0x00000000   Number         0  core_cm3.o ABSOLUTE
    ..\Libraries\CMSIS\startup\startup_stm32f10x_hd.s 0x00000000   Number         0  startup_stm32f10x_hd.o ABSOLUTE
    ..\Libraries\CMSIS\system_stm32f10x.c    0x00000000   Number         0  system_stm32f10x.o ABSOLUTE
    ..\Libraries\FWlib\src\misc.c            0x00000000   Number         0  misc.o ABSOLUTE
    ..\Libraries\FWlib\src\stm32f10x_adc.c   0x00000000   Number         0  stm32f10x_adc.o ABSOLUTE
    ..\Libraries\FWlib\src\stm32f10x_bkp.c   0x00000000   Number         0  stm32f10x_bkp.o ABSOLUTE
    ..\Libraries\FWlib\src\stm32f10x_can.c   0x00000000   Number         0  stm32f10x_can.o ABSOLUTE
    ..\Libraries\FWlib\src\stm32f10x_cec.c   0x00000000   Number         0  stm32f10x_cec.o ABSOLUTE
    ..\Libraries\FWlib\src\stm32f10x_crc.c   0x00000000   Number         0  stm32f10x_crc.o ABSOLUTE
    ..\Libraries\FWlib\src\stm32f10x_dac.c   0x00000000   Number         0  stm32f10x_dac.o ABSOLUTE
    ..\Libraries\FWlib\src\stm32f10x_dbgmcu.c 0x00000000   Number         0  stm32f10x_dbgmcu.o ABSOLUTE
    ..\Libraries\FWlib\src\stm32f10x_dma.c   0x00000000   Number         0  stm32f10x_dma.o ABSOLUTE
    ..\Libraries\FWlib\src\stm32f10x_exti.c  0x00000000   Number         0  stm32f10x_exti.o ABSOLUTE
    ..\Libraries\FWlib\src\stm32f10x_flash.c 0x00000000   Number         0  stm32f10x_flash.o ABSOLUTE
    ..\Libraries\FWlib\src\stm32f10x_fsmc.c  0x00000000   Number         0  stm32f10x_fsmc.o ABSOLUTE
    ..\Libraries\FWlib\src\stm32f10x_gpio.c  0x00000000   Number         0  stm32f10x_gpio.o ABSOLUTE
    ..\Libraries\FWlib\src\stm32f10x_i2c.c   0x00000000   Number         0  stm32f10x_i2c.o ABSOLUTE
    ..\Libraries\FWlib\src\stm32f10x_iwdg.c  0x00000000   Number         0  stm32f10x_iwdg.o ABSOLUTE
    ..\Libraries\FWlib\src\stm32f10x_pwr.c   0x00000000   Number         0  stm32f10x_pwr.o ABSOLUTE
    ..\Libraries\FWlib\src\stm32f10x_rcc.c   0x00000000   Number         0  stm32f10x_rcc.o ABSOLUTE
    ..\Libraries\FWlib\src\stm32f10x_rtc.c   0x00000000   Number         0  stm32f10x_rtc.o ABSOLUTE
    ..\Libraries\FWlib\src\stm32f10x_sdio.c  0x00000000   Number         0  stm32f10x_sdio.o ABSOLUTE
    ..\Libraries\FWlib\src\stm32f10x_spi.c   0x00000000   Number         0  stm32f10x_spi.o ABSOLUTE
    ..\Libraries\FWlib\src\stm32f10x_tim.c   0x00000000   Number         0  stm32f10x_tim.o ABSOLUTE
    ..\Libraries\FWlib\src\stm32f10x_usart.c 0x00000000   Number         0  stm32f10x_usart.o ABSOLUTE
    ..\Libraries\FWlib\src\stm32f10x_wwdg.c  0x00000000   Number         0  stm32f10x_wwdg.o ABSOLUTE
    ..\\Libraries\\CMSIS\\core_cm3.c         0x00000000   Number         0  core_cm3.o ABSOLUTE
    ..\rt-thread\bsp\board.c                 0x00000000   Number         0  board.o ABSOLUTE
    ..\rt-thread\libcpu\cortex-m3\context_rvds.S 0x00000000   Number         0  context_rvds.o ABSOLUTE
    ..\rt-thread\libcpu\cortex-m3\cpuport.c  0x00000000   Number         0  cpuport.o ABSOLUTE
    ..\rt-thread\src\clock.c                 0x00000000   Number         0  clock.o ABSOLUTE
    ..\rt-thread\src\components.c            0x00000000   Number         0  components.o ABSOLUTE
    ..\rt-thread\src\cpu.c                   0x00000000   Number         0  cpu.o ABSOLUTE
    ..\rt-thread\src\idle.c                  0x00000000   Number         0  idle.o ABSOLUTE
    ..\rt-thread\src\ipc.c                   0x00000000   Number         0  ipc.o ABSOLUTE
    ..\rt-thread\src\irq.c                   0x00000000   Number         0  irq.o ABSOLUTE
    ..\rt-thread\src\kservice.c              0x00000000   Number         0  kservice.o ABSOLUTE
    ..\rt-thread\src\mem.c                   0x00000000   Number         0  mem.o ABSOLUTE
    ..\rt-thread\src\memheap.c               0x00000000   Number         0  memheap.o ABSOLUTE
    ..\rt-thread\src\mempool.c               0x00000000   Number         0  mempool.o ABSOLUTE
    ..\rt-thread\src\object.c                0x00000000   Number         0  object.o ABSOLUTE
    ..\rt-thread\src\scheduler.c             0x00000000   Number         0  scheduler.o ABSOLUTE
    ..\rt-thread\src\slab.c                  0x00000000   Number         0  slab.o ABSOLUTE
    ..\rt-thread\src\thread.c                0x00000000   Number         0  thread.o ABSOLUTE
    ..\rt-thread\src\timer.c                 0x00000000   Number         0  timer.o ABSOLUTE
    dc.s                                     0x00000000   Number         0  dc.o ABSOLUTE
    handlers.s                               0x00000000   Number         0  handlers.o ABSOLUTE
    init.s                                   0x00000000   Number         0  init.o ABSOLUTE
    RESET                                    0x08000000   Section      304  startup_stm32f10x_hd.o(RESET)
    .ARM.Collect$$$$00000000                 0x08000130   Section        0  entry.o(.ARM.Collect$$$$00000000)
    .ARM.Collect$$$$00000001                 0x08000130   Section        4  entry2.o(.ARM.Collect$$$$00000001)
    .ARM.Collect$$$$00000004                 0x08000134   Section        4  entry5.o(.ARM.Collect$$$$00000004)
    .ARM.Collect$$$$00000008                 0x08000138   Section        0  entry7b.o(.ARM.Collect$$$$00000008)
    .ARM.Collect$$$$0000000A                 0x08000138   Section        0  entry8b.o(.ARM.Collect$$$$0000000A)
    .ARM.Collect$$$$0000000B                 0x08000138   Section        8  entry9a.o(.ARM.Collect$$$$0000000B)
    .ARM.Collect$$$$0000000D                 0x08000140   Section        0  entry10a.o(.ARM.Collect$$$$0000000D)
    .ARM.Collect$$$$0000000F                 0x08000140   Section        0  entry11a.o(.ARM.Collect$$$$0000000F)
    .ARM.Collect$$$$00002712                 0x08000140   Section        4  entry2.o(.ARM.Collect$$$$00002712)
    __lit__00000000                          0x08000140   Data           4  entry2.o(.ARM.Collect$$$$00002712)
    .text                                    0x08000144   Section       36  startup_stm32f10x_hd.o(.text)
    .text                                    0x08000168   Section      244  context_rvds.o(.text)
    .text                                    0x0800025c   Section       36  init.o(.text)
    i.$Sub$$main                             0x08000280   Section        0  components.o(i.$Sub$$main)
    i.BusFault_Handler                       0x0800028a   Section        0  stm32f10x_it.o(i.BusFault_Handler)
    i.DebugMon_Handler                       0x0800028c   Section        0  stm32f10x_it.o(i.DebugMon_Handler)
    i.GPIO_Init                              0x0800028e   Section        0  stm32f10x_gpio.o(i.GPIO_Init)
    i.MemManage_Handler                      0x0800032a   Section        0  stm32f10x_it.o(i.MemManage_Handler)
    i.NMI_Handler                            0x0800032c   Section        0  stm32f10x_it.o(i.NMI_Handler)
    i.RCC_APB2PeriphClockCmd                 0x08000330   Section        0  stm32f10x_rcc.o(i.RCC_APB2PeriphClockCmd)
    i.RCC_GetClocksFreq                      0x08000348   Section        0  stm32f10x_rcc.o(i.RCC_GetClocksFreq)
    i.SVC_Handler                            0x080003dc   Section        0  stm32f10x_it.o(i.SVC_Handler)
    i.SetSysClockTo72                        0x080003e0   Section        0  system_stm32f10x.o(i.SetSysClockTo72)
    SetSysClockTo72                          0x080003e1   Thumb Code   160  system_stm32f10x.o(i.SetSysClockTo72)
    i.SysTick_Handler                        0x08000488   Section        0  board.o(i.SysTick_Handler)
    i.SystemInit                             0x0800049c   Section        0  system_stm32f10x.o(i.SystemInit)
    i.USART_Cmd                              0x080004ec   Section        0  stm32f10x_usart.o(i.USART_Cmd)
    i.USART_GetFlagStatus                    0x08000500   Section        0  stm32f10x_usart.o(i.USART_GetFlagStatus)
    i.USART_Init                             0x08000510   Section        0  stm32f10x_usart.o(i.USART_Init)
    i.USART_SendData                         0x080005bc   Section        0  stm32f10x_usart.o(i.USART_SendData)
    i.UsageFault_Handler                     0x080005c4   Section        0  stm32f10x_it.o(i.UsageFault_Handler)
    i.__rt_ffs                               0x080005c8   Section        0  kservice.o(i.__rt_ffs)
    i.__scatterload_copy                     0x0800060c   Section       14  handlers.o(i.__scatterload_copy)
    i.__scatterload_null                     0x0800061a   Section        2  handlers.o(i.__scatterload_null)
    i.__scatterload_zeroinit                 0x0800061c   Section       14  handlers.o(i.__scatterload_zeroinit)
    i._rt_thread_init                        0x0800062c   Section        0  thread.o(i._rt_thread_init)
    _rt_thread_init                          0x0800062d   Thumb Code   118  thread.o(i._rt_thread_init)
    i._rt_timer_init                         0x080006b0   Section        0  timer.o(i._rt_timer_init)
    _rt_timer_init                           0x080006b1   Thumb Code    38  timer.o(i._rt_timer_init)
    i._rt_timer_remove                       0x080006d6   Section        0  timer.o(i._rt_timer_remove)
    _rt_timer_remove                         0x080006d7   Thumb Code    24  timer.o(i._rt_timer_remove)
    i._thread_cleanup_execute                0x080006ee   Section        0  thread.o(i._thread_cleanup_execute)
    _thread_cleanup_execute                  0x080006ef   Thumb Code    28  thread.o(i._thread_cleanup_execute)
    i.main                                   0x0800070c   Section        0  main.o(i.main)
    i.main_thread_entry                      0x08000748   Section        0  components.o(i.main_thread_entry)
    i.plug_holes                             0x08000758   Section        0  mem.o(i.plug_holes)
    plug_holes                               0x08000759   Thumb Code    82  mem.o(i.plug_holes)
    i.print_number                           0x080007b0   Section        0  kservice.o(i.print_number)
    print_number                             0x080007b1   Thumb Code   294  kservice.o(i.print_number)
    i.rt_application_init                    0x080008dc   Section        0  components.o(i.rt_application_init)
    i.rt_components_board_init               0x08000908   Section        0  components.o(i.rt_components_board_init)
    i.rt_components_init                     0x08000924   Section        0  components.o(i.rt_components_init)
    i.rt_enter_critical                      0x08000940   Section        0  scheduler.o(i.rt_enter_critical)
    i.rt_exit_critical                       0x0800095c   Section        0  scheduler.o(i.rt_exit_critical)
    i.rt_free                                0x08000994   Section        0  mem.o(i.rt_free)
    i.rt_heap_begin_get                      0x08000a5c   Section        0  board.o(i.rt_heap_begin_get)
    i.rt_heap_end_get                        0x08000a64   Section        0  board.o(i.rt_heap_end_get)
    i.rt_hw_board_init                       0x08000a6c   Section        0  board.o(i.rt_hw_board_init)
    i.rt_hw_console_output                   0x08000ac0   Section        0  board.o(i.rt_hw_console_output)
    i.rt_hw_hard_fault_exception             0x08000b0c   Section        0  cpuport.o(i.rt_hw_hard_fault_exception)
    i.rt_hw_stack_init                       0x08000d00   Section        0  cpuport.o(i.rt_hw_stack_init)
    i.rt_interrupt_enter                     0x08000d3c   Section        0  irq.o(i.rt_interrupt_enter)
    i.rt_interrupt_leave                     0x08000d60   Section        0  irq.o(i.rt_interrupt_leave)
    i.rt_ipc_list_resume                     0x08000d84   Section        0  ipc.o(i.rt_ipc_list_resume)
    rt_ipc_list_resume                       0x08000d85   Thumb Code    14  ipc.o(i.rt_ipc_list_resume)
    i.rt_ipc_list_suspend                    0x08000d92   Section        0  ipc.o(i.rt_ipc_list_suspend)
    rt_ipc_list_suspend                      0x08000d93   Thumb Code    80  ipc.o(i.rt_ipc_list_suspend)
    i.rt_kprintf                             0x08000de4   Section        0  kservice.o(i.rt_kprintf)
    i.rt_list_insert_after                   0x08000e04   Section        0  object.o(i.rt_list_insert_after)
    rt_list_insert_after                     0x08000e05   Thumb Code    14  object.o(i.rt_list_insert_after)
    i.rt_list_insert_after                   0x08000e12   Section        0  thread.o(i.rt_list_insert_after)
    rt_list_insert_after                     0x08000e13   Thumb Code    14  thread.o(i.rt_list_insert_after)
    i.rt_list_insert_after                   0x08000e20   Section        0  timer.o(i.rt_list_insert_after)
    rt_list_insert_after                     0x08000e21   Thumb Code    14  timer.o(i.rt_list_insert_after)
    i.rt_list_insert_before                  0x08000e2e   Section        0  ipc.o(i.rt_list_insert_before)
    rt_list_insert_before                    0x08000e2f   Thumb Code    14  ipc.o(i.rt_list_insert_before)
    i.rt_list_isempty                        0x08000e3c   Section        0  ipc.o(i.rt_list_isempty)
    rt_list_isempty                          0x08000e3d   Thumb Code    14  ipc.o(i.rt_list_isempty)
    i.rt_list_isempty                        0x08000e4a   Section        0  timer.o(i.rt_list_isempty)
    rt_list_isempty                          0x08000e4b   Thumb Code    14  timer.o(i.rt_list_isempty)
    i.rt_list_remove                         0x08000e58   Section        0  object.o(i.rt_list_remove)
    rt_list_remove                           0x08000e59   Thumb Code    18  object.o(i.rt_list_remove)
    i.rt_list_remove                         0x08000e6a   Section        0  thread.o(i.rt_list_remove)
    rt_list_remove                           0x08000e6b   Thumb Code    18  thread.o(i.rt_list_remove)
    i.rt_list_remove                         0x08000e7c   Section        0  timer.o(i.rt_list_remove)
    rt_list_remove                           0x08000e7d   Thumb Code    18  timer.o(i.rt_list_remove)
    i.rt_malloc                              0x08000e90   Section        0  mem.o(i.rt_malloc)
    i.rt_memset                              0x08000f8c   Section        0  kservice.o(i.rt_memset)
    i.rt_object_allocate                     0x08000fd0   Section        0  object.o(i.rt_object_allocate)
    i.rt_object_delete                       0x0800102c   Section        0  object.o(i.rt_object_delete)
    i.rt_object_detach                       0x08001060   Section        0  object.o(i.rt_object_detach)
    i.rt_object_get_information              0x08001090   Section        0  object.o(i.rt_object_get_information)
    i.rt_object_init                         0x080010b4   Section        0  object.o(i.rt_object_init)
    i.rt_object_is_systemobject              0x08001114   Section        0  object.o(i.rt_object_is_systemobject)
    i.rt_schedule                            0x08001124   Section        0  scheduler.o(i.rt_schedule)
    i.rt_schedule_insert_thread              0x08001188   Section        0  scheduler.o(i.rt_schedule_insert_thread)
    i.rt_schedule_remove_thread              0x080011d8   Section        0  scheduler.o(i.rt_schedule_remove_thread)
    i.rt_sem_init                            0x08001224   Section        0  ipc.o(i.rt_sem_init)
    i.rt_sem_release                         0x08001248   Section        0  ipc.o(i.rt_sem_release)
    i.rt_sem_take                            0x080012a8   Section        0  ipc.o(i.rt_sem_take)
    i.rt_show_version                        0x08001338   Section        0  kservice.o(i.rt_show_version)
    i.rt_strncpy                             0x080013e8   Section        0  kservice.o(i.rt_strncpy)
    i.rt_system_heap_init                    0x08001410   Section        0  mem.o(i.rt_system_heap_init)
    i.rt_system_scheduler_init               0x080014c0   Section        0  scheduler.o(i.rt_system_scheduler_init)
    i.rt_system_scheduler_start              0x080014f4   Section        0  scheduler.o(i.rt_system_scheduler_start)
    i.rt_system_timer_init                   0x0800151c   Section        0  timer.o(i.rt_system_timer_init)
    i.rt_system_timer_thread_init            0x08001534   Section        0  timer.o(i.rt_system_timer_thread_init)
    i.rt_thread_create                       0x08001536   Section        0  thread.o(i.rt_thread_create)
    i.rt_thread_delay                        0x0800157e   Section        0  thread.o(i.rt_thread_delay)
    i.rt_thread_exit                         0x08001584   Section        0  thread.o(i.rt_thread_exit)
    i.rt_thread_idle_entry                   0x080015dc   Section        0  idle.o(i.rt_thread_idle_entry)
    rt_thread_idle_entry                     0x080015dd   Thumb Code    24  idle.o(i.rt_thread_idle_entry)
    i.rt_thread_idle_excute                  0x080015f8   Section        0  idle.o(i.rt_thread_idle_excute)
    i.rt_thread_idle_init                    0x08001640   Section        0  idle.o(i.rt_thread_idle_init)
    i.rt_thread_init                         0x08001678   Section        0  thread.o(i.rt_thread_init)
    i.rt_thread_resume                       0x080016a8   Section        0  thread.o(i.rt_thread_resume)
    i.rt_thread_self                         0x080016f4   Section        0  thread.o(i.rt_thread_self)
    i.rt_thread_sleep                        0x08001700   Section        0  thread.o(i.rt_thread_sleep)
    i.rt_thread_startup                      0x08001740   Section        0  thread.o(i.rt_thread_startup)
    i.rt_thread_suspend                      0x0800176c   Section        0  thread.o(i.rt_thread_suspend)
    i.rt_thread_timeout                      0x080017bc   Section        0  thread.o(i.rt_thread_timeout)
    i.rt_thread_yield                        0x080017dc   Section        0  thread.o(i.rt_thread_yield)
    i.rt_tick_get                            0x0800183c   Section        0  clock.o(i.rt_tick_get)
    i.rt_tick_increase                       0x08001848   Section        0  clock.o(i.rt_tick_increase)
    i.rt_timer_check                         0x08001874   Section        0  timer.o(i.rt_timer_check)
    i.rt_timer_control                       0x0800191c   Section        0  timer.o(i.rt_timer_control)
    i.rt_timer_detach                        0x08001964   Section        0  timer.o(i.rt_timer_detach)
    i.rt_timer_init                          0x0800198c   Section        0  timer.o(i.rt_timer_init)
    i.rt_timer_start                         0x080019b4   Section        0  timer.o(i.rt_timer_start)
    i.rt_timer_stop                          0x08001a54   Section        0  timer.o(i.rt_timer_stop)
    i.rt_vsnprintf                           0x08001a90   Section        0  kservice.o(i.rt_vsnprintf)
    i.rti_board_end                          0x08001cf0   Section        0  components.o(i.rti_board_end)
    rti_board_end                            0x08001cf1   Thumb Code     4  components.o(i.rti_board_end)
    i.rti_board_start                        0x08001cf4   Section        0  components.o(i.rti_board_start)
    rti_board_start                          0x08001cf5   Thumb Code     4  components.o(i.rti_board_start)
    i.rti_end                                0x08001cf8   Section        0  components.o(i.rti_end)
    rti_end                                  0x08001cf9   Thumb Code     4  components.o(i.rti_end)
    i.rti_start                              0x08001cfc   Section        0  components.o(i.rti_start)
    rti_start                                0x08001cfd   Thumb Code     4  components.o(i.rti_start)
    i.rtthread_startup                       0x08001d00   Section        0  components.o(i.rtthread_startup)
    i.single_uart_init                       0x08001d2c   Section        0  bsp_uart.o(i.single_uart_init)
    i.skip_atoi                              0x08001db0   Section        0  kservice.o(i.skip_atoi)
    skip_atoi                                0x08001db1   Thumb Code    40  kservice.o(i.skip_atoi)
    i.test_thread_entry                      0x08001dd8   Section        0  main.o(i.test_thread_entry)
    test_thread_entry                        0x08001dd9   Thumb Code    18  main.o(i.test_thread_entry)
    .constdata                               0x08001df8   Section      290  kservice.o(.constdata)
    small_digits                             0x08001ef8   Data          17  kservice.o(.constdata)
    large_digits                             0x08001f09   Data          17  kservice.o(.constdata)
    .rti_fn.0                                0x08001f1c   Section        4  components.o(.rti_fn.0)
    __tagsym$$used                           0x08001f1c   Number         0  components.o(.rti_fn.0)
    .rti_fn.0.end                            0x08001f20   Section        4  components.o(.rti_fn.0.end)
    __tagsym$$used                           0x08001f20   Number         0  components.o(.rti_fn.0.end)
    .rti_fn.1.end                            0x08001f24   Section        4  components.o(.rti_fn.1.end)
    __tagsym$$used                           0x08001f24   Number         0  components.o(.rti_fn.1.end)
    .rti_fn.6.end                            0x08001f28   Section        4  components.o(.rti_fn.6.end)
    __tagsym$$used                           0x08001f28   Number         0  components.o(.rti_fn.6.end)
    .data                                    0x20000000   Section       20  system_stm32f10x.o(.data)
    .data                                    0x20000014   Section       20  stm32f10x_rcc.o(.data)
    ADCPrescTable                            0x20000014   Data           4  stm32f10x_rcc.o(.data)
    APBAHBPrescTable                         0x20000018   Data          16  stm32f10x_rcc.o(.data)
    .data                                    0x20000028   Section        4  main.o(.data)
    test_thread                              0x20000028   Data           4  main.o(.data)
    .data                                    0x2000002c   Section        4  cpuport.o(.data)
    rt_exception_hook                        0x2000002c   Data           4  cpuport.o(.data)
    .data                                    0x20000030   Section        4  cpuport.o(.data)
    .data                                    0x20000034   Section        4  cpuport.o(.data)
    .data                                    0x20000038   Section        4  cpuport.o(.data)
    .data                                    0x2000003c   Section        4  clock.o(.data)
    rt_tick                                  0x2000003c   Data           4  clock.o(.data)
    .data                                    0x20000040   Section       12  irq.o(.data)
    rt_interrupt_enter_hook                  0x20000044   Data           4  irq.o(.data)
    rt_interrupt_leave_hook                  0x20000048   Data           4  irq.o(.data)
    .data                                    0x2000004c   Section       32  mem.o(.data)
    rt_malloc_hook                           0x2000004c   Data           4  mem.o(.data)
    rt_free_hook                             0x20000050   Data           4  mem.o(.data)
    heap_ptr                                 0x20000054   Data           4  mem.o(.data)
    heap_end                                 0x20000058   Data           4  mem.o(.data)
    lfree                                    0x2000005c   Data           4  mem.o(.data)
    mem_size_aligned                         0x20000060   Data           4  mem.o(.data)
    used_mem                                 0x20000064   Data           4  mem.o(.data)
    max_mem                                  0x20000068   Data           4  mem.o(.data)
    .data                                    0x2000006c   Section      132  object.o(.data)
    rt_object_attach_hook                    0x2000006c   Data           4  object.o(.data)
    rt_object_detach_hook                    0x20000070   Data           4  object.o(.data)
    rt_object_container                      0x20000080   Data         112  object.o(.data)
    .data                                    0x200000f0   Section       24  scheduler.o(.data)
    rt_scheduler_lock_nest                   0x200000f2   Data           2  scheduler.o(.data)
    rt_scheduler_hook                        0x200000fc   Data           4  scheduler.o(.data)
    .data                                    0x20000108   Section       12  thread.o(.data)
    rt_thread_suspend_hook                   0x20000108   Data           4  thread.o(.data)
    rt_thread_resume_hook                    0x2000010c   Data           4  thread.o(.data)
    rt_thread_inited_hook                    0x20000110   Data           4  thread.o(.data)
    .data                                    0x20000114   Section       20  timer.o(.data)
    random_nr                                0x20000114   Data           4  timer.o(.data)
    rt_timer_enter_hook                      0x20000118   Data           4  timer.o(.data)
    rt_timer_exit_hook                       0x2000011c   Data           4  timer.o(.data)
    rt_timer_list                            0x20000120   Data           8  timer.o(.data)
    .bss                                     0x20000128   Section     8192  board.o(.bss)
    rt_heap                                  0x20000128   Data        8192  board.o(.bss)
    .bss                                     0x20002128   Section      400  idle.o(.bss)
    idle                                     0x20002128   Data         128  idle.o(.bss)
    rt_thread_stack                          0x200021a8   Data         256  idle.o(.bss)
    idle_hook_list                           0x200022a8   Data          16  idle.o(.bss)
    .bss                                     0x200022b8   Section      128  kservice.o(.bss)
    rt_log_buf                               0x200022b8   Data         128  kservice.o(.bss)
    .bss                                     0x20002338   Section       32  mem.o(.bss)
    heap_sem                                 0x20002338   Data          32  mem.o(.bss)
    .bss                                     0x20002358   Section       64  scheduler.o(.bss)
    STACK                                    0x20002398   Section     1024  startup_stm32f10x_hd.o(STACK)

    Global Symbols

    Symbol Name                              Value     Ov Type        Size  Object(Section)

    BuildAttributes$$THM_ISAv4$P$D$K$B$S$PE$A:L22UL41UL21$X:L11$S22US41US21$IEEE1$IW$USESV6$~STKCKD$USESV7$~SHL$OSPACE$EBA8$MICROLIB$REQ8$PRES8$EABIv2 0x00000000   Number         0  anon$$obj.o ABSOLUTE
    __ARM_use_no_argv                        0x00000000   Number         0  main.o ABSOLUTE
    __cpp_initialize__aeabi_                  - Undefined Weak Reference
    __cxa_finalize                            - Undefined Weak Reference
    __decompress                              - Undefined Weak Reference
    _clock_init                               - Undefined Weak Reference
    _microlib_exit                            - Undefined Weak Reference
    __Vectors_Size                           0x00000130   Number         0  startup_stm32f10x_hd.o ABSOLUTE
    __Vectors                                0x08000000   Data           4  startup_stm32f10x_hd.o(RESET)
    __Vectors_End                            0x08000130   Data           0  startup_stm32f10x_hd.o(RESET)
    __main                                   0x08000131   Thumb Code     0  entry.o(.ARM.Collect$$$$00000000)
    _main_stk                                0x08000131   Thumb Code     0  entry2.o(.ARM.Collect$$$$00000001)
    _main_scatterload                        0x08000135   Thumb Code     0  entry5.o(.ARM.Collect$$$$00000004)
    __main_after_scatterload                 0x08000139   Thumb Code     0  entry5.o(.ARM.Collect$$$$00000004)
    _main_clock                              0x08000139   Thumb Code     0  entry7b.o(.ARM.Collect$$$$00000008)
    _main_cpp_init                           0x08000139   Thumb Code     0  entry8b.o(.ARM.Collect$$$$0000000A)
    _main_init                               0x08000139   Thumb Code     0  entry9a.o(.ARM.Collect$$$$0000000B)
    __rt_final_cpp                           0x08000141   Thumb Code     0  entry10a.o(.ARM.Collect$$$$0000000D)
    __rt_final_exit                          0x08000141   Thumb Code     0  entry11a.o(.ARM.Collect$$$$0000000F)
    Reset_Handler                            0x08000145   Thumb Code     8  startup_stm32f10x_hd.o(.text)
    ADC1_2_IRQHandler                        0x0800015f   Thumb Code     0  startup_stm32f10x_hd.o(.text)
    ADC3_IRQHandler                          0x0800015f   Thumb Code     0  startup_stm32f10x_hd.o(.text)
    CAN1_RX1_IRQHandler                      0x0800015f   Thumb Code     0  startup_stm32f10x_hd.o(.text)
    CAN1_SCE_IRQHandler                      0x0800015f   Thumb Code     0  startup_stm32f10x_hd.o(.text)
    DMA1_Channel1_IRQHandler                 0x0800015f   Thumb Code     0  startup_stm32f10x_hd.o(.text)
    DMA1_Channel2_IRQHandler                 0x0800015f   Thumb Code     0  startup_stm32f10x_hd.o(.text)
    DMA1_Channel3_IRQHandler                 0x0800015f   Thumb Code     0  startup_stm32f10x_hd.o(.text)
    DMA1_Channel4_IRQHandler                 0x0800015f   Thumb Code     0  startup_stm32f10x_hd.o(.text)
    DMA1_Channel5_IRQHandler                 0x0800015f   Thumb Code     0  startup_stm32f10x_hd.o(.text)
    DMA1_Channel6_IRQHandler                 0x0800015f   Thumb Code     0  startup_stm32f10x_hd.o(.text)
    DMA1_Channel7_IRQHandler                 0x0800015f   Thumb Code     0  startup_stm32f10x_hd.o(.text)
    DMA2_Channel1_IRQHandler                 0x0800015f   Thumb Code     0  startup_stm32f10x_hd.o(.text)
    DMA2_Channel2_IRQHandler                 0x0800015f   Thumb Code     0  startup_stm32f10x_hd.o(.text)
    DMA2_Channel3_IRQHandler                 0x0800015f   Thumb Code     0  startup_stm32f10x_hd.o(.text)
    DMA2_Channel4_5_IRQHandler               0x0800015f   Thumb Code     0  startup_stm32f10x_hd.o(.text)
    EXTI0_IRQHandler                         0x0800015f   Thumb Code     0  startup_stm32f10x_hd.o(.text)
    EXTI15_10_IRQHandler                     0x0800015f   Thumb Code     0  startup_stm32f10x_hd.o(.text)
    EXTI1_IRQHandler                         0x0800015f   Thumb Code     0  startup_stm32f10x_hd.o(.text)
    EXTI2_IRQHandler                         0x0800015f   Thumb Code     0  startup_stm32f10x_hd.o(.text)
    EXTI3_IRQHandler                         0x0800015f   Thumb Code     0  startup_stm32f10x_hd.o(.text)
    EXTI4_IRQHandler                         0x0800015f   Thumb Code     0  startup_stm32f10x_hd.o(.text)
    EXTI9_5_IRQHandler                       0x0800015f   Thumb Code     0  startup_stm32f10x_hd.o(.text)
    FLASH_IRQHandler                         0x0800015f   Thumb Code     0  startup_stm32f10x_hd.o(.text)
    FSMC_IRQHandler                          0x0800015f   Thumb Code     0  startup_stm32f10x_hd.o(.text)
    I2C1_ER_IRQHandler                       0x0800015f   Thumb Code     0  startup_stm32f10x_hd.o(.text)
    I2C1_EV_IRQHandler                       0x0800015f   Thumb Code     0  startup_stm32f10x_hd.o(.text)
    I2C2_ER_IRQHandler                       0x0800015f   Thumb Code     0  startup_stm32f10x_hd.o(.text)
    I2C2_EV_IRQHandler                       0x0800015f   Thumb Code     0  startup_stm32f10x_hd.o(.text)
    PVD_IRQHandler                           0x0800015f   Thumb Code     0  startup_stm32f10x_hd.o(.text)
    RCC_IRQHandler                           0x0800015f   Thumb Code     0  startup_stm32f10x_hd.o(.text)
    RTCAlarm_IRQHandler                      0x0800015f   Thumb Code     0  startup_stm32f10x_hd.o(.text)
    RTC_IRQHandler                           0x0800015f   Thumb Code     0  startup_stm32f10x_hd.o(.text)
    SDIO_IRQHandler                          0x0800015f   Thumb Code     0  startup_stm32f10x_hd.o(.text)
    SPI1_IRQHandler                          0x0800015f   Thumb Code     0  startup_stm32f10x_hd.o(.text)
    SPI2_IRQHandler                          0x0800015f   Thumb Code     0  startup_stm32f10x_hd.o(.text)
    SPI3_IRQHandler                          0x0800015f   Thumb Code     0  startup_stm32f10x_hd.o(.text)
    TAMPER_IRQHandler                        0x0800015f   Thumb Code     0  startup_stm32f10x_hd.o(.text)
    TIM1_BRK_IRQHandler                      0x0800015f   Thumb Code     0  startup_stm32f10x_hd.o(.text)
    TIM1_CC_IRQHandler                       0x0800015f   Thumb Code     0  startup_stm32f10x_hd.o(.text)
    TIM1_TRG_COM_IRQHandler                  0x0800015f   Thumb Code     0  startup_stm32f10x_hd.o(.text)
    TIM1_UP_IRQHandler                       0x0800015f   Thumb Code     0  startup_stm32f10x_hd.o(.text)
    TIM2_IRQHandler                          0x0800015f   Thumb Code     0  startup_stm32f10x_hd.o(.text)
    TIM3_IRQHandler                          0x0800015f   Thumb Code     0  startup_stm32f10x_hd.o(.text)
    TIM4_IRQHandler                          0x0800015f   Thumb Code     0  startup_stm32f10x_hd.o(.text)
    TIM5_IRQHandler                          0x0800015f   Thumb Code     0  startup_stm32f10x_hd.o(.text)
    TIM6_IRQHandler                          0x0800015f   Thumb Code     0  startup_stm32f10x_hd.o(.text)
    TIM7_IRQHandler                          0x0800015f   Thumb Code     0  startup_stm32f10x_hd.o(.text)
    TIM8_BRK_IRQHandler                      0x0800015f   Thumb Code     0  startup_stm32f10x_hd.o(.text)
    TIM8_CC_IRQHandler                       0x0800015f   Thumb Code     0  startup_stm32f10x_hd.o(.text)
    TIM8_TRG_COM_IRQHandler                  0x0800015f   Thumb Code     0  startup_stm32f10x_hd.o(.text)
    TIM8_UP_IRQHandler                       0x0800015f   Thumb Code     0  startup_stm32f10x_hd.o(.text)
    UART4_IRQHandler                         0x0800015f   Thumb Code     0  startup_stm32f10x_hd.o(.text)
    UART5_IRQHandler                         0x0800015f   Thumb Code     0  startup_stm32f10x_hd.o(.text)
    USART1_IRQHandler                        0x0800015f   Thumb Code     0  startup_stm32f10x_hd.o(.text)
    USART2_IRQHandler                        0x0800015f   Thumb Code     0  startup_stm32f10x_hd.o(.text)
    USART3_IRQHandler                        0x0800015f   Thumb Code     0  startup_stm32f10x_hd.o(.text)
    USBWakeUp_IRQHandler                     0x0800015f   Thumb Code     0  startup_stm32f10x_hd.o(.text)
    USB_HP_CAN1_TX_IRQHandler                0x0800015f   Thumb Code     0  startup_stm32f10x_hd.o(.text)
    USB_LP_CAN1_RX0_IRQHandler               0x0800015f   Thumb Code     0  startup_stm32f10x_hd.o(.text)
    WWDG_IRQHandler                          0x0800015f   Thumb Code     0  startup_stm32f10x_hd.o(.text)
    rt_hw_interrupt_disable                  0x08000169   Thumb Code     8  context_rvds.o(.text)
    rt_hw_interrupt_enable                   0x08000171   Thumb Code     6  context_rvds.o(.text)
    rt_hw_context_switch                     0x08000177   Thumb Code    32  context_rvds.o(.text)
    rt_hw_context_switch_interrupt           0x08000177   Thumb Code     0  context_rvds.o(.text)
    PendSV_Handler                           0x08000197   Thumb Code    60  context_rvds.o(.text)
    rt_hw_context_switch_to                  0x080001d3   Thumb Code    56  context_rvds.o(.text)
    rt_hw_interrupt_thread_switch            0x0800020b   Thumb Code     2  context_rvds.o(.text)
    HardFault_Handler                        0x0800020d   Thumb Code    52  context_rvds.o(.text)
    __scatterload                            0x0800025d   Thumb Code    28  init.o(.text)
    __scatterload_rt2                        0x0800025d   Thumb Code     0  init.o(.text)
    main                                     0x08000281   Thumb Code    10  components.o(i.$Sub$$main)
    BusFault_Handler                         0x0800028b   Thumb Code     2  stm32f10x_it.o(i.BusFault_Handler)
    DebugMon_Handler                         0x0800028d   Thumb Code     2  stm32f10x_it.o(i.DebugMon_Handler)
    GPIO_Init                                0x0800028f   Thumb Code   156  stm32f10x_gpio.o(i.GPIO_Init)
    MemManage_Handler                        0x0800032b   Thumb Code     2  stm32f10x_it.o(i.MemManage_Handler)
    NMI_Handler                              0x0800032d   Thumb Code     2  stm32f10x_it.o(i.NMI_Handler)
    RCC_APB2PeriphClockCmd                   0x08000331   Thumb Code    18  stm32f10x_rcc.o(i.RCC_APB2PeriphClockCmd)
    RCC_GetClocksFreq                        0x08000349   Thumb Code   132  stm32f10x_rcc.o(i.RCC_GetClocksFreq)
    SVC_Handler                              0x080003dd   Thumb Code     2  stm32f10x_it.o(i.SVC_Handler)
    SysTick_Handler                          0x08000489   Thumb Code    18  board.o(i.SysTick_Handler)
    SystemInit                               0x0800049d   Thumb Code    64  system_stm32f10x.o(i.SystemInit)
    USART_Cmd                                0x080004ed   Thumb Code    20  stm32f10x_usart.o(i.USART_Cmd)
    USART_GetFlagStatus                      0x08000501   Thumb Code    14  stm32f10x_usart.o(i.USART_GetFlagStatus)
    USART_Init                               0x08000511   Thumb Code   166  stm32f10x_usart.o(i.USART_Init)
    USART_SendData                           0x080005bd   Thumb Code     8  stm32f10x_usart.o(i.USART_SendData)
    UsageFault_Handler                       0x080005c5   Thumb Code     2  stm32f10x_it.o(i.UsageFault_Handler)
    __rt_ffs                                 0x080005c9   Thumb Code    62  kservice.o(i.__rt_ffs)
    __scatterload_copy                       0x0800060d   Thumb Code    14  handlers.o(i.__scatterload_copy)
    __scatterload_null                       0x0800061b   Thumb Code     2  handlers.o(i.__scatterload_null)
    __scatterload_zeroinit                   0x0800061d   Thumb Code    14  handlers.o(i.__scatterload_zeroinit)
    $Super$$main                             0x0800070d   Thumb Code    44  main.o(i.main)
    main_thread_entry                        0x08000749   Thumb Code    14  components.o(i.main_thread_entry)
    rt_application_init                      0x080008dd   Thumb Code    30  components.o(i.rt_application_init)
    rt_components_board_init                 0x08000909   Thumb Code    20  components.o(i.rt_components_board_init)
    rt_components_init                       0x08000925   Thumb Code    20  components.o(i.rt_components_init)
    rt_enter_critical                        0x08000941   Thumb Code    22  scheduler.o(i.rt_enter_critical)
    rt_exit_critical                         0x0800095d   Thumb Code    52  scheduler.o(i.rt_exit_critical)
    rt_free                                  0x08000995   Thumb Code   116  mem.o(i.rt_free)
    rt_heap_begin_get                        0x08000a5d   Thumb Code     4  board.o(i.rt_heap_begin_get)
    rt_heap_end_get                          0x08000a65   Thumb Code     4  board.o(i.rt_heap_end_get)
    rt_hw_board_init                         0x08000a6d   Thumb Code    76  board.o(i.rt_hw_board_init)
    rt_hw_console_output                     0x08000ac1   Thumb Code    72  board.o(i.rt_hw_console_output)
    rt_hw_hard_fault_exception               0x08000b0d   Thumb Code   178  cpuport.o(i.rt_hw_hard_fault_exception)
    rt_hw_stack_init                         0x08000d01   Thumb Code    54  cpuport.o(i.rt_hw_stack_init)
    rt_interrupt_enter                       0x08000d3d   Thumb Code    32  irq.o(i.rt_interrupt_enter)
    rt_interrupt_leave                       0x08000d61   Thumb Code    32  irq.o(i.rt_interrupt_leave)
    rt_kprintf                               0x08000de5   Thumb Code    28  kservice.o(i.rt_kprintf)
    rt_malloc                                0x08000e91   Thumb Code   244  mem.o(i.rt_malloc)
    rt_memset                                0x08000f8d   Thumb Code    68  kservice.o(i.rt_memset)
    rt_object_allocate                       0x08000fd1   Thumb Code    86  object.o(i.rt_object_allocate)
    rt_object_delete                         0x0800102d   Thumb Code    48  object.o(i.rt_object_delete)
    rt_object_detach                         0x08001061   Thumb Code    42  object.o(i.rt_object_detach)
    rt_object_get_information                0x08001091   Thumb Code    30  object.o(i.rt_object_get_information)
    rt_object_init                           0x080010b5   Thumb Code    90  object.o(i.rt_object_init)
    rt_object_is_systemobject                0x08001115   Thumb Code    14  object.o(i.rt_object_is_systemobject)
    rt_schedule                              0x08001125   Thumb Code    88  scheduler.o(i.rt_schedule)
    rt_schedule_insert_thread                0x08001189   Thumb Code    70  scheduler.o(i.rt_schedule_insert_thread)
    rt_schedule_remove_thread                0x080011d9   Thumb Code    66  scheduler.o(i.rt_schedule_remove_thread)
    rt_sem_init                              0x08001225   Thumb Code    36  ipc.o(i.rt_sem_init)
    rt_sem_release                           0x08001249   Thumb Code    90  ipc.o(i.rt_sem_release)
    rt_sem_take                              0x080012a9   Thumb Code   134  ipc.o(i.rt_sem_take)
    rt_show_version                          0x08001339   Thumb Code    40  kservice.o(i.rt_show_version)
    rt_strncpy                               0x080013e9   Thumb Code    38  kservice.o(i.rt_strncpy)
    rt_system_heap_init                      0x08001411   Thumb Code    98  mem.o(i.rt_system_heap_init)
    rt_system_scheduler_init                 0x080014c1   Thumb Code    44  scheduler.o(i.rt_system_scheduler_init)
    rt_system_scheduler_start                0x080014f5   Thumb Code    32  scheduler.o(i.rt_system_scheduler_start)
    rt_system_timer_init                     0x0800151d   Thumb Code    18  timer.o(i.rt_system_timer_init)
    rt_system_timer_thread_init              0x08001535   Thumb Code     2  timer.o(i.rt_system_timer_thread_init)
    rt_thread_create                         0x08001537   Thumb Code    72  thread.o(i.rt_thread_create)
    rt_thread_delay                          0x0800157f   Thumb Code     4  thread.o(i.rt_thread_delay)
    rt_thread_exit                           0x08001585   Thumb Code    80  thread.o(i.rt_thread_exit)
    rt_thread_idle_excute                    0x080015f9   Thumb Code    68  idle.o(i.rt_thread_idle_excute)
    rt_thread_idle_init                      0x08001641   Thumb Code    40  idle.o(i.rt_thread_idle_init)
    rt_thread_init                           0x08001679   Thumb Code    48  thread.o(i.rt_thread_init)
    rt_thread_resume                         0x080016a9   Thumb Code    70  thread.o(i.rt_thread_resume)
    rt_thread_self                           0x080016f5   Thumb Code     6  thread.o(i.rt_thread_self)
    rt_thread_sleep                          0x08001701   Thumb Code    60  thread.o(i.rt_thread_sleep)
    rt_thread_startup                        0x08001741   Thumb Code    40  thread.o(i.rt_thread_startup)
    rt_thread_suspend                        0x0800176d   Thumb Code    76  thread.o(i.rt_thread_suspend)
    rt_thread_timeout                        0x080017bd   Thumb Code    32  thread.o(i.rt_thread_timeout)
    rt_thread_yield                          0x080017dd   Thumb Code    86  thread.o(i.rt_thread_yield)
    rt_tick_get                              0x0800183d   Thumb Code     6  clock.o(i.rt_tick_get)
    rt_tick_increase                         0x08001849   Thumb Code    38  clock.o(i.rt_tick_increase)
    rt_timer_check                           0x08001875   Thumb Code   164  timer.o(i.rt_timer_check)
    rt_timer_control                         0x0800191d   Thumb Code    72  timer.o(i.rt_timer_control)
    rt_timer_detach                          0x08001965   Thumb Code    40  timer.o(i.rt_timer_detach)
    rt_timer_init                            0x0800198d   Thumb Code    40  timer.o(i.rt_timer_init)
    rt_timer_start                           0x080019b5   Thumb Code   150  timer.o(i.rt_timer_start)
    rt_timer_stop                            0x08001a55   Thumb Code    56  timer.o(i.rt_timer_stop)
    rt_vsnprintf                             0x08001a91   Thumb Code   600  kservice.o(i.rt_vsnprintf)
    rtthread_startup                         0x08001d01   Thumb Code    42  components.o(i.rtthread_startup)
    single_uart_init                         0x08001d2d   Thumb Code   122  bsp_uart.o(i.single_uart_init)
    __lowest_bit_bitmap                      0x08001df8   Data         256  kservice.o(.constdata)
    __rt_init_rti_start                      0x08001f1c   Data           4  components.o(.rti_fn.0)
    __rt_init_rti_board_start                0x08001f20   Data           4  components.o(.rti_fn.0.end)
    __rt_init_rti_board_end                  0x08001f24   Data           4  components.o(.rti_fn.1.end)
    __rt_init_rti_end                        0x08001f28   Data           4  components.o(.rti_fn.6.end)
    Region$$Table$$Base                      0x08001f2c   Number         0  anon$$obj.o(Region$$Table)
    Region$$Table$$Limit                     0x08001f4c   Number         0  anon$$obj.o(Region$$Table)
    SystemCoreClock                          0x20000000   Data           4  system_stm32f10x.o(.data)
    AHBPrescTable                            0x20000004   Data          16  system_stm32f10x.o(.data)
    rt_interrupt_from_thread                 0x20000030   Data           4  cpuport.o(.data)
    rt_interrupt_to_thread                   0x20000034   Data           4  cpuport.o(.data)
    rt_thread_switch_interrupt_flag          0x20000038   Data           4  cpuport.o(.data)
    rt_interrupt_nest                        0x20000040   Data           1  irq.o(.data)
    rt_object_trytake_hook                   0x20000074   Data           4  object.o(.data)
    rt_object_take_hook                      0x20000078   Data           4  object.o(.data)
    rt_object_put_hook                       0x2000007c   Data           4  object.o(.data)
    rt_current_priority                      0x200000f0   Data           1  scheduler.o(.data)
    rt_current_thread                        0x200000f4   Data           4  scheduler.o(.data)
    rt_thread_ready_priority_group           0x200000f8   Data           4  scheduler.o(.data)
    rt_thread_defunct                        0x20000100   Data           8  scheduler.o(.data)
    rt_thread_priority_table                 0x20002358   Data          64  scheduler.o(.bss)
    __initial_sp                             0x20002798   Data           0  startup_stm32f10x_hd.o(STACK)



==============================================================================

Memory Map of the image

  Image Entry point : 0x08000131

  Load Region LR_IROM1 (Base: 0x08000000, Size: 0x00002074, Max: 0x00080000, ABSOLUTE)

    Execution Region ER_IROM1 (Exec base: 0x08000000, Load base: 0x08000000, Size: 0x00001f4c, Max: 0x00080000, ABSOLUTE)

    Exec Addr    Load Addr    Size         Type   Attr      Idx    E Section Name        Object

    0x08000000   0x08000000   0x00000130   Data   RO            3    RESET               startup_stm32f10x_hd.o
    0x08000130   0x08000130   0x00000000   Code   RO         4486  * .ARM.Collect$$$$00000000  mc_w.l(entry.o)
    0x08000130   0x08000130   0x00000004   Code   RO         4489    .ARM.Collect$$$$00000001  mc_w.l(entry2.o)
    0x08000134   0x08000134   0x00000004   Code   RO         4492    .ARM.Collect$$$$00000004  mc_w.l(entry5.o)
    0x08000138   0x08000138   0x00000000   Code   RO         4494    .ARM.Collect$$$$00000008  mc_w.l(entry7b.o)
    0x08000138   0x08000138   0x00000000   Code   RO         4496    .ARM.Collect$$$$0000000A  mc_w.l(entry8b.o)
    0x08000138   0x08000138   0x00000008   Code   RO         4497    .ARM.Collect$$$$0000000B  mc_w.l(entry9a.o)
    0x08000140   0x08000140   0x00000000   Code   RO         4499    .ARM.Collect$$$$0000000D  mc_w.l(entry10a.o)
    0x08000140   0x08000140   0x00000000   Code   RO         4501    .ARM.Collect$$$$0000000F  mc_w.l(entry11a.o)
    0x08000140   0x08000140   0x00000004   Code   RO         4490    .ARM.Collect$$$$00002712  mc_w.l(entry2.o)
    0x08000144   0x08000144   0x00000024   Code   RO            4    .text               startup_stm32f10x_hd.o
    0x08000168   0x08000168   0x000000f4   Code   RO         3269    .text               context_rvds.o
    0x0800025c   0x0800025c   0x00000024   Code   RO         4503    .text               mc_w.l(init.o)
    0x08000280   0x08000280   0x0000000a   Code   RO         3353    i.$Sub$$main        components.o
    0x0800028a   0x0800028a   0x00000002   Code   RO         3085    i.BusFault_Handler  stm32f10x_it.o
    0x0800028c   0x0800028c   0x00000002   Code   RO         3086    i.DebugMon_Handler  stm32f10x_it.o
    0x0800028e   0x0800028e   0x0000009c   Code   RO         1285    i.GPIO_Init         stm32f10x_gpio.o
    0x0800032a   0x0800032a   0x00000002   Code   RO         3087    i.MemManage_Handler  stm32f10x_it.o
    0x0800032c   0x0800032c   0x00000002   Code   RO         3088    i.NMI_Handler       stm32f10x_it.o
    0x0800032e   0x0800032e   0x00000002   PAD
    0x08000330   0x08000330   0x00000018   Code   RO         1703    i.RCC_APB2PeriphClockCmd  stm32f10x_rcc.o
    0x08000348   0x08000348   0x00000094   Code   RO         1711    i.RCC_GetClocksFreq  stm32f10x_rcc.o
    0x080003dc   0x080003dc   0x00000002   Code   RO         3089    i.SVC_Handler       stm32f10x_it.o
    0x080003de   0x080003de   0x00000002   PAD
    0x080003e0   0x080003e0   0x000000a8   Code   RO           24    i.SetSysClockTo72   system_stm32f10x.o
    0x08000488   0x08000488   0x00000012   Code   RO         3224    i.SysTick_Handler   board.o
    0x0800049a   0x0800049a   0x00000002   PAD
    0x0800049c   0x0800049c   0x00000050   Code   RO           26    i.SystemInit        system_stm32f10x.o
    0x080004ec   0x080004ec   0x00000014   Code   RO         2855    i.USART_Cmd         stm32f10x_usart.o
    0x08000500   0x08000500   0x0000000e   Code   RO         2858    i.USART_GetFlagStatus  stm32f10x_usart.o
    0x0800050e   0x0800050e   0x00000002   PAD
    0x08000510   0x08000510   0x000000ac   Code   RO         2862    i.USART_Init        stm32f10x_usart.o
    0x080005bc   0x080005bc   0x00000008   Code   RO         2872    i.USART_SendData    stm32f10x_usart.o
    0x080005c4   0x080005c4   0x00000002   Code   RO         3090    i.UsageFault_Handler  stm32f10x_it.o
    0x080005c6   0x080005c6   0x00000002   PAD
    0x080005c8   0x080005c8   0x00000044   Code   RO         3781    i.__rt_ffs          kservice.o
    0x0800060c   0x0800060c   0x0000000e   Code   RO         4507    i.__scatterload_copy  mc_w.l(handlers.o)
    0x0800061a   0x0800061a   0x00000002   Code   RO         4508    i.__scatterload_null  mc_w.l(handlers.o)
    0x0800061c   0x0800061c   0x0000000e   Code   RO         4509    i.__scatterload_zeroinit  mc_w.l(handlers.o)
    0x0800062a   0x0800062a   0x00000002   PAD
    0x0800062c   0x0800062c   0x00000084   Code   RO         4221    i._rt_thread_init   thread.o
    0x080006b0   0x080006b0   0x00000026   Code   RO         4371    i._rt_timer_init    timer.o
    0x080006d6   0x080006d6   0x00000018   Code   RO         4372    i._rt_timer_remove  timer.o
    0x080006ee   0x080006ee   0x0000001c   Code   RO         4222    i._thread_cleanup_execute  thread.o
    0x0800070a   0x0800070a   0x00000002   PAD
    0x0800070c   0x0800070c   0x0000003c   Code   RO         3184    i.main              main.o
    0x08000748   0x08000748   0x0000000e   Code   RO         3354    i.main_thread_entry  components.o
    0x08000756   0x08000756   0x00000002   PAD
    0x08000758   0x08000758   0x00000058   Code   RO         3955    i.plug_holes        mem.o
    0x080007b0   0x080007b0   0x0000012c   Code   RO         3783    i.print_number      kservice.o
    0x080008dc   0x080008dc   0x0000002c   Code   RO         3355    i.rt_application_init  components.o
    0x08000908   0x08000908   0x0000001c   Code   RO         3356    i.rt_components_board_init  components.o
    0x08000924   0x08000924   0x0000001c   Code   RO         3357    i.rt_components_init  components.o
    0x08000940   0x08000940   0x0000001c   Code   RO         4148    i.rt_enter_critical  scheduler.o
    0x0800095c   0x0800095c   0x00000038   Code   RO         4149    i.rt_exit_critical  scheduler.o
    0x08000994   0x08000994   0x000000c8   Code   RO         3957    i.rt_free           mem.o
    0x08000a5c   0x08000a5c   0x00000008   Code   RO         3225    i.rt_heap_begin_get  board.o
    0x08000a64   0x08000a64   0x00000008   Code   RO         3226    i.rt_heap_end_get   board.o
    0x08000a6c   0x08000a6c   0x00000054   Code   RO         3227    i.rt_hw_board_init  board.o
    0x08000ac0   0x08000ac0   0x0000004c   Code   RO         3228    i.rt_hw_console_output  board.o
    0x08000b0c   0x08000b0c   0x000001f4   Code   RO         3276    i.rt_hw_hard_fault_exception  cpuport.o
    0x08000d00   0x08000d00   0x0000003c   Code   RO         3277    i.rt_hw_stack_init  cpuport.o
    0x08000d3c   0x08000d3c   0x00000024   Code   RO         3742    i.rt_interrupt_enter  irq.o
    0x08000d60   0x08000d60   0x00000024   Code   RO         3745    i.rt_interrupt_leave  irq.o
    0x08000d84   0x08000d84   0x0000000e   Code   RO         3480    i.rt_ipc_list_resume  ipc.o
    0x08000d92   0x08000d92   0x00000050   Code   RO         3482    i.rt_ipc_list_suspend  ipc.o
    0x08000de2   0x08000de2   0x00000002   PAD
    0x08000de4   0x08000de4   0x00000020   Code   RO         3787    i.rt_kprintf        kservice.o
    0x08000e04   0x08000e04   0x0000000e   Code   RO         4029    i.rt_list_insert_after  object.o
    0x08000e12   0x08000e12   0x0000000e   Code   RO         4223    i.rt_list_insert_after  thread.o
    0x08000e20   0x08000e20   0x0000000e   Code   RO         4373    i.rt_list_insert_after  timer.o
    0x08000e2e   0x08000e2e   0x0000000e   Code   RO         3483    i.rt_list_insert_before  ipc.o
    0x08000e3c   0x08000e3c   0x0000000e   Code   RO         3484    i.rt_list_isempty   ipc.o
    0x08000e4a   0x08000e4a   0x0000000e   Code   RO         4374    i.rt_list_isempty   timer.o
    0x08000e58   0x08000e58   0x00000012   Code   RO         4030    i.rt_list_remove    object.o
    0x08000e6a   0x08000e6a   0x00000012   Code   RO         4224    i.rt_list_remove    thread.o
    0x08000e7c   0x08000e7c   0x00000012   Code   RO         4375    i.rt_list_remove    timer.o
    0x08000e8e   0x08000e8e   0x00000002   PAD
    0x08000e90   0x08000e90   0x000000fc   Code   RO         3959    i.rt_malloc         mem.o
    0x08000f8c   0x08000f8c   0x00000044   Code   RO         3793    i.rt_memset         kservice.o
    0x08000fd0   0x08000fd0   0x0000005c   Code   RO         4031    i.rt_object_allocate  object.o
    0x0800102c   0x0800102c   0x00000034   Code   RO         4033    i.rt_object_delete  object.o
    0x08001060   0x08001060   0x00000030   Code   RO         4034    i.rt_object_detach  object.o
    0x08001090   0x08001090   0x00000024   Code   RO         4037    i.rt_object_get_information  object.o
    0x080010b4   0x080010b4   0x00000060   Code   RO         4041    i.rt_object_init    object.o
    0x08001114   0x08001114   0x0000000e   Code   RO         4042    i.rt_object_is_systemobject  object.o
    0x08001122   0x08001122   0x00000002   PAD
    0x08001124   0x08001124   0x00000064   Code   RO         4150    i.rt_schedule       scheduler.o
    0x08001188   0x08001188   0x00000050   Code   RO         4151    i.rt_schedule_insert_thread  scheduler.o
    0x080011d8   0x080011d8   0x0000004c   Code   RO         4152    i.rt_schedule_remove_thread  scheduler.o
    0x08001224   0x08001224   0x00000024   Code   RO         3513    i.rt_sem_init       ipc.o
    0x08001248   0x08001248   0x00000060   Code   RO         3514    i.rt_sem_release    ipc.o
    0x080012a8   0x080012a8   0x00000090   Code   RO         3515    i.rt_sem_take       ipc.o
    0x08001338   0x08001338   0x000000b0   Code   RO         3795    i.rt_show_version   kservice.o
    0x080013e8   0x080013e8   0x00000026   Code   RO         3803    i.rt_strncpy        kservice.o
    0x0800140e   0x0800140e   0x00000002   PAD
    0x08001410   0x08001410   0x000000b0   Code   RO         3963    i.rt_system_heap_init  mem.o
    0x080014c0   0x080014c0   0x00000034   Code   RO         4154    i.rt_system_scheduler_init  scheduler.o
    0x080014f4   0x080014f4   0x00000028   Code   RO         4155    i.rt_system_scheduler_start  scheduler.o
    0x0800151c   0x0800151c   0x00000018   Code   RO         4376    i.rt_system_timer_init  timer.o
    0x08001534   0x08001534   0x00000002   Code   RO         4377    i.rt_system_timer_thread_init  timer.o
    0x08001536   0x08001536   0x00000048   Code   RO         4226    i.rt_thread_create  thread.o
    0x0800157e   0x0800157e   0x00000004   Code   RO         4227    i.rt_thread_delay   thread.o
    0x08001582   0x08001582   0x00000002   PAD
    0x08001584   0x08001584   0x00000058   Code   RO         4231    i.rt_thread_exit    thread.o
    0x080015dc   0x080015dc   0x0000001c   Code   RO         3427    i.rt_thread_idle_entry  idle.o
    0x080015f8   0x080015f8   0x00000048   Code   RO         3428    i.rt_thread_idle_excute  idle.o
    0x08001640   0x08001640   0x00000038   Code   RO         3430    i.rt_thread_idle_init  idle.o
    0x08001678   0x08001678   0x00000030   Code   RO         4233    i.rt_thread_init    thread.o
    0x080016a8   0x080016a8   0x0000004c   Code   RO         4236    i.rt_thread_resume  thread.o
    0x080016f4   0x080016f4   0x0000000c   Code   RO         4238    i.rt_thread_self    thread.o
    0x08001700   0x08001700   0x00000040   Code   RO         4239    i.rt_thread_sleep   thread.o
    0x08001740   0x08001740   0x0000002c   Code   RO         4240    i.rt_thread_startup  thread.o
    0x0800176c   0x0800176c   0x00000050   Code   RO         4241    i.rt_thread_suspend  thread.o
    0x080017bc   0x080017bc   0x00000020   Code   RO         4243    i.rt_thread_timeout  thread.o
    0x080017dc   0x080017dc   0x00000060   Code   RO         4244    i.rt_thread_yield   thread.o
    0x0800183c   0x0800183c   0x0000000c   Code   RO         3317    i.rt_tick_get       clock.o
    0x08001848   0x08001848   0x0000002c   Code   RO         3318    i.rt_tick_increase  clock.o
    0x08001874   0x08001874   0x000000a8   Code   RO         4378    i.rt_timer_check    timer.o
    0x0800191c   0x0800191c   0x00000048   Code   RO         4379    i.rt_timer_control  timer.o
    0x08001964   0x08001964   0x00000028   Code   RO         4382    i.rt_timer_detach   timer.o
    0x0800198c   0x0800198c   0x00000028   Code   RO         4385    i.rt_timer_init     timer.o
    0x080019b4   0x080019b4   0x000000a0   Code   RO         4387    i.rt_timer_start    timer.o
    0x08001a54   0x08001a54   0x0000003c   Code   RO         4388    i.rt_timer_stop     timer.o
    0x08001a90   0x08001a90   0x00000260   Code   RO         3806    i.rt_vsnprintf      kservice.o
    0x08001cf0   0x08001cf0   0x00000004   Code   RO         3358    i.rti_board_end     components.o
    0x08001cf4   0x08001cf4   0x00000004   Code   RO         3359    i.rti_board_start   components.o
    0x08001cf8   0x08001cf8   0x00000004   Code   RO         3360    i.rti_end           components.o
    0x08001cfc   0x08001cfc   0x00000004   Code   RO         3361    i.rti_start         components.o
    0x08001d00   0x08001d00   0x0000002a   Code   RO         3362    i.rtthread_startup  components.o
    0x08001d2a   0x08001d2a   0x00000002   PAD
    0x08001d2c   0x08001d2c   0x00000084   Code   RO         3135    i.single_uart_init  bsp_uart.o
    0x08001db0   0x08001db0   0x00000028   Code   RO         3808    i.skip_atoi         kservice.o
    0x08001dd8   0x08001dd8   0x00000020   Code   RO         3185    i.test_thread_entry  main.o
    0x08001df8   0x08001df8   0x00000122   Data   RO         3810    .constdata          kservice.o
    0x08001f1a   0x08001f1a   0x00000002   PAD
    0x08001f1c   0x08001f1c   0x00000004   Data   RO         3363    .rti_fn.0           components.o
    0x08001f20   0x08001f20   0x00000004   Data   RO         3364    .rti_fn.0.end       components.o
    0x08001f24   0x08001f24   0x00000004   Data   RO         3365    .rti_fn.1.end       components.o
    0x08001f28   0x08001f28   0x00000004   Data   RO         3366    .rti_fn.6.end       components.o
    0x08001f2c   0x08001f2c   0x00000020   Data   RO         4505    Region$$Table       anon$$obj.o


    Execution Region RW_IRAM1 (Exec base: 0x20000000, Load base: 0x08001f4c, Size: 0x00002798, Max: 0x00010000, ABSOLUTE)

    Exec Addr    Load Addr    Size         Type   Attr      Idx    E Section Name        Object

    0x20000000   0x08001f4c   0x00000014   Data   RW           27    .data               system_stm32f10x.o
    0x20000014   0x08001f60   0x00000014   Data   RW         1731    .data               stm32f10x_rcc.o
    0x20000028   0x08001f74   0x00000004   Data   RW         3186    .data               main.o
    0x2000002c   0x08001f78   0x00000004   Data   RW         3278    .data               cpuport.o
    0x20000030   0x08001f7c   0x00000004   Data   RW         3279    .data               cpuport.o
    0x20000034   0x08001f80   0x00000004   Data   RW         3280    .data               cpuport.o
    0x20000038   0x08001f84   0x00000004   Data   RW         3281    .data               cpuport.o
    0x2000003c   0x08001f88   0x00000004   Data   RW         3320    .data               clock.o
    0x20000040   0x08001f8c   0x0000000c   Data   RW         3747    .data               irq.o
    0x2000004c   0x08001f98   0x00000020   Data   RW         3965    .data               mem.o
    0x2000006c   0x08001fb8   0x00000084   Data   RW         4047    .data               object.o
    0x200000f0   0x0800203c   0x00000018   Data   RW         4157    .data               scheduler.o
    0x20000108   0x08002054   0x0000000c   Data   RW         4245    .data               thread.o
    0x20000114   0x08002060   0x00000014   Data   RW         4389    .data               timer.o
    0x20000128        -       0x00002000   Zero   RW         3229    .bss                board.o
    0x20002128        -       0x00000190   Zero   RW         3432    .bss                idle.o
    0x200022b8        -       0x00000080   Zero   RW         3809    .bss                kservice.o
    0x20002338        -       0x00000020   Zero   RW         3964    .bss                mem.o
    0x20002358        -       0x00000040   Zero   RW         4156    .bss                scheduler.o
    0x20002398        -       0x00000400   Zero   RW            1    STACK               startup_stm32f10x_hd.o


==============================================================================

Image component sizes


      Code (inc. data)   RO Data    RW Data    ZI Data      Debug   Object Name

       194         20          0          0       8192      18409   board.o
       132         10          0          0          0        623   bsp_uart.o
        56         12          0          4          0       1205   clock.o
       182         30         16          0          0       5738   components.o
       244         28          0          0          0        780   context_rvds.o
         0          0          0          0          0       4508   core_cm3.o
       560        328          0         16          0       3222   cpuport.o
       156         24          0          0        400       5110   idle.o
       398         16          0          0          0       7805   ipc.o
        72          8          0         12          0       1682   irq.o
      1330        160        290          0        128       9836   kservice.o
        92         30          0          4          0       7271   main.o
       716        176          0         32         32       3964   mem.o
       370         28          0        132          0       8668   object.o
       432         58          0         24         64       8102   scheduler.o
        36          8        304          0       1024        872   startup_stm32f10x_hd.o
       156          0          0          0          0       2032   stm32f10x_gpio.o
        12          0          0          0          0       2579   stm32f10x_it.o
       172         22          0         20          0       3945   stm32f10x_rcc.o
       214          6          0          0          0       4192   stm32f10x_usart.o
       248         24          0         20          0     228253   system_stm32f10x.o
       808         56          0         12          0      12570   thread.o
       674         30          0         20          0      11665   timer.o

    ----------------------------------------------------------------------
      7280       1074        644        296       9840     353031   Object Totals
         0          0         32          0          0          0   (incl. Generated)
        26          0          2          0          0          0   (incl. Padding)

    ----------------------------------------------------------------------

      Code (inc. data)   RO Data    RW Data    ZI Data      Debug   Library Member Name

         0          0          0          0          0          0   entry.o
         0          0          0          0          0          0   entry10a.o
         0          0          0          0          0          0   entry11a.o
         8          4          0          0          0          0   entry2.o
         4          0          0          0          0          0   entry5.o
         0          0          0          0          0          0   entry7b.o
         0          0          0          0          0          0   entry8b.o
         8          4          0          0          0          0   entry9a.o
        30          0          0          0          0          0   handlers.o
        36          8          0          0          0         68   init.o

    ----------------------------------------------------------------------
        88         16          0          0          0         68   Library Totals
         2          0          0          0          0          0   (incl. Padding)

    ----------------------------------------------------------------------

      Code (inc. data)   RO Data    RW Data    ZI Data      Debug   Library Name

        86         16          0          0          0         68   mc_w.l

    ----------------------------------------------------------------------
        88         16          0          0          0         68   Library Totals

    ----------------------------------------------------------------------

==============================================================================


      Code (inc. data)   RO Data    RW Data    ZI Data      Debug   

      7368       1090        644        296       9840     348103   Grand Totals
      7368       1090        644        296       9840     348103   ELF Image Totals
      7368       1090        644        296          0          0   ROM Totals

==============================================================================

    Total RO  Size (Code + RO Data)                 8012 (   7.82kB)
    Total RW  Size (RW Data + ZI Data)             10136 (   9.90kB)
    Total ROM Size (Code + RO Data + RW Data)       8308 (   8.11kB)

==============================================================================

