Component: ARM Compiler 5.06 update 6 (build 750) Tool: armlink [4d35ed]

==============================================================================

Section Cross References

    startup_stm32f10x_hd.o(RESET) refers to startup_stm32f10x_hd.o(STACK) for __initial_sp
    startup_stm32f10x_hd.o(RESET) refers to startup_stm32f10x_hd.o(.text) for Reset_Handler
    startup_stm32f10x_hd.o(RESET) refers to context_rvds.o(.text) for HardFault_Handler
    startup_stm32f10x_hd.o(RESET) refers to board.o(.text) for SysTick_Handler
    startup_stm32f10x_hd.o(.text) refers to system_stm32f10x.o(.text) for SystemInit
    startup_stm32f10x_hd.o(.text) refers to entry.o(.ARM.Collect$$$$00000000) for __main
    system_stm32f10x.o(.text) refers to system_stm32f10x.o(.data) for SystemCoreClock
    stm32f10x_adc.o(.text) refers to stm32f10x_rcc.o(.text) for RCC_APB2PeriphResetCmd
    stm32f10x_bkp.o(.text) refers to stm32f10x_rcc.o(.text) for RCC_BackupResetCmd
    stm32f10x_can.o(.text) refers to stm32f10x_rcc.o(.text) for RCC_APB1PeriphResetCmd
    stm32f10x_cec.o(.text) refers to stm32f10x_rcc.o(.text) for RCC_APB1PeriphResetCmd
    stm32f10x_dac.o(.text) refers to stm32f10x_rcc.o(.text) for RCC_APB1PeriphResetCmd
    stm32f10x_gpio.o(.text) refers to stm32f10x_rcc.o(.text) for RCC_APB2PeriphResetCmd
    stm32f10x_i2c.o(.text) refers to stm32f10x_rcc.o(.text) for RCC_APB1PeriphResetCmd
    stm32f10x_pwr.o(.text) refers to stm32f10x_rcc.o(.text) for RCC_APB1PeriphResetCmd
    stm32f10x_rcc.o(.text) refers to stm32f10x_rcc.o(.data) for APBAHBPrescTable
    stm32f10x_spi.o(.text) refers to stm32f10x_rcc.o(.text) for RCC_APB2PeriphResetCmd
    stm32f10x_tim.o(.text) refers to stm32f10x_rcc.o(.text) for RCC_APB2PeriphResetCmd
    stm32f10x_usart.o(.text) refers to stm32f10x_rcc.o(.text) for RCC_APB2PeriphResetCmd
    stm32f10x_wwdg.o(.text) refers to stm32f10x_rcc.o(.text) for RCC_APB1PeriphResetCmd
    main.o(.text) refers to thread.o(.text) for rt_thread_delay
    main.o(.text) refers to ipc.o(.text) for rt_mb_recv
    main.o(.text) refers to kservice.o(.text) for rt_kprintf
    main.o(.text) refers to bsp_key.o(.text) for Key_Scan
    main.o(.text) refers to main.o(.data) for test_mail
    board.o(.text) refers to bsp_led.o(.text) for LED_GPIO_Config
    board.o(.text) refers to bsp_usart.o(.text) for USART_Config
    board.o(.text) refers to bsp_key.o(.text) for Key_GPIO_Config
    board.o(.text) refers to components.o(.text) for rt_components_board_init
    board.o(.text) refers to mem.o(.text) for rt_system_heap_init
    board.o(.text) refers to irq.o(.text) for rt_interrupt_enter
    board.o(.text) refers to clock.o(.text) for rt_tick_increase
    board.o(.text) refers to scheduler.o(.text) for rt_enter_critical
    board.o(.text) refers to stm32f10x_usart.o(.text) for USART_SendData
    board.o(.text) refers to board.o(.bss) for rt_heap
    board.o(.text) refers to system_stm32f10x.o(.data) for SystemCoreClock
    bsp_led.o(.text) refers to stm32f10x_rcc.o(.text) for RCC_APB2PeriphClockCmd
    bsp_led.o(.text) refers to stm32f10x_gpio.o(.text) for GPIO_Init
    bsp_usart.o(.text) refers to misc.o(.text) for NVIC_PriorityGroupConfig
    bsp_usart.o(.text) refers to stm32f10x_rcc.o(.text) for RCC_APB2PeriphClockCmd
    bsp_usart.o(.text) refers to stm32f10x_gpio.o(.text) for GPIO_Init
    bsp_usart.o(.text) refers to stm32f10x_usart.o(.text) for USART_Init
    bsp_key.o(.text) refers to stm32f10x_rcc.o(.text) for RCC_APB2PeriphClockCmd
    bsp_key.o(.text) refers to stm32f10x_gpio.o(.text) for GPIO_Init
    bsp_key.o(.text) refers to thread.o(.text) for rt_thread_delay
    clock.o(.text) refers to context_rvds.o(.text) for rt_hw_interrupt_disable
    clock.o(.text) refers to thread.o(.text) for rt_thread_self
    clock.o(.text) refers to timer.o(.text) for rt_timer_check
    clock.o(.text) refers to clock.o(.data) for rt_tick
    components.o(.text) refers to main.o(.text) for $Super$$main
    components.o(.text) refers to thread.o(.text) for rt_thread_create
    components.o(.text) refers to context_rvds.o(.text) for rt_hw_interrupt_disable
    components.o(.text) refers to board.o(.text) for rt_hw_board_init
    components.o(.text) refers to kservice.o(.text) for rt_show_version
    components.o(.text) refers to timer.o(.text) for rt_system_timer_init
    components.o(.text) refers to scheduler.o(.text) for rt_system_scheduler_init
    components.o(.text) refers to idle.o(.text) for rt_thread_idle_init
    components.o(.text) refers to components.o(.rti_fn.0.end) for __rt_init_rti_board_start
    components.o(.text) refers to components.o(.rti_fn.1.end) for __rt_init_rti_board_end
    components.o(.text) refers to components.o(.rti_fn.6.end) for __rt_init_rti_end
    components.o(.rti_fn.0) refers to components.o(.text) for rti_start
    components.o(.rti_fn.0.end) refers to components.o(.text) for rti_board_start
    components.o(.rti_fn.1.end) refers to components.o(.text) for rti_board_end
    components.o(.rti_fn.6.end) refers to components.o(.text) for rti_end
    idle.o(.text) refers to context_rvds.o(.text) for rt_hw_interrupt_disable
    idle.o(.text) refers to scheduler.o(.text) for rt_enter_critical
    idle.o(.text) refers to object.o(.text) for rt_object_is_systemobject
    idle.o(.text) refers to mem.o(.text) for rt_free
    idle.o(.text) refers to thread.o(.text) for rt_thread_init
    idle.o(.text) refers to scheduler.o(.data) for rt_thread_defunct
    idle.o(.text) refers to idle.o(.bss) for rt_thread_stack
    ipc.o(.text) refers to thread.o(.text) for rt_thread_suspend
    ipc.o(.text) refers to context_rvds.o(.text) for rt_hw_interrupt_disable
    ipc.o(.text) refers to object.o(.text) for rt_object_init
    ipc.o(.text) refers to timer.o(.text) for rt_timer_control
    ipc.o(.text) refers to scheduler.o(.text) for rt_schedule
    ipc.o(.text) refers to mem.o(.text) for rt_malloc
    ipc.o(.text) refers to clock.o(.text) for rt_tick_get
    ipc.o(.text) refers to kservice.o(.text) for rt_memcpy
    irq.o(.text) refers to context_rvds.o(.text) for rt_hw_interrupt_disable
    irq.o(.text) refers to irq.o(.data) for rt_interrupt_nest
    kservice.o(.text) refers to irq.o(.text) for rt_interrupt_get_nest
    kservice.o(.text) refers to thread.o(.text) for rt_thread_self
    kservice.o(.text) refers to mem.o(.text) for rt_malloc
    kservice.o(.text) refers to kservice.o(.data) for __rt_errno
    kservice.o(.text) refers to kservice.o(.constdata) for large_digits
    kservice.o(.text) refers to board.o(.text) for rt_hw_console_output
    kservice.o(.text) refers to kservice.o(.bss) for rt_log_buf
    mem.o(.text) refers to kservice.o(.text) for rt_kprintf
    mem.o(.text) refers to ipc.o(.text) for rt_sem_init
    mem.o(.text) refers to mem.o(.data) for heap_ptr
    mem.o(.text) refers to mem.o(.bss) for heap_sem
    object.o(.text) refers to kservice.o(.text) for rt_strncpy
    object.o(.text) refers to context_rvds.o(.text) for rt_hw_interrupt_disable
    object.o(.text) refers to mem.o(.text) for rt_malloc
    object.o(.text) refers to scheduler.o(.text) for rt_enter_critical
    object.o(.text) refers to object.o(.data) for rt_object_container
    scheduler.o(.text) refers to kservice.o(.text) for __rt_ffs
    scheduler.o(.text) refers to context_rvds.o(.text) for rt_hw_context_switch_to
    scheduler.o(.text) refers to scheduler.o(.data) for rt_scheduler_lock_nest
    scheduler.o(.text) refers to scheduler.o(.bss) for rt_thread_priority_table
    scheduler.o(.text) refers to irq.o(.data) for rt_interrupt_nest
    thread.o(.text) refers to context_rvds.o(.text) for rt_hw_interrupt_disable
    thread.o(.text) refers to scheduler.o(.text) for rt_schedule_remove_thread
    thread.o(.text) refers to timer.o(.text) for rt_timer_detach
    thread.o(.text) refers to object.o(.text) for rt_object_is_systemobject
    thread.o(.text) refers to kservice.o(.text) for rt_memset
    thread.o(.text) refers to cpuport.o(.text) for rt_hw_stack_init
    thread.o(.text) refers to mem.o(.text) for rt_malloc
    thread.o(.text) refers to scheduler.o(.data) for rt_current_thread
    thread.o(.text) refers to scheduler.o(.bss) for rt_thread_priority_table
    timer.o(.text) refers to object.o(.text) for rt_object_init
    timer.o(.text) refers to context_rvds.o(.text) for rt_hw_interrupt_disable
    timer.o(.text) refers to clock.o(.text) for rt_tick_get
    timer.o(.text) refers to timer.o(.data) for rt_timer_list
    context_rvds.o(.text) refers to cpuport.o(.text) for rt_hw_hard_fault_exception
    context_rvds.o(.text) refers to cpuport.o(.data) for rt_thread_switch_interrupt_flag
    cpuport.o(.text) refers to kservice.o(.text) for rt_kprintf
    cpuport.o(.text) refers to thread.o(.text) for rt_thread_self
    cpuport.o(.text) refers to cpuport.o(.data) for rt_exception_hook
    entry.o(.ARM.Collect$$$$00000000) refers (Special) to entry10a.o(.ARM.Collect$$$$0000000D) for __rt_final_cpp
    entry.o(.ARM.Collect$$$$00000000) refers (Special) to entry11a.o(.ARM.Collect$$$$0000000F) for __rt_final_exit
    entry.o(.ARM.Collect$$$$00000000) refers (Special) to entry7b.o(.ARM.Collect$$$$00000008) for _main_clock
    entry.o(.ARM.Collect$$$$00000000) refers (Special) to entry8b.o(.ARM.Collect$$$$0000000A) for _main_cpp_init
    entry.o(.ARM.Collect$$$$00000000) refers (Special) to entry9a.o(.ARM.Collect$$$$0000000B) for _main_init
    entry.o(.ARM.Collect$$$$00000000) refers (Special) to entry5.o(.ARM.Collect$$$$00000004) for _main_scatterload
    entry.o(.ARM.Collect$$$$00000000) refers (Special) to entry2.o(.ARM.Collect$$$$00000001) for _main_stk
    entry2.o(.ARM.Collect$$$$00000001) refers to entry2.o(.ARM.Collect$$$$00002712) for __lit__00000000
    entry2.o(.ARM.Collect$$$$00002712) refers to startup_stm32f10x_hd.o(STACK) for __initial_sp
    entry2.o(__vectab_stack_and_reset_area) refers to startup_stm32f10x_hd.o(STACK) for __initial_sp
    entry2.o(__vectab_stack_and_reset_area) refers to entry.o(.ARM.Collect$$$$00000000) for __main
    entry5.o(.ARM.Collect$$$$00000004) refers to init.o(.text) for __scatterload
    entry9a.o(.ARM.Collect$$$$0000000B) refers to components.o(.text) for main
    entry9b.o(.ARM.Collect$$$$0000000C) refers to components.o(.text) for main
    init.o(.text) refers to entry5.o(.ARM.Collect$$$$00000004) for __main_after_scatterload


==============================================================================

Removing Unused input sections from the image.

    Removing startup_stm32f10x_hd.o(HEAP), (512 bytes).
    Removing core_cm3.o(.emb_text), (32 bytes).
    Removing stm32f10x_adc.o(.text), (1102 bytes).
    Removing stm32f10x_bkp.o(.text), (196 bytes).
    Removing stm32f10x_can.o(.text), (2544 bytes).
    Removing stm32f10x_cec.o(.text), (288 bytes).
    Removing stm32f10x_crc.o(.text), (72 bytes).
    Removing stm32f10x_dac.o(.text), (396 bytes).
    Removing stm32f10x_dbgmcu.o(.text), (48 bytes).
    Removing stm32f10x_dma.o(.text), (596 bytes).
    Removing stm32f10x_exti.o(.text), (284 bytes).
    Removing stm32f10x_flash.o(.text), (1468 bytes).
    Removing stm32f10x_fsmc.o(.text), (1548 bytes).
    Removing stm32f10x_i2c.o(.text), (1028 bytes).
    Removing stm32f10x_iwdg.o(.text), (64 bytes).
    Removing stm32f10x_pwr.o(.text), (204 bytes).
    Removing stm32f10x_rtc.o(.text), (328 bytes).
    Removing stm32f10x_sdio.o(.text), (468 bytes).
    Removing stm32f10x_spi.o(.text), (780 bytes).
    Removing stm32f10x_tim.o(.text), (3610 bytes).
    Removing stm32f10x_wwdg.o(.text), (136 bytes).

21 unused section(s) (total 15704 bytes) removed from the image.

==============================================================================

Image Symbol Table

    Local Symbols

    Symbol Name                              Value     Ov Type        Size  Object(Section)

    ../clib/../cmprslib/zerorunl2.c          0x00000000   Number         0  __dczerorl2.o ABSOLUTE
    ../clib/microlib/init/entry.s            0x00000000   Number         0  entry10a.o ABSOLUTE
    ../clib/microlib/init/entry.s            0x00000000   Number         0  entry11a.o ABSOLUTE
    ../clib/microlib/init/entry.s            0x00000000   Number         0  entry5.o ABSOLUTE
    ../clib/microlib/init/entry.s            0x00000000   Number         0  entry.o ABSOLUTE
    ../clib/microlib/init/entry.s            0x00000000   Number         0  entry2.o ABSOLUTE
    ../clib/microlib/init/entry.s            0x00000000   Number         0  entry7a.o ABSOLUTE
    ../clib/microlib/init/entry.s            0x00000000   Number         0  entry11b.o ABSOLUTE
    ../clib/microlib/init/entry.s            0x00000000   Number         0  entry7b.o ABSOLUTE
    ../clib/microlib/init/entry.s            0x00000000   Number         0  entry10b.o ABSOLUTE
    ../clib/microlib/init/entry.s            0x00000000   Number         0  entry8a.o ABSOLUTE
    ../clib/microlib/init/entry.s            0x00000000   Number         0  entry8b.o ABSOLUTE
    ../clib/microlib/init/entry.s            0x00000000   Number         0  entry9a.o ABSOLUTE
    ../clib/microlib/init/entry.s            0x00000000   Number         0  entry9b.o ABSOLUTE
    ..\..\Libraries\CMSIS\core_cm3.c         0x00000000   Number         0  core_cm3.o ABSOLUTE
    ..\..\Libraries\CMSIS\startup\startup_stm32f10x_hd.s 0x00000000   Number         0  startup_stm32f10x_hd.o ABSOLUTE
    ..\..\Libraries\CMSIS\system_stm32f10x.c 0x00000000   Number         0  system_stm32f10x.o ABSOLUTE
    ..\..\Libraries\FWlib\src\misc.c         0x00000000   Number         0  misc.o ABSOLUTE
    ..\..\Libraries\FWlib\src\stm32f10x_adc.c 0x00000000   Number         0  stm32f10x_adc.o ABSOLUTE
    ..\..\Libraries\FWlib\src\stm32f10x_bkp.c 0x00000000   Number         0  stm32f10x_bkp.o ABSOLUTE
    ..\..\Libraries\FWlib\src\stm32f10x_can.c 0x00000000   Number         0  stm32f10x_can.o ABSOLUTE
    ..\..\Libraries\FWlib\src\stm32f10x_cec.c 0x00000000   Number         0  stm32f10x_cec.o ABSOLUTE
    ..\..\Libraries\FWlib\src\stm32f10x_crc.c 0x00000000   Number         0  stm32f10x_crc.o ABSOLUTE
    ..\..\Libraries\FWlib\src\stm32f10x_dac.c 0x00000000   Number         0  stm32f10x_dac.o ABSOLUTE
    ..\..\Libraries\FWlib\src\stm32f10x_dbgmcu.c 0x00000000   Number         0  stm32f10x_dbgmcu.o ABSOLUTE
    ..\..\Libraries\FWlib\src\stm32f10x_dma.c 0x00000000   Number         0  stm32f10x_dma.o ABSOLUTE
    ..\..\Libraries\FWlib\src\stm32f10x_exti.c 0x00000000   Number         0  stm32f10x_exti.o ABSOLUTE
    ..\..\Libraries\FWlib\src\stm32f10x_flash.c 0x00000000   Number         0  stm32f10x_flash.o ABSOLUTE
    ..\..\Libraries\FWlib\src\stm32f10x_fsmc.c 0x00000000   Number         0  stm32f10x_fsmc.o ABSOLUTE
    ..\..\Libraries\FWlib\src\stm32f10x_gpio.c 0x00000000   Number         0  stm32f10x_gpio.o ABSOLUTE
    ..\..\Libraries\FWlib\src\stm32f10x_i2c.c 0x00000000   Number         0  stm32f10x_i2c.o ABSOLUTE
    ..\..\Libraries\FWlib\src\stm32f10x_iwdg.c 0x00000000   Number         0  stm32f10x_iwdg.o ABSOLUTE
    ..\..\Libraries\FWlib\src\stm32f10x_pwr.c 0x00000000   Number         0  stm32f10x_pwr.o ABSOLUTE
    ..\..\Libraries\FWlib\src\stm32f10x_rcc.c 0x00000000   Number         0  stm32f10x_rcc.o ABSOLUTE
    ..\..\Libraries\FWlib\src\stm32f10x_rtc.c 0x00000000   Number         0  stm32f10x_rtc.o ABSOLUTE
    ..\..\Libraries\FWlib\src\stm32f10x_sdio.c 0x00000000   Number         0  stm32f10x_sdio.o ABSOLUTE
    ..\..\Libraries\FWlib\src\stm32f10x_spi.c 0x00000000   Number         0  stm32f10x_spi.o ABSOLUTE
    ..\..\Libraries\FWlib\src\stm32f10x_tim.c 0x00000000   Number         0  stm32f10x_tim.o ABSOLUTE
    ..\..\Libraries\FWlib\src\stm32f10x_usart.c 0x00000000   Number         0  stm32f10x_usart.o ABSOLUTE
    ..\..\Libraries\FWlib\src\stm32f10x_wwdg.c 0x00000000   Number         0  stm32f10x_wwdg.o ABSOLUTE
    ..\..\User\board.c                       0x00000000   Number         0  board.o ABSOLUTE
    ..\..\User\bsp\bsp_key.c                 0x00000000   Number         0  bsp_key.o ABSOLUTE
    ..\..\User\bsp\led\bsp_led.c             0x00000000   Number         0  bsp_led.o ABSOLUTE
    ..\..\User\bsp\usart\bsp_usart.c         0x00000000   Number         0  bsp_usart.o ABSOLUTE
    ..\..\User\main.c                        0x00000000   Number         0  main.o ABSOLUTE
    ..\..\User\stm32f10x_it.c                0x00000000   Number         0  stm32f10x_it.o ABSOLUTE
    ..\..\rtthread\3.0.3\libcpu\arm\cortex-m3\context_rvds.S 0x00000000   Number         0  context_rvds.o ABSOLUTE
    ..\..\rtthread\3.0.3\libcpu\arm\cortex-m3\cpuport.c 0x00000000   Number         0  cpuport.o ABSOLUTE
    ..\..\rtthread\3.0.3\src\clock.c         0x00000000   Number         0  clock.o ABSOLUTE
    ..\..\rtthread\3.0.3\src\components.c    0x00000000   Number         0  components.o ABSOLUTE
    ..\..\rtthread\3.0.3\src\device.c        0x00000000   Number         0  device.o ABSOLUTE
    ..\..\rtthread\3.0.3\src\idle.c          0x00000000   Number         0  idle.o ABSOLUTE
    ..\..\rtthread\3.0.3\src\ipc.c           0x00000000   Number         0  ipc.o ABSOLUTE
    ..\..\rtthread\3.0.3\src\irq.c           0x00000000   Number         0  irq.o ABSOLUTE
    ..\..\rtthread\3.0.3\src\kservice.c      0x00000000   Number         0  kservice.o ABSOLUTE
    ..\..\rtthread\3.0.3\src\mem.c           0x00000000   Number         0  mem.o ABSOLUTE
    ..\..\rtthread\3.0.3\src\memheap.c       0x00000000   Number         0  memheap.o ABSOLUTE
    ..\..\rtthread\3.0.3\src\mempool.c       0x00000000   Number         0  mempool.o ABSOLUTE
    ..\..\rtthread\3.0.3\src\object.c        0x00000000   Number         0  object.o ABSOLUTE
    ..\..\rtthread\3.0.3\src\scheduler.c     0x00000000   Number         0  scheduler.o ABSOLUTE
    ..\..\rtthread\3.0.3\src\signal.c        0x00000000   Number         0  signal.o ABSOLUTE
    ..\..\rtthread\3.0.3\src\thread.c        0x00000000   Number         0  thread.o ABSOLUTE
    ..\..\rtthread\3.0.3\src\timer.c         0x00000000   Number         0  timer.o ABSOLUTE
    ..\\..\\Libraries\\CMSIS\\core_cm3.c     0x00000000   Number         0  core_cm3.o ABSOLUTE
    dc.s                                     0x00000000   Number         0  dc.o ABSOLUTE
    handlers.s                               0x00000000   Number         0  handlers.o ABSOLUTE
    init.s                                   0x00000000   Number         0  init.o ABSOLUTE
    RESET                                    0x08000000   Section      304  startup_stm32f10x_hd.o(RESET)
    .ARM.Collect$$$$00000000                 0x08000130   Section        0  entry.o(.ARM.Collect$$$$00000000)
    .ARM.Collect$$$$00000001                 0x08000130   Section        4  entry2.o(.ARM.Collect$$$$00000001)
    .ARM.Collect$$$$00000004                 0x08000134   Section        4  entry5.o(.ARM.Collect$$$$00000004)
    .ARM.Collect$$$$00000008                 0x08000138   Section        0  entry7b.o(.ARM.Collect$$$$00000008)
    .ARM.Collect$$$$0000000A                 0x08000138   Section        0  entry8b.o(.ARM.Collect$$$$0000000A)
    .ARM.Collect$$$$0000000B                 0x08000138   Section        8  entry9a.o(.ARM.Collect$$$$0000000B)
    .ARM.Collect$$$$0000000D                 0x08000140   Section        0  entry10a.o(.ARM.Collect$$$$0000000D)
    .ARM.Collect$$$$0000000F                 0x08000140   Section        0  entry11a.o(.ARM.Collect$$$$0000000F)
    .ARM.Collect$$$$00002712                 0x08000140   Section        4  entry2.o(.ARM.Collect$$$$00002712)
    __lit__00000000                          0x08000140   Data           4  entry2.o(.ARM.Collect$$$$00002712)
    .text                                    0x08000144   Section       36  startup_stm32f10x_hd.o(.text)
    .text                                    0x08000168   Section        0  system_stm32f10x.o(.text)
    SetSysClockTo72                          0x08000169   Thumb Code   214  system_stm32f10x.o(.text)
    SetSysClock                              0x0800023f   Thumb Code     8  system_stm32f10x.o(.text)
    .text                                    0x08000348   Section        0  misc.o(.text)
    .text                                    0x08000424   Section        0  stm32f10x_gpio.o(.text)
    .text                                    0x08000780   Section        0  stm32f10x_rcc.o(.text)
    .text                                    0x08000b24   Section        0  stm32f10x_usart.o(.text)
    .text                                    0x08000f2c   Section        0  main.o(.text)
    led1_thread_entry                        0x08000f2d   Thumb Code    34  main.o(.text)
    led2_thread_entry                        0x08000f4f   Thumb Code    34  main.o(.text)
    receive0_thread_entry                    0x08000f71   Thumb Code    38  main.o(.text)
    receive1_thread_entry                    0x08000f97   Thumb Code    38  main.o(.text)
    send_thread_entry                        0x08000fbd   Thumb Code   104  main.o(.text)
    .text                                    0x080011b8   Section        0  board.o(.text)
    .text                                    0x080012a8   Section        0  bsp_led.o(.text)
    .text                                    0x080012f4   Section        0  bsp_usart.o(.text)
    NVIC_Configuration                       0x080012f5   Thumb Code    38  bsp_usart.o(.text)
    .text                                    0x08001498   Section        0  bsp_key.o(.text)
    .text                                    0x080014fc   Section        0  clock.o(.text)
    .text                                    0x08001568   Section        0  components.o(.text)
    rti_start                                0x08001569   Thumb Code     4  components.o(.text)
    rti_board_start                          0x0800156d   Thumb Code     4  components.o(.text)
    rti_board_end                            0x08001571   Thumb Code     4  components.o(.text)
    rti_end                                  0x08001575   Thumb Code     4  components.o(.text)
    .text                                    0x0800161c   Section        0  idle.o(.text)
    rt_thread_idle_entry                     0x0800169d   Thumb Code     8  idle.o(.text)
    _has_defunct_thread                      0x080016cf   Thumb Code    16  idle.o(.text)
    .text                                    0x080016f8   Section        0  ipc.o(.text)
    rt_list_insert_before                    0x080016f9   Thumb Code    14  ipc.o(.text)
    rt_ipc_list_suspend                      0x08001707   Thumb Code   108  ipc.o(.text)
    rt_ipc_list_resume_all                   0x08001773   Thumb Code    50  ipc.o(.text)
    rt_list_init                             0x080023b9   Thumb Code     6  ipc.o(.text)
    rt_list_isempty                          0x080023bf   Thumb Code    16  ipc.o(.text)
    rt_ipc_object_init                       0x080023cf   Thumb Code    16  ipc.o(.text)
    rt_ipc_list_resume                       0x080023df   Thumb Code    20  ipc.o(.text)
    .text                                    0x080023f4   Section        0  irq.o(.text)
    .text                                    0x08002434   Section        0  kservice.o(.text)
    print_number                             0x080026f9   Thumb Code   400  kservice.o(.text)
    skip_atoi                                0x08002889   Thumb Code    38  kservice.o(.text)
    .text                                    0x08002dc0   Section        0  mem.o(.text)
    plug_holes                               0x08002dc1   Thumb Code   108  mem.o(.text)
    .text                                    0x080032a4   Section        0  object.o(.text)
    rt_list_insert_after                     0x080032a5   Thumb Code    14  object.o(.text)
    rt_list_remove                           0x080032b3   Thumb Code    18  object.o(.text)
    .text                                    0x08003418   Section        0  scheduler.o(.text)
    rt_list_init                             0x080035d5   Thumb Code     6  scheduler.o(.text)
    .text                                    0x080035f8   Section        0  thread.o(.text)
    rt_list_insert_after                     0x080035f9   Thumb Code    14  thread.o(.text)
    rt_list_remove                           0x08003607   Thumb Code    18  thread.o(.text)
    _rt_thread_init                          0x08003685   Thumb Code   128  thread.o(.text)
    .text                                    0x08003a38   Section        0  timer.o(.text)
    rt_list_insert_after                     0x08003a39   Thumb Code    14  timer.o(.text)
    _rt_timer_init                           0x08003a47   Thumb Code    66  timer.o(.text)
    rt_timer_list_next_timeout               0x08003a89   Thumb Code    28  timer.o(.text)
    _rt_timer_remove                         0x08003aa5   Thumb Code    46  timer.o(.text)
    rt_list_init                             0x08003d67   Thumb Code     6  timer.o(.text)
    rt_list_isempty                          0x08003d6d   Thumb Code    16  timer.o(.text)
    .text                                    0x08003d84   Section      240  context_rvds.o(.text)
    .text                                    0x08003e74   Section        0  cpuport.o(.text)
    .text                                    0x080040dc   Section       36  init.o(.text)
    .text                                    0x08004100   Section        0  __dczerorl2.o(.text)
    i.__scatterload_copy                     0x08004156   Section       14  handlers.o(i.__scatterload_copy)
    i.__scatterload_null                     0x08004164   Section        2  handlers.o(i.__scatterload_null)
    i.__scatterload_zeroinit                 0x08004166   Section       14  handlers.o(i.__scatterload_zeroinit)
    .constdata                               0x08004174   Section      290  kservice.o(.constdata)
    small_digits                             0x08004274   Data          17  kservice.o(.constdata)
    large_digits                             0x08004285   Data          17  kservice.o(.constdata)
    .rti_fn.0                                0x08004298   Section        4  components.o(.rti_fn.0)
    __tagsym$$used                           0x08004298   Number         0  components.o(.rti_fn.0)
    .rti_fn.0.end                            0x0800429c   Section        4  components.o(.rti_fn.0.end)
    __tagsym$$used                           0x0800429c   Number         0  components.o(.rti_fn.0.end)
    .rti_fn.1.end                            0x080042a0   Section        4  components.o(.rti_fn.1.end)
    __tagsym$$used                           0x080042a0   Number         0  components.o(.rti_fn.1.end)
    .rti_fn.6.end                            0x080042a4   Section        4  components.o(.rti_fn.6.end)
    __tagsym$$used                           0x080042a4   Number         0  components.o(.rti_fn.6.end)
    .data                                    0x20000000   Section       20  system_stm32f10x.o(.data)
    .data                                    0x20000014   Section       20  stm32f10x_rcc.o(.data)
    APBAHBPrescTable                         0x20000014   Data          16  stm32f10x_rcc.o(.data)
    ADCPrescTable                            0x20000024   Data           4  stm32f10x_rcc.o(.data)
    .data                                    0x20000028   Section       68  main.o(.data)
    led1_thread                              0x20000028   Data           4  main.o(.data)
    led2_thread                              0x2000002c   Data           4  main.o(.data)
    receive0_thread                          0x20000030   Data           4  main.o(.data)
    receive1_thread                          0x20000034   Data           4  main.o(.data)
    send_thread                              0x20000038   Data           4  main.o(.data)
    test_mail                                0x2000003c   Data           4  main.o(.data)
    .data                                    0x2000006c   Section        4  clock.o(.data)
    rt_tick                                  0x2000006c   Data           4  clock.o(.data)
    .data                                    0x20000070   Section        1  irq.o(.data)
    .data                                    0x20000074   Section        4  kservice.o(.data)
    __rt_errno                               0x20000074   Data           4  kservice.o(.data)
    .data                                    0x20000078   Section       24  mem.o(.data)
    heap_ptr                                 0x20000078   Data           4  mem.o(.data)
    heap_end                                 0x2000007c   Data           4  mem.o(.data)
    lfree                                    0x20000080   Data           4  mem.o(.data)
    mem_size_aligned                         0x20000084   Data           4  mem.o(.data)
    used_mem                                 0x20000088   Data           4  mem.o(.data)
    max_mem                                  0x2000008c   Data           4  mem.o(.data)
    .data                                    0x20000090   Section      112  object.o(.data)
    rt_object_container                      0x20000090   Data         112  object.o(.data)
    .data                                    0x20000100   Section       24  scheduler.o(.data)
    rt_scheduler_lock_nest                   0x20000100   Data           2  scheduler.o(.data)
    .data                                    0x20000118   Section       12  timer.o(.data)
    rt_timer_list                            0x20000118   Data           8  timer.o(.data)
    random_nr                                0x20000120   Data           4  timer.o(.data)
    .data                                    0x20000124   Section       16  cpuport.o(.data)
    rt_exception_hook                        0x20000130   Data           4  cpuport.o(.data)
    .bss                                     0x20000134   Section     4096  board.o(.bss)
    rt_heap                                  0x20000134   Data        4096  board.o(.bss)
    .bss                                     0x20001134   Section      384  idle.o(.bss)
    idle                                     0x20001134   Data         128  idle.o(.bss)
    rt_thread_stack                          0x200011b4   Data         256  idle.o(.bss)
    .bss                                     0x200012b4   Section      128  kservice.o(.bss)
    rt_log_buf                               0x200012b4   Data         128  kservice.o(.bss)
    .bss                                     0x20001334   Section       32  mem.o(.bss)
    heap_sem                                 0x20001334   Data          32  mem.o(.bss)
    .bss                                     0x20001354   Section       64  scheduler.o(.bss)
    STACK                                    0x20001398   Section     1024  startup_stm32f10x_hd.o(STACK)

    Global Symbols

    Symbol Name                              Value     Ov Type        Size  Object(Section)

    BuildAttributes$$THM_ISAv4$P$D$K$B$S$PE$A:L22UL41UL21$X:L11$S22US41US21$IEEE1$IW$USESV6$~STKCKD$USESV7$~SHL$OSPACE$EBA8$MICROLIB$REQ8$PRES8$EABIv2 0x00000000   Number         0  anon$$obj.o ABSOLUTE
    __ARM_use_no_argv                        0x00000000   Number         0  main.o ABSOLUTE
    __cpp_initialize__aeabi_                  - Undefined Weak Reference
    __cxa_finalize                            - Undefined Weak Reference
    _clock_init                               - Undefined Weak Reference
    _microlib_exit                            - Undefined Weak Reference
    __Vectors_Size                           0x00000130   Number         0  startup_stm32f10x_hd.o ABSOLUTE
    __Vectors                                0x08000000   Data           4  startup_stm32f10x_hd.o(RESET)
    __Vectors_End                            0x08000130   Data           0  startup_stm32f10x_hd.o(RESET)
    __main                                   0x08000131   Thumb Code     0  entry.o(.ARM.Collect$$$$00000000)
    _main_stk                                0x08000131   Thumb Code     0  entry2.o(.ARM.Collect$$$$00000001)
    _main_scatterload                        0x08000135   Thumb Code     0  entry5.o(.ARM.Collect$$$$00000004)
    __main_after_scatterload                 0x08000139   Thumb Code     0  entry5.o(.ARM.Collect$$$$00000004)
    _main_clock                              0x08000139   Thumb Code     0  entry7b.o(.ARM.Collect$$$$00000008)
    _main_cpp_init                           0x08000139   Thumb Code     0  entry8b.o(.ARM.Collect$$$$0000000A)
    _main_init                               0x08000139   Thumb Code     0  entry9a.o(.ARM.Collect$$$$0000000B)
    __rt_final_cpp                           0x08000141   Thumb Code     0  entry10a.o(.ARM.Collect$$$$0000000D)
    __rt_final_exit                          0x08000141   Thumb Code     0  entry11a.o(.ARM.Collect$$$$0000000F)
    Reset_Handler                            0x08000145   Thumb Code     8  startup_stm32f10x_hd.o(.text)
    NMI_Handler                              0x0800014d   Thumb Code     2  startup_stm32f10x_hd.o(.text)
    MemManage_Handler                        0x08000151   Thumb Code     2  startup_stm32f10x_hd.o(.text)
    BusFault_Handler                         0x08000153   Thumb Code     2  startup_stm32f10x_hd.o(.text)
    UsageFault_Handler                       0x08000155   Thumb Code     2  startup_stm32f10x_hd.o(.text)
    SVC_Handler                              0x08000157   Thumb Code     2  startup_stm32f10x_hd.o(.text)
    DebugMon_Handler                         0x08000159   Thumb Code     2  startup_stm32f10x_hd.o(.text)
    ADC1_2_IRQHandler                        0x0800015f   Thumb Code     0  startup_stm32f10x_hd.o(.text)
    ADC3_IRQHandler                          0x0800015f   Thumb Code     0  startup_stm32f10x_hd.o(.text)
    CAN1_RX1_IRQHandler                      0x0800015f   Thumb Code     0  startup_stm32f10x_hd.o(.text)
    CAN1_SCE_IRQHandler                      0x0800015f   Thumb Code     0  startup_stm32f10x_hd.o(.text)
    DMA1_Channel1_IRQHandler                 0x0800015f   Thumb Code     0  startup_stm32f10x_hd.o(.text)
    DMA1_Channel2_IRQHandler                 0x0800015f   Thumb Code     0  startup_stm32f10x_hd.o(.text)
    DMA1_Channel3_IRQHandler                 0x0800015f   Thumb Code     0  startup_stm32f10x_hd.o(.text)
    DMA1_Channel4_IRQHandler                 0x0800015f   Thumb Code     0  startup_stm32f10x_hd.o(.text)
    DMA1_Channel5_IRQHandler                 0x0800015f   Thumb Code     0  startup_stm32f10x_hd.o(.text)
    DMA1_Channel6_IRQHandler                 0x0800015f   Thumb Code     0  startup_stm32f10x_hd.o(.text)
    DMA1_Channel7_IRQHandler                 0x0800015f   Thumb Code     0  startup_stm32f10x_hd.o(.text)
    DMA2_Channel1_IRQHandler                 0x0800015f   Thumb Code     0  startup_stm32f10x_hd.o(.text)
    DMA2_Channel2_IRQHandler                 0x0800015f   Thumb Code     0  startup_stm32f10x_hd.o(.text)
    DMA2_Channel3_IRQHandler                 0x0800015f   Thumb Code     0  startup_stm32f10x_hd.o(.text)
    DMA2_Channel4_5_IRQHandler               0x0800015f   Thumb Code     0  startup_stm32f10x_hd.o(.text)
    EXTI0_IRQHandler                         0x0800015f   Thumb Code     0  startup_stm32f10x_hd.o(.text)
    EXTI15_10_IRQHandler                     0x0800015f   Thumb Code     0  startup_stm32f10x_hd.o(.text)
    EXTI1_IRQHandler                         0x0800015f   Thumb Code     0  startup_stm32f10x_hd.o(.text)
    EXTI2_IRQHandler                         0x0800015f   Thumb Code     0  startup_stm32f10x_hd.o(.text)
    EXTI3_IRQHandler                         0x0800015f   Thumb Code     0  startup_stm32f10x_hd.o(.text)
    EXTI4_IRQHandler                         0x0800015f   Thumb Code     0  startup_stm32f10x_hd.o(.text)
    EXTI9_5_IRQHandler                       0x0800015f   Thumb Code     0  startup_stm32f10x_hd.o(.text)
    FLASH_IRQHandler                         0x0800015f   Thumb Code     0  startup_stm32f10x_hd.o(.text)
    FSMC_IRQHandler                          0x0800015f   Thumb Code     0  startup_stm32f10x_hd.o(.text)
    I2C1_ER_IRQHandler                       0x0800015f   Thumb Code     0  startup_stm32f10x_hd.o(.text)
    I2C1_EV_IRQHandler                       0x0800015f   Thumb Code     0  startup_stm32f10x_hd.o(.text)
    I2C2_ER_IRQHandler                       0x0800015f   Thumb Code     0  startup_stm32f10x_hd.o(.text)
    I2C2_EV_IRQHandler                       0x0800015f   Thumb Code     0  startup_stm32f10x_hd.o(.text)
    PVD_IRQHandler                           0x0800015f   Thumb Code     0  startup_stm32f10x_hd.o(.text)
    RCC_IRQHandler                           0x0800015f   Thumb Code     0  startup_stm32f10x_hd.o(.text)
    RTCAlarm_IRQHandler                      0x0800015f   Thumb Code     0  startup_stm32f10x_hd.o(.text)
    RTC_IRQHandler                           0x0800015f   Thumb Code     0  startup_stm32f10x_hd.o(.text)
    SDIO_IRQHandler                          0x0800015f   Thumb Code     0  startup_stm32f10x_hd.o(.text)
    SPI1_IRQHandler                          0x0800015f   Thumb Code     0  startup_stm32f10x_hd.o(.text)
    SPI2_IRQHandler                          0x0800015f   Thumb Code     0  startup_stm32f10x_hd.o(.text)
    SPI3_IRQHandler                          0x0800015f   Thumb Code     0  startup_stm32f10x_hd.o(.text)
    TAMPER_IRQHandler                        0x0800015f   Thumb Code     0  startup_stm32f10x_hd.o(.text)
    TIM1_BRK_IRQHandler                      0x0800015f   Thumb Code     0  startup_stm32f10x_hd.o(.text)
    TIM1_CC_IRQHandler                       0x0800015f   Thumb Code     0  startup_stm32f10x_hd.o(.text)
    TIM1_TRG_COM_IRQHandler                  0x0800015f   Thumb Code     0  startup_stm32f10x_hd.o(.text)
    TIM1_UP_IRQHandler                       0x0800015f   Thumb Code     0  startup_stm32f10x_hd.o(.text)
    TIM2_IRQHandler                          0x0800015f   Thumb Code     0  startup_stm32f10x_hd.o(.text)
    TIM3_IRQHandler                          0x0800015f   Thumb Code     0  startup_stm32f10x_hd.o(.text)
    TIM4_IRQHandler                          0x0800015f   Thumb Code     0  startup_stm32f10x_hd.o(.text)
    TIM5_IRQHandler                          0x0800015f   Thumb Code     0  startup_stm32f10x_hd.o(.text)
    TIM6_IRQHandler                          0x0800015f   Thumb Code     0  startup_stm32f10x_hd.o(.text)
    TIM7_IRQHandler                          0x0800015f   Thumb Code     0  startup_stm32f10x_hd.o(.text)
    TIM8_BRK_IRQHandler                      0x0800015f   Thumb Code     0  startup_stm32f10x_hd.o(.text)
    TIM8_CC_IRQHandler                       0x0800015f   Thumb Code     0  startup_stm32f10x_hd.o(.text)
    TIM8_TRG_COM_IRQHandler                  0x0800015f   Thumb Code     0  startup_stm32f10x_hd.o(.text)
    TIM8_UP_IRQHandler                       0x0800015f   Thumb Code     0  startup_stm32f10x_hd.o(.text)
    UART4_IRQHandler                         0x0800015f   Thumb Code     0  startup_stm32f10x_hd.o(.text)
    UART5_IRQHandler                         0x0800015f   Thumb Code     0  startup_stm32f10x_hd.o(.text)
    USART1_IRQHandler                        0x0800015f   Thumb Code     0  startup_stm32f10x_hd.o(.text)
    USART2_IRQHandler                        0x0800015f   Thumb Code     0  startup_stm32f10x_hd.o(.text)
    USART3_IRQHandler                        0x0800015f   Thumb Code     0  startup_stm32f10x_hd.o(.text)
    USBWakeUp_IRQHandler                     0x0800015f   Thumb Code     0  startup_stm32f10x_hd.o(.text)
    USB_HP_CAN1_TX_IRQHandler                0x0800015f   Thumb Code     0  startup_stm32f10x_hd.o(.text)
    USB_LP_CAN1_RX0_IRQHandler               0x0800015f   Thumb Code     0  startup_stm32f10x_hd.o(.text)
    WWDG_IRQHandler                          0x0800015f   Thumb Code     0  startup_stm32f10x_hd.o(.text)
    SystemInit                               0x08000247   Thumb Code    78  system_stm32f10x.o(.text)
    SystemCoreClockUpdate                    0x08000295   Thumb Code   142  system_stm32f10x.o(.text)
    NVIC_PriorityGroupConfig                 0x08000349   Thumb Code    10  misc.o(.text)
    NVIC_Init                                0x08000353   Thumb Code   100  misc.o(.text)
    NVIC_SetVectorTable                      0x080003b7   Thumb Code    14  misc.o(.text)
    NVIC_SystemLPConfig                      0x080003c5   Thumb Code    34  misc.o(.text)
    SysTick_CLKSourceConfig                  0x080003e7   Thumb Code    40  misc.o(.text)
    GPIO_DeInit                              0x08000425   Thumb Code   172  stm32f10x_gpio.o(.text)
    GPIO_AFIODeInit                          0x080004d1   Thumb Code    20  stm32f10x_gpio.o(.text)
    GPIO_Init                                0x080004e5   Thumb Code   278  stm32f10x_gpio.o(.text)
    GPIO_StructInit                          0x080005fb   Thumb Code    16  stm32f10x_gpio.o(.text)
    GPIO_ReadInputDataBit                    0x0800060b   Thumb Code    18  stm32f10x_gpio.o(.text)
    GPIO_ReadInputData                       0x0800061d   Thumb Code     8  stm32f10x_gpio.o(.text)
    GPIO_ReadOutputDataBit                   0x08000625   Thumb Code    18  stm32f10x_gpio.o(.text)
    GPIO_ReadOutputData                      0x08000637   Thumb Code     8  stm32f10x_gpio.o(.text)
    GPIO_SetBits                             0x0800063f   Thumb Code     4  stm32f10x_gpio.o(.text)
    GPIO_ResetBits                           0x08000643   Thumb Code     4  stm32f10x_gpio.o(.text)
    GPIO_WriteBit                            0x08000647   Thumb Code    10  stm32f10x_gpio.o(.text)
    GPIO_Write                               0x08000651   Thumb Code     4  stm32f10x_gpio.o(.text)
    GPIO_PinLockConfig                       0x08000655   Thumb Code    18  stm32f10x_gpio.o(.text)
    GPIO_EventOutputConfig                   0x08000667   Thumb Code    26  stm32f10x_gpio.o(.text)
    GPIO_EventOutputCmd                      0x08000681   Thumb Code     6  stm32f10x_gpio.o(.text)
    GPIO_PinRemapConfig                      0x08000687   Thumb Code   138  stm32f10x_gpio.o(.text)
    GPIO_EXTILineConfig                      0x08000711   Thumb Code    66  stm32f10x_gpio.o(.text)
    GPIO_ETH_MediaInterfaceConfig            0x08000753   Thumb Code     8  stm32f10x_gpio.o(.text)
    RCC_DeInit                               0x08000781   Thumb Code    64  stm32f10x_rcc.o(.text)
    RCC_HSEConfig                            0x080007c1   Thumb Code    70  stm32f10x_rcc.o(.text)
    RCC_GetFlagStatus                        0x08000807   Thumb Code    56  stm32f10x_rcc.o(.text)
    RCC_WaitForHSEStartUp                    0x0800083f   Thumb Code    56  stm32f10x_rcc.o(.text)
    RCC_AdjustHSICalibrationValue            0x08000877   Thumb Code    20  stm32f10x_rcc.o(.text)
    RCC_HSICmd                               0x0800088b   Thumb Code     6  stm32f10x_rcc.o(.text)
    RCC_PLLConfig                            0x08000891   Thumb Code    24  stm32f10x_rcc.o(.text)
    RCC_PLLCmd                               0x080008a9   Thumb Code     6  stm32f10x_rcc.o(.text)
    RCC_SYSCLKConfig                         0x080008af   Thumb Code    18  stm32f10x_rcc.o(.text)
    RCC_GetSYSCLKSource                      0x080008c1   Thumb Code    10  stm32f10x_rcc.o(.text)
    RCC_HCLKConfig                           0x080008cb   Thumb Code    18  stm32f10x_rcc.o(.text)
    RCC_PCLK1Config                          0x080008dd   Thumb Code    18  stm32f10x_rcc.o(.text)
    RCC_PCLK2Config                          0x080008ef   Thumb Code    20  stm32f10x_rcc.o(.text)
    RCC_ITConfig                             0x08000903   Thumb Code    26  stm32f10x_rcc.o(.text)
    RCC_USBCLKConfig                         0x0800091d   Thumb Code     8  stm32f10x_rcc.o(.text)
    RCC_ADCCLKConfig                         0x08000925   Thumb Code    18  stm32f10x_rcc.o(.text)
    RCC_LSEConfig                            0x08000937   Thumb Code    50  stm32f10x_rcc.o(.text)
    RCC_LSICmd                               0x08000969   Thumb Code     6  stm32f10x_rcc.o(.text)
    RCC_RTCCLKConfig                         0x0800096f   Thumb Code    12  stm32f10x_rcc.o(.text)
    RCC_RTCCLKCmd                            0x0800097b   Thumb Code     8  stm32f10x_rcc.o(.text)
    RCC_GetClocksFreq                        0x08000983   Thumb Code   192  stm32f10x_rcc.o(.text)
    RCC_AHBPeriphClockCmd                    0x08000a43   Thumb Code    26  stm32f10x_rcc.o(.text)
    RCC_APB2PeriphClockCmd                   0x08000a5d   Thumb Code    26  stm32f10x_rcc.o(.text)
    RCC_APB1PeriphClockCmd                   0x08000a77   Thumb Code    26  stm32f10x_rcc.o(.text)
    RCC_APB2PeriphResetCmd                   0x08000a91   Thumb Code    26  stm32f10x_rcc.o(.text)
    RCC_APB1PeriphResetCmd                   0x08000aab   Thumb Code    26  stm32f10x_rcc.o(.text)
    RCC_BackupResetCmd                       0x08000ac5   Thumb Code     8  stm32f10x_rcc.o(.text)
    RCC_ClockSecuritySystemCmd               0x08000acd   Thumb Code     6  stm32f10x_rcc.o(.text)
    RCC_MCOConfig                            0x08000ad3   Thumb Code     6  stm32f10x_rcc.o(.text)
    RCC_ClearFlag                            0x08000ad9   Thumb Code    14  stm32f10x_rcc.o(.text)
    RCC_GetITStatus                          0x08000ae7   Thumb Code    20  stm32f10x_rcc.o(.text)
    RCC_ClearITPendingBit                    0x08000afb   Thumb Code     6  stm32f10x_rcc.o(.text)
    USART_DeInit                             0x08000b25   Thumb Code   134  stm32f10x_usart.o(.text)
    USART_Init                               0x08000bab   Thumb Code   210  stm32f10x_usart.o(.text)
    USART_StructInit                         0x08000c7d   Thumb Code    24  stm32f10x_usart.o(.text)
    USART_ClockInit                          0x08000c95   Thumb Code    34  stm32f10x_usart.o(.text)
    USART_ClockStructInit                    0x08000cb7   Thumb Code    12  stm32f10x_usart.o(.text)
    USART_Cmd                                0x08000cc3   Thumb Code    24  stm32f10x_usart.o(.text)
    USART_ITConfig                           0x08000cdb   Thumb Code    74  stm32f10x_usart.o(.text)
    USART_DMACmd                             0x08000d25   Thumb Code    18  stm32f10x_usart.o(.text)
    USART_SetAddress                         0x08000d37   Thumb Code    18  stm32f10x_usart.o(.text)
    USART_WakeUpConfig                       0x08000d49   Thumb Code    18  stm32f10x_usart.o(.text)
    USART_ReceiverWakeUpCmd                  0x08000d5b   Thumb Code    24  stm32f10x_usart.o(.text)
    USART_LINBreakDetectLengthConfig         0x08000d73   Thumb Code    18  stm32f10x_usart.o(.text)
    USART_LINCmd                             0x08000d85   Thumb Code    24  stm32f10x_usart.o(.text)
    USART_SendData                           0x08000d9d   Thumb Code     8  stm32f10x_usart.o(.text)
    USART_ReceiveData                        0x08000da5   Thumb Code    10  stm32f10x_usart.o(.text)
    USART_SendBreak                          0x08000daf   Thumb Code    10  stm32f10x_usart.o(.text)
    USART_SetGuardTime                       0x08000db9   Thumb Code    16  stm32f10x_usart.o(.text)
    USART_SetPrescaler                       0x08000dc9   Thumb Code    16  stm32f10x_usart.o(.text)
    USART_SmartCardCmd                       0x08000dd9   Thumb Code    24  stm32f10x_usart.o(.text)
    USART_SmartCardNACKCmd                   0x08000df1   Thumb Code    24  stm32f10x_usart.o(.text)
    USART_HalfDuplexCmd                      0x08000e09   Thumb Code    24  stm32f10x_usart.o(.text)
    USART_OverSampling8Cmd                   0x08000e21   Thumb Code    22  stm32f10x_usart.o(.text)
    USART_OneBitMethodCmd                    0x08000e37   Thumb Code    24  stm32f10x_usart.o(.text)
    USART_IrDAConfig                         0x08000e4f   Thumb Code    18  stm32f10x_usart.o(.text)
    USART_IrDACmd                            0x08000e61   Thumb Code    24  stm32f10x_usart.o(.text)
    USART_GetFlagStatus                      0x08000e79   Thumb Code    26  stm32f10x_usart.o(.text)
    USART_ClearFlag                          0x08000e93   Thumb Code    18  stm32f10x_usart.o(.text)
    USART_GetITStatus                        0x08000ea5   Thumb Code    84  stm32f10x_usart.o(.text)
    USART_ClearITPendingBit                  0x08000ef9   Thumb Code    52  stm32f10x_usart.o(.text)
    $Super$$main                             0x08001025   Thumb Code   174  main.o(.text)
    rt_heap_begin_get                        0x080011b9   Thumb Code     4  board.o(.text)
    rt_heap_end_get                          0x080011bd   Thumb Code     4  board.o(.text)
    rt_hw_board_init                         0x080011c1   Thumb Code   118  board.o(.text)
    SysTick_Handler                          0x08001237   Thumb Code    16  board.o(.text)
    rt_hw_console_output                     0x08001247   Thumb Code    74  board.o(.text)
    LED_GPIO_Config                          0x080012a9   Thumb Code    68  bsp_led.o(.text)
    USART_Config                             0x0800131b   Thumb Code   136  bsp_usart.o(.text)
    Usart_SendByte                           0x080013a3   Thumb Code    30  bsp_usart.o(.text)
    Usart_SendArray                          0x080013c1   Thumb Code    48  bsp_usart.o(.text)
    Usart_SendString                         0x080013f1   Thumb Code    42  bsp_usart.o(.text)
    Usart_SendHalfWord                       0x0800141b   Thumb Code    60  bsp_usart.o(.text)
    fputc                                    0x08001457   Thumb Code    32  bsp_usart.o(.text)
    fgetc                                    0x08001477   Thumb Code    26  bsp_usart.o(.text)
    Key_GPIO_Config                          0x08001499   Thumb Code    52  bsp_key.o(.text)
    Key_Scan                                 0x080014cd   Thumb Code    44  bsp_key.o(.text)
    rt_system_tick_init                      0x080014fd   Thumb Code     2  clock.o(.text)
    rt_tick_get                              0x080014ff   Thumb Code     6  clock.o(.text)
    rt_tick_set                              0x08001505   Thumb Code    22  clock.o(.text)
    rt_tick_increase                         0x0800151b   Thumb Code    42  clock.o(.text)
    rt_tick_from_millisecond                 0x08001545   Thumb Code    32  clock.o(.text)
    rt_components_board_init                 0x08001579   Thumb Code    20  components.o(.text)
    rt_components_init                       0x0800158d   Thumb Code    20  components.o(.text)
    main_thread_entry                        0x080015a1   Thumb Code    14  components.o(.text)
    rt_application_init                      0x080015af   Thumb Code    34  components.o(.text)
    rtthread_startup                         0x080015d1   Thumb Code    42  components.o(.text)
    main                                     0x080015fb   Thumb Code    14  components.o(.text)
    rt_thread_idle_excute                    0x0800161d   Thumb Code   128  idle.o(.text)
    rt_thread_idle_init                      0x080016a5   Thumb Code    38  idle.o(.text)
    rt_thread_idle_gethandler                0x080016cb   Thumb Code     4  idle.o(.text)
    rt_sem_init                              0x080017a5   Thumb Code    38  ipc.o(.text)
    rt_sem_detach                            0x080017cb   Thumb Code    22  ipc.o(.text)
    rt_sem_create                            0x080017e1   Thumb Code    42  ipc.o(.text)
    rt_sem_delete                            0x0800180b   Thumb Code    22  ipc.o(.text)
    rt_sem_take                              0x08001821   Thumb Code   116  ipc.o(.text)
    rt_sem_trytake                           0x08001895   Thumb Code    14  ipc.o(.text)
    rt_sem_release                           0x080018a3   Thumb Code    58  ipc.o(.text)
    rt_sem_control                           0x080018dd   Thumb Code    54  ipc.o(.text)
    rt_mutex_init                            0x08001913   Thumb Code    44  ipc.o(.text)
    rt_mutex_detach                          0x0800193f   Thumb Code    22  ipc.o(.text)
    rt_mutex_create                          0x08001955   Thumb Code    50  ipc.o(.text)
    rt_mutex_delete                          0x08001987   Thumb Code    22  ipc.o(.text)
    rt_mutex_take                            0x0800199d   Thumb Code   192  ipc.o(.text)
    rt_mutex_release                         0x08001a5d   Thumb Code   150  ipc.o(.text)
    rt_mutex_control                         0x08001af3   Thumb Code     8  ipc.o(.text)
    rt_event_init                            0x08001afb   Thumb Code    32  ipc.o(.text)
    rt_event_detach                          0x08001b1b   Thumb Code    22  ipc.o(.text)
    rt_event_create                          0x08001b31   Thumb Code    38  ipc.o(.text)
    rt_event_delete                          0x08001b57   Thumb Code    22  ipc.o(.text)
    rt_event_send                            0x08001b6d   Thumb Code   180  ipc.o(.text)
    rt_event_recv                            0x08001c21   Thumb Code   218  ipc.o(.text)
    rt_event_control                         0x08001cfb   Thumb Code    54  ipc.o(.text)
    rt_mb_init                               0x08001d31   Thumb Code    62  ipc.o(.text)
    rt_mb_detach                             0x08001d6f   Thumb Code    30  ipc.o(.text)
    rt_mb_create                             0x08001d8d   Thumb Code    82  ipc.o(.text)
    rt_mb_delete                             0x08001ddf   Thumb Code    36  ipc.o(.text)
    rt_mb_send_wait                          0x08001e03   Thumb Code   246  ipc.o(.text)
    rt_mb_send                               0x08001ef9   Thumb Code    18  ipc.o(.text)
    rt_mb_recv                               0x08001f0b   Thumb Code   244  ipc.o(.text)
    rt_mb_control                            0x08001fff   Thumb Code    66  ipc.o(.text)
    rt_mq_init                               0x08002041   Thumb Code   104  ipc.o(.text)
    rt_mq_detach                             0x080020a9   Thumb Code    22  ipc.o(.text)
    rt_mq_delete                             0x080020bf   Thumb Code    28  ipc.o(.text)
    rt_mq_create                             0x080020db   Thumb Code   128  ipc.o(.text)
    rt_mq_send                               0x0800215b   Thumb Code   140  ipc.o(.text)
    rt_mq_urgent                             0x080021e7   Thumb Code   132  ipc.o(.text)
    rt_mq_recv                               0x0800226b   Thumb Code   252  ipc.o(.text)
    rt_mq_control                            0x08002367   Thumb Code    82  ipc.o(.text)
    rt_interrupt_enter                       0x080023f5   Thumb Code    26  irq.o(.text)
    rt_interrupt_leave                       0x0800240f   Thumb Code    26  irq.o(.text)
    rt_interrupt_get_nest                    0x08002429   Thumb Code     6  irq.o(.text)
    rt_get_errno                             0x08002435   Thumb Code    32  kservice.o(.text)
    rt_set_errno                             0x08002455   Thumb Code    36  kservice.o(.text)
    _rt_errno                                0x08002479   Thumb Code    30  kservice.o(.text)
    rt_memset                                0x08002497   Thumb Code    72  kservice.o(.text)
    rt_memcpy                                0x080024df   Thumb Code   124  kservice.o(.text)
    rt_memmove                               0x0800255b   Thumb Code    66  kservice.o(.text)
    rt_memcmp                                0x0800259d   Thumb Code    38  kservice.o(.text)
    rt_strlen                                0x080025c3   Thumb Code    18  kservice.o(.text)
    rt_strstr                                0x080025d5   Thumb Code    58  kservice.o(.text)
    rt_strcasecmp                            0x0800260f   Thumb Code    48  kservice.o(.text)
    rt_strncpy                               0x0800263f   Thumb Code    52  kservice.o(.text)
    rt_strncmp                               0x08002673   Thumb Code    40  kservice.o(.text)
    rt_strcmp                                0x0800269b   Thumb Code    28  kservice.o(.text)
    rt_strnlen                               0x080026b7   Thumb Code    24  kservice.o(.text)
    rt_strdup                                0x080026cf   Thumb Code    40  kservice.o(.text)
    rt_vsnprintf                             0x080028af   Thumb Code   800  kservice.o(.text)
    rt_kprintf                               0x08002bcf   Thumb Code    44  kservice.o(.text)
    rt_show_version                          0x08002bfb   Thumb Code    38  kservice.o(.text)
    rt_snprintf                              0x08002c21   Thumb Code    38  kservice.o(.text)
    rt_vsprintf                              0x08002c47   Thumb Code    22  kservice.o(.text)
    rt_sprintf                               0x08002c5d   Thumb Code    34  kservice.o(.text)
    rt_kputs                                 0x08002c7f   Thumb Code    18  kservice.o(.text)
    rt_malloc_align                          0x08002c91   Thumb Code    66  kservice.o(.text)
    rt_free_align                            0x08002cd3   Thumb Code    16  kservice.o(.text)
    __rt_ffs                                 0x08002ce3   Thumb Code    70  kservice.o(.text)
    rt_system_heap_init                      0x08002e2d   Thumb Code   160  mem.o(.text)
    rt_malloc                                0x08002ecd   Thumb Code   336  mem.o(.text)
    rt_free                                  0x0800301d   Thumb Code   128  mem.o(.text)
    rt_realloc                               0x0800309d   Thumb Code   448  mem.o(.text)
    rt_calloc                                0x0800325d   Thumb Code    34  mem.o(.text)
    rt_memory_info                           0x0800327f   Thumb Code    26  mem.o(.text)
    rt_system_object_init                    0x080032c5   Thumb Code     2  object.o(.text)
    rt_object_get_information                0x080032c7   Thumb Code    36  object.o(.text)
    rt_object_init                           0x080032eb   Thumb Code    60  object.o(.text)
    rt_object_detach                         0x08003327   Thumb Code    26  object.o(.text)
    rt_object_allocate                       0x08003341   Thumb Code    74  object.o(.text)
    rt_object_delete                         0x0800338b   Thumb Code    32  object.o(.text)
    rt_object_is_systemobject                0x080033ab   Thumb Code    18  object.o(.text)
    rt_object_find                           0x080033bd   Thumb Code    86  object.o(.text)
    rt_system_scheduler_init                 0x08003419   Thumb Code    52  scheduler.o(.text)
    rt_system_scheduler_start                0x0800344d   Thumb Code    36  scheduler.o(.text)
    rt_schedule                              0x08003471   Thumb Code   118  scheduler.o(.text)
    rt_schedule_insert_thread                0x080034e7   Thumb Code    72  scheduler.o(.text)
    rt_schedule_remove_thread                0x0800352f   Thumb Code    76  scheduler.o(.text)
    rt_enter_critical                        0x0800357b   Thumb Code    28  scheduler.o(.text)
    rt_exit_critical                         0x08003597   Thumb Code    54  scheduler.o(.text)
    rt_critical_level                        0x080035cd   Thumb Code     8  scheduler.o(.text)
    rt_thread_exit                           0x08003619   Thumb Code    76  thread.o(.text)
    rt_thread_timeout                        0x08003665   Thumb Code    32  thread.o(.text)
    rt_thread_init                           0x08003705   Thumb Code    52  thread.o(.text)
    rt_thread_self                           0x08003739   Thumb Code     6  thread.o(.text)
    rt_thread_resume                         0x0800373f   Thumb Code    60  thread.o(.text)
    rt_thread_startup                        0x0800377b   Thumb Code    44  thread.o(.text)
    rt_thread_detach                         0x080037a7   Thumb Code    70  thread.o(.text)
    rt_thread_create                         0x080037ed   Thumb Code    80  thread.o(.text)
    rt_thread_delete                         0x0800383d   Thumb Code    60  thread.o(.text)
    rt_thread_yield                          0x08003879   Thumb Code    92  thread.o(.text)
    rt_thread_suspend                        0x080038d5   Thumb Code    68  thread.o(.text)
    rt_thread_sleep                          0x08003919   Thumb Code    62  thread.o(.text)
    rt_thread_delay                          0x08003957   Thumb Code    12  thread.o(.text)
    rt_thread_control                        0x08003963   Thumb Code   118  thread.o(.text)
    rt_thread_find                           0x080039d9   Thumb Code    94  thread.o(.text)
    rt_timer_init                            0x08003ad3   Thumb Code    46  timer.o(.text)
    rt_timer_detach                          0x08003b01   Thumb Code    32  timer.o(.text)
    rt_timer_create                          0x08003b21   Thumb Code    54  timer.o(.text)
    rt_timer_delete                          0x08003b57   Thumb Code    32  timer.o(.text)
    rt_timer_start                           0x08003b77   Thumb Code   238  timer.o(.text)
    rt_timer_stop                            0x08003c65   Thumb Code    48  timer.o(.text)
    rt_timer_control                         0x08003c95   Thumb Code    56  timer.o(.text)
    rt_timer_check                           0x08003ccd   Thumb Code   118  timer.o(.text)
    rt_timer_next_timeout_tick               0x08003d43   Thumb Code    10  timer.o(.text)
    rt_system_timer_init                     0x08003d4d   Thumb Code    24  timer.o(.text)
    rt_system_timer_thread_init              0x08003d65   Thumb Code     2  timer.o(.text)
    rt_hw_interrupt_disable                  0x08003d85   Thumb Code     8  context_rvds.o(.text)
    rt_hw_interrupt_enable                   0x08003d8d   Thumb Code     6  context_rvds.o(.text)
    rt_hw_context_switch                     0x08003d93   Thumb Code    32  context_rvds.o(.text)
    rt_hw_context_switch_interrupt           0x08003d93   Thumb Code     0  context_rvds.o(.text)
    PendSV_Handler                           0x08003db3   Thumb Code    60  context_rvds.o(.text)
    rt_hw_context_switch_to                  0x08003def   Thumb Code    58  context_rvds.o(.text)
    rt_hw_interrupt_thread_switch            0x08003e29   Thumb Code     2  context_rvds.o(.text)
    HardFault_Handler                        0x08003e2b   Thumb Code    48  context_rvds.o(.text)
    rt_hw_stack_init                         0x08003e75   Thumb Code    70  cpuport.o(.text)
    rt_hw_exception_install                  0x08003ebb   Thumb Code     6  cpuport.o(.text)
    rt_hw_hard_fault_exception               0x08003ec1   Thumb Code   190  cpuport.o(.text)
    rt_hw_cpu_shutdown                       0x08003f7f   Thumb Code    10  cpuport.o(.text)
    __scatterload                            0x080040dd   Thumb Code    28  init.o(.text)
    __scatterload_rt2                        0x080040dd   Thumb Code     0  init.o(.text)
    __decompress                             0x08004101   Thumb Code     0  __dczerorl2.o(.text)
    __decompress1                            0x08004101   Thumb Code    86  __dczerorl2.o(.text)
    __scatterload_copy                       0x08004157   Thumb Code    14  handlers.o(i.__scatterload_copy)
    __scatterload_null                       0x08004165   Thumb Code     2  handlers.o(i.__scatterload_null)
    __scatterload_zeroinit                   0x08004167   Thumb Code    14  handlers.o(i.__scatterload_zeroinit)
    __lowest_bit_bitmap                      0x08004174   Data         256  kservice.o(.constdata)
    __rt_init_rti_start                      0x08004298   Data           4  components.o(.rti_fn.0)
    __rt_init_rti_board_start                0x0800429c   Data           4  components.o(.rti_fn.0.end)
    __rt_init_rti_board_end                  0x080042a0   Data           4  components.o(.rti_fn.1.end)
    __rt_init_rti_end                        0x080042a4   Data           4  components.o(.rti_fn.6.end)
    Region$$Table$$Base                      0x080042a8   Number         0  anon$$obj.o(Region$$Table)
    Region$$Table$$Limit                     0x080042c8   Number         0  anon$$obj.o(Region$$Table)
    SystemCoreClock                          0x20000000   Data           4  system_stm32f10x.o(.data)
    AHBPrescTable                            0x20000004   Data          16  system_stm32f10x.o(.data)
    test_str1                                0x20000040   Data          22  main.o(.data)
    test_str2                                0x20000056   Data          22  main.o(.data)
    rt_interrupt_nest                        0x20000070   Data           1  irq.o(.data)
    rt_current_thread                        0x20000104   Data           4  scheduler.o(.data)
    rt_current_priority                      0x20000108   Data           1  scheduler.o(.data)
    rt_thread_ready_priority_group           0x2000010c   Data           4  scheduler.o(.data)
    rt_thread_defunct                        0x20000110   Data           8  scheduler.o(.data)
    rt_interrupt_from_thread                 0x20000124   Data           4  cpuport.o(.data)
    rt_interrupt_to_thread                   0x20000128   Data           4  cpuport.o(.data)
    rt_thread_switch_interrupt_flag          0x2000012c   Data           4  cpuport.o(.data)
    rt_thread_priority_table                 0x20001354   Data          64  scheduler.o(.bss)
    __initial_sp                             0x20001798   Data           0  startup_stm32f10x_hd.o(STACK)



==============================================================================

Memory Map of the image

  Image Entry point : 0x08000131

  Load Region LR_IROM1 (Base: 0x08000000, Size: 0x000043fc, Max: 0x00080000, ABSOLUTE, COMPRESSED[0x0000433c])

    Execution Region ER_IROM1 (Exec base: 0x08000000, Load base: 0x08000000, Size: 0x000042c8, Max: 0x00080000, ABSOLUTE)

    Exec Addr    Load Addr    Size         Type   Attr      Idx    E Section Name        Object

    0x08000000   0x08000000   0x00000130   Data   RO            3    RESET               startup_stm32f10x_hd.o
    0x08000130   0x08000130   0x00000000   Code   RO          795  * .ARM.Collect$$$$00000000  mc_w.l(entry.o)
    0x08000130   0x08000130   0x00000004   Code   RO          798    .ARM.Collect$$$$00000001  mc_w.l(entry2.o)
    0x08000134   0x08000134   0x00000004   Code   RO          801    .ARM.Collect$$$$00000004  mc_w.l(entry5.o)
    0x08000138   0x08000138   0x00000000   Code   RO          803    .ARM.Collect$$$$00000008  mc_w.l(entry7b.o)
    0x08000138   0x08000138   0x00000000   Code   RO          805    .ARM.Collect$$$$0000000A  mc_w.l(entry8b.o)
    0x08000138   0x08000138   0x00000008   Code   RO          806    .ARM.Collect$$$$0000000B  mc_w.l(entry9a.o)
    0x08000140   0x08000140   0x00000000   Code   RO          808    .ARM.Collect$$$$0000000D  mc_w.l(entry10a.o)
    0x08000140   0x08000140   0x00000000   Code   RO          810    .ARM.Collect$$$$0000000F  mc_w.l(entry11a.o)
    0x08000140   0x08000140   0x00000004   Code   RO          799    .ARM.Collect$$$$00002712  mc_w.l(entry2.o)
    0x08000144   0x08000144   0x00000024   Code   RO            4    .text               startup_stm32f10x_hd.o
    0x08000168   0x08000168   0x000001e0   Code   RO           24    .text               system_stm32f10x.o
    0x08000348   0x08000348   0x000000dc   Code   RO           64    .text               misc.o
    0x08000424   0x08000424   0x0000035c   Code   RO          245    .text               stm32f10x_gpio.o
    0x08000780   0x08000780   0x000003a4   Code   RO          302    .text               stm32f10x_rcc.o
    0x08000b24   0x08000b24   0x00000408   Code   RO          376    .text               stm32f10x_usart.o
    0x08000f2c   0x08000f2c   0x0000028c   Code   RO          403    .text               main.o
    0x080011b8   0x080011b8   0x000000f0   Code   RO          494    .text               board.o
    0x080012a8   0x080012a8   0x0000004c   Code   RO          515    .text               bsp_led.o
    0x080012f4   0x080012f4   0x000001a4   Code   RO          527    .text               bsp_usart.o
    0x08001498   0x08001498   0x00000064   Code   RO          543    .text               bsp_key.o
    0x080014fc   0x080014fc   0x0000006c   Code   RO          561    .text               clock.o
    0x08001568   0x08001568   0x000000b4   Code   RO          575    .text               components.o
    0x0800161c   0x0800161c   0x000000dc   Code   RO          599    .text               idle.o
    0x080016f8   0x080016f8   0x00000cfa   Code   RO          617    .text               ipc.o
    0x080023f2   0x080023f2   0x00000002   PAD
    0x080023f4   0x080023f4   0x00000040   Code   RO          632    .text               irq.o
    0x08002434   0x08002434   0x0000098c   Code   RO          647    .text               kservice.o
    0x08002dc0   0x08002dc0   0x000004e4   Code   RO          664    .text               mem.o
    0x080032a4   0x080032a4   0x00000174   Code   RO          691    .text               object.o
    0x08003418   0x08003418   0x000001e0   Code   RO          708    .text               scheduler.o
    0x080035f8   0x080035f8   0x0000043e   Code   RO          743    .text               thread.o
    0x08003a36   0x08003a36   0x00000002   PAD
    0x08003a38   0x08003a38   0x0000034c   Code   RO          759    .text               timer.o
    0x08003d84   0x08003d84   0x000000f0   Code   RO          776    .text               context_rvds.o
    0x08003e74   0x08003e74   0x00000268   Code   RO          780    .text               cpuport.o
    0x080040dc   0x080040dc   0x00000024   Code   RO          812    .text               mc_w.l(init.o)
    0x08004100   0x08004100   0x00000056   Code   RO          822    .text               mc_w.l(__dczerorl2.o)
    0x08004156   0x08004156   0x0000000e   Code   RO          816    i.__scatterload_copy  mc_w.l(handlers.o)
    0x08004164   0x08004164   0x00000002   Code   RO          817    i.__scatterload_null  mc_w.l(handlers.o)
    0x08004166   0x08004166   0x0000000e   Code   RO          818    i.__scatterload_zeroinit  mc_w.l(handlers.o)
    0x08004174   0x08004174   0x00000122   Data   RO          649    .constdata          kservice.o
    0x08004296   0x08004296   0x00000002   PAD
    0x08004298   0x08004298   0x00000004   Data   RO          576    .rti_fn.0           components.o
    0x0800429c   0x0800429c   0x00000004   Data   RO          577    .rti_fn.0.end       components.o
    0x080042a0   0x080042a0   0x00000004   Data   RO          578    .rti_fn.1.end       components.o
    0x080042a4   0x080042a4   0x00000004   Data   RO          579    .rti_fn.6.end       components.o
    0x080042a8   0x080042a8   0x00000020   Data   RO          814    Region$$Table       anon$$obj.o


    Execution Region RW_IRAM1 (Exec base: 0x20000000, Load base: 0x080042c8, Size: 0x00001798, Max: 0x00010000, ABSOLUTE, COMPRESSED[0x00000074])

    Exec Addr    Load Addr    Size         Type   Attr      Idx    E Section Name        Object

    0x20000000   COMPRESSED   0x00000014   Data   RW           25    .data               system_stm32f10x.o
    0x20000014   COMPRESSED   0x00000014   Data   RW          303    .data               stm32f10x_rcc.o
    0x20000028   COMPRESSED   0x00000044   Data   RW          404    .data               main.o
    0x2000006c   COMPRESSED   0x00000004   Data   RW          562    .data               clock.o
    0x20000070   COMPRESSED   0x00000001   Data   RW          633    .data               irq.o
    0x20000071   COMPRESSED   0x00000003   PAD
    0x20000074   COMPRESSED   0x00000004   Data   RW          650    .data               kservice.o
    0x20000078   COMPRESSED   0x00000018   Data   RW          666    .data               mem.o
    0x20000090   COMPRESSED   0x00000070   Data   RW          692    .data               object.o
    0x20000100   COMPRESSED   0x00000018   Data   RW          710    .data               scheduler.o
    0x20000118   COMPRESSED   0x0000000c   Data   RW          760    .data               timer.o
    0x20000124   COMPRESSED   0x00000010   Data   RW          781    .data               cpuport.o
    0x20000134        -       0x00001000   Zero   RW          495    .bss                board.o
    0x20001134        -       0x00000180   Zero   RW          600    .bss                idle.o
    0x200012b4        -       0x00000080   Zero   RW          648    .bss                kservice.o
    0x20001334        -       0x00000020   Zero   RW          665    .bss                mem.o
    0x20001354        -       0x00000040   Zero   RW          709    .bss                scheduler.o
    0x20001394   COMPRESSED   0x00000004   PAD
    0x20001398        -       0x00000400   Zero   RW            1    STACK               startup_stm32f10x_hd.o


==============================================================================

Image component sizes


      Code (inc. data)   RO Data    RW Data    ZI Data      Debug   Object Name

       240         24          0          0       4096      17065   board.o
       100          4          0          0          0       1171   bsp_key.o
        76          8          0          0          0        546   bsp_led.o
       420          8          0          0          0       3914   bsp_usart.o
       108          4          0          4          0       1492   clock.o
       180         20         16          0          0       2626   components.o
       240         26          0          0          0        808   context_rvds.o
         0          0          0          0          0       4508   core_cm3.o
       616        340          0         16          0       3263   cpuport.o
       220         26          0          0        384       4302   idle.o
      3322          0          0          0          0      18255   ipc.o
        64          6          0          1          0       1490   irq.o
      2444        164        290          4        128      11104   kservice.o
       652        230          0         68          0       8297   main.o
      1252        186          0         24         32       4068   mem.o
       220         22          0          0          0       1853   misc.o
       372          6          0        112          0       6087   object.o
       480         30          0         24         64       5648   scheduler.o
        36          8        304          0       1024        884   startup_stm32f10x_hd.o
       860         38          0          0          0       5785   stm32f10x_gpio.o
       932         36          0         20          0       8988   stm32f10x_rcc.o
      1032         22          0          0          0       8512   stm32f10x_usart.o
       480         38          0         20          0     230063   system_stm32f10x.o
      1086         12          0          0          0       8705   thread.o
       844          8          0         12          0       7657   timer.o

    ----------------------------------------------------------------------
     16280       1266        644        308       5732     367091   Object Totals
         0          0         32          0          0          0   (incl. Generated)
         4          0          2          3          4          0   (incl. Padding)

    ----------------------------------------------------------------------

      Code (inc. data)   RO Data    RW Data    ZI Data      Debug   Library Member Name

        86          0          0          0          0          0   __dczerorl2.o
         0          0          0          0          0          0   entry.o
         0          0          0          0          0          0   entry10a.o
         0          0          0          0          0          0   entry11a.o
         8          4          0          0          0          0   entry2.o
         4          0          0          0          0          0   entry5.o
         0          0          0          0          0          0   entry7b.o
         0          0          0          0          0          0   entry8b.o
         8          4          0          0          0          0   entry9a.o
        30          0          0          0          0          0   handlers.o
        36          8          0          0          0         68   init.o

    ----------------------------------------------------------------------
       172         16          0          0          0         68   Library Totals
         0          0          0          0          0          0   (incl. Padding)

    ----------------------------------------------------------------------

      Code (inc. data)   RO Data    RW Data    ZI Data      Debug   Library Name

       172         16          0          0          0         68   mc_w.l

    ----------------------------------------------------------------------
       172         16          0          0          0         68   Library Totals

    ----------------------------------------------------------------------

==============================================================================


      Code (inc. data)   RO Data    RW Data    ZI Data      Debug   

     16452       1282        644        308       5732     365415   Grand Totals
     16452       1282        644        116       5732     365415   ELF Image Totals (compressed)
     16452       1282        644        116          0          0   ROM Totals

==============================================================================

    Total RO  Size (Code + RO Data)                17096 (  16.70kB)
    Total RW  Size (RW Data + ZI Data)              6040 (   5.90kB)
    Total ROM Size (Code + RO Data + RW Data)      17212 (  16.81kB)

==============================================================================

